08-24 17:42:15.135   577   577 I hwservicemanager: getTransport: Cannot find entry android.hardware.graphics.mapper@3.0::IMapper/default in either framework or device manifest.
08-24 17:42:15.135  5143  5143 D ForceDarkHelper: updateByCheckExcludeList: pkg: com.android.camera activity: com.android.camera.Camera@481749b
08-24 17:42:15.135  1300  6683 W Gralloc3: mapper 3.x is not supported
08-24 17:42:15.135 29281 29297 I CloudSettingsProvider: uriMatch : 2
08-24 17:42:15.135  5143  5143 D ForceDarkHelper: updateByCheckExcludeList: pkg: com.android.camera activity: com.android.camera.Camera@481749b
08-24 17:42:15.136  5143  5143 D CAM_CameraUtil: getDisplayRect:Rect(0, 208 - 1080, 1648)
08-24 17:42:15.136  5143  5143 I chatty  : uid=10012(com.android.camera) identical 1 line
08-24 17:42:15.136  5143  5143 D CAM_CameraUtil: getDisplayRect:Rect(0, 208 - 1080, 1648)
08-24 17:42:15.137  5143  5143 D ForceDarkHelper: updateByCheckExcludeList: pkg: com.android.camera activity: com.android.camera.Camera@481749b
08-24 17:42:15.137   817   956 E libc    : Access denied finding property "sys.boot_completed"
08-24 17:42:15.137  5143  5143 D ForceDarkHelper: updateByCheckExcludeList: pkg: com.android.camera activity: com.android.camera.Camera@481749b
08-24 17:42:15.138  5143  5143 I chatty  : uid=10012(com.android.camera) identical 1 line
08-24 17:42:15.138  5143  5143 D ForceDarkHelper: updateByCheckExcludeList: pkg: com.android.camera activity: com.android.camera.Camera@481749b
08-24 17:42:15.139   882   882 E libc    : Access denied finding property "ro.hardware.fp.fod"
08-24 17:42:15.139   882   882 E libc    : Access denied finding property "ro.hardware.fp.sideCap"
08-24 17:42:15.139  5143  5143 D ForceDarkHelper: updateByCheckExcludeList: pkg: com.android.camera activity: com.android.camera.Camera@481749b
08-24 17:42:15.144  5143  5143 I chatty  : uid=10012(com.android.camera) identical 15 lines
08-24 17:42:15.144  5143  5143 D ForceDarkHelper: updateByCheckExcludeList: pkg: com.android.camera activity: com.android.camera.Camera@481749b
08-24 17:42:15.145  5143  5143 D CAM_FragmentTopAlert: onStart
08-24 17:42:15.154   882   882 E libc    : Access denied finding property "ro.hardware.fp.fod"
08-24 17:42:15.155   882   882 E libc    : Access denied finding property "ro.hardware.fp.sideCap"
08-24 17:42:15.173   882   882 E libc    : Access denied finding property "ro.hardware.fp.fod"
08-24 17:42:15.173   882   882 E libc    : Access denied finding property "ro.hardware.fp.sideCap"
08-24 17:42:15.190   882   882 E libc    : Access denied finding property "ro.hardware.fp.fod"
08-24 17:42:15.190   882   882 E libc    : Access denied finding property "ro.hardware.fp.sideCap"
08-24 17:42:15.205   882   882 E libc    : Access denied finding property "ro.hardware.fp.fod"
08-24 17:42:15.205   882   882 E libc    : Access denied finding property "ro.hardware.fp.sideCap"
08-24 17:42:15.222   882   882 E libc    : Access denied finding property "ro.hardware.fp.fod"
08-24 17:42:15.222   882   882 E libc    : Access denied finding property "ro.hardware.fp.sideCap"
08-24 17:42:15.224   577   577 I hwservicemanager: getTransport: Cannot find entry android.hardware.graphics.mapper@3.0::IMapper/default in either framework or device manifest.
08-24 17:42:15.238   882   882 E libc    : Access denied finding property "ro.hardware.fp.fod"
08-24 17:42:15.238   882   882 E libc    : Access denied finding property "ro.hardware.fp.sideCap"
08-24 17:42:15.239   779  1609 D CamX    : [DEBUG][CORE   ] camxsession.cpp:2369 ProcessRequest() pipeline[0] OpenRequest called for request id = 1
08-24 17:42:15.242   779  1611 D CamX    : [DEBUG][CORE   ] camxsession.cpp:2369 ProcessRequest() pipeline[0] OpenRequest called for request id = 2
08-24 17:42:15.242   779  1609 D CamX    : [DEBUG][STATS  ] camxcawbstatsprocessor.cpp:575 IsValidAlgoOutput() gains from algo for ReqId :1 Red  = 1.931849, green  = 1.000000, blue  = 1.873595
08-24 17:42:15.244   779  1608 E CamX    : [ERROR][ISP    ] lsc34setting.cpp:154 CalculateTintlessSetting() ERROR!!! input 0xc3d8fc40,pData 0xd94c2ed8,pOutput 0xd94c0404, tintless Config 0xca673070,0xd9af2ac8,0x0,0xc9ed5850
08-24 17:42:15.245   779  1610 E CamX    : [ERROR][STATS_AEC] camxcaecstatsprocessor.cpp:1653 SetAlgoBayerHistValue() Unsupported bayer hist channel!
08-24 17:42:15.246   779  1610 D CamX    : [DEBUG][STATS  ] camxcawbstatsprocessor.cpp:575 IsValidAlgoOutput() gains from algo for ReqId :2 Red  = 1.931849, green  = 1.000000, blue  = 1.873595
08-24 17:42:15.246   779  1610 D CamX    : [DEBUG][CORE   ] camxsession.cpp:2369 ProcessRequest() pipeline[0] OpenRequest called for request id = 3
08-24 17:42:15.248   779  1609 E CamX    : [ERROR][ISP    ] lsc34setting.cpp:154 CalculateTintlessSetting() ERROR!!! input 0xc3d8fc40,pData 0xd93c1ed8,pOutput 0xd93bf404, tintless Config 0xca673070,0xd9af2ac8,0x0,0xc9ed5850
08-24 17:42:15.249   779  1609 D CamX    : [DEBUG][STATS  ] camxcawbstatsprocessor.cpp:575 IsValidAlgoOutput() gains from algo for ReqId :3 Red  = 1.931849, green  = 1.000000, blue  = 1.873595
08-24 17:42:15.250   779  1608 E CamX    : [ERROR][ISP    ] lsc34setting.cpp:154 CalculateTintlessSetting() ERROR!!! input 0xc3d8fc40,pData 0xd94c2ed8,pOutput 0xd94c0404, tintless Config 0xca673070,0xd9af2ac8,0x0,0xc9ed5850
08-24 17:42:15.252   779  1610 D CamX    : [DEBUG][CORE   ] camxsession.cpp:2369 ProcessRequest() pipeline[0] OpenRequest called for request id = 4
08-24 17:42:15.254   779  1608 D CamX    : [DEBUG][STATS  ] camxcawbstatsprocessor.cpp:575 IsValidAlgoOutput() gains from algo for ReqId :4 Red  = 1.931849, green  = 1.000000, blue  = 1.873595
08-24 17:42:15.257   882   882 E libc    : Access denied finding property "ro.hardware.fp.fod"
08-24 17:42:15.257   882   882 E libc    : Access denied finding property "ro.hardware.fp.sideCap"
08-24 17:42:15.263   779  1608 D CamX    : [DEBUG][CORE   ] camxsession.cpp:2369 ProcessRequest() pipeline[0] OpenRequest called for request id = 5
08-24 17:42:15.274   882   882 E libc    : Access denied finding property "ro.hardware.fp.fod"
08-24 17:42:15.274   882   882 E libc    : Access denied finding property "ro.hardware.fp.sideCap"
08-24 17:42:15.290   882   882 E libc    : Access denied finding property "ro.hardware.fp.fod"
08-24 17:42:15.290   882   882 E libc    : Access denied finding property "ro.hardware.fp.sideCap"
08-24 17:42:15.305   882   882 E libc    : Access denied finding property "ro.hardware.fp.fod"
08-24 17:42:15.305   882   882 E libc    : Access denied finding property "ro.hardware.fp.sideCap"
08-24 17:42:15.320  1284  1511 I ThermalEngine: ACTION: CPU - Setting CPU[4] to 3
08-24 17:42:15.322   882   882 E libc    : Access denied finding property "ro.hardware.fp.fod"
08-24 17:42:15.322   882   882 E libc    : Access denied finding property "ro.hardware.fp.sideCap"
08-24 17:42:15.339   882   882 E libc    : Access denied finding property "ro.hardware.fp.fod"
08-24 17:42:15.339   882   882 E libc    : Access denied finding property "ro.hardware.fp.sideCap"
08-24 17:42:15.355   882   882 E libc    : Access denied finding property "ro.hardware.fp.fod"
08-24 17:42:15.355   882   882 E libc    : Access denied finding property "ro.hardware.fp.sideCap"
08-24 17:42:15.366   779   982 E CHIUSECASE: chxadvancedcamerausecase.cpp:4093 FindFeatureToProcessMessage() FindFeatureToProcessMessage pFeature is NULL!
08-24 17:42:15.372   779  1611 E CamX    : [ERROR][ISP    ] lsc34setting.cpp:154 CalculateTintlessSetting() ERROR!!! input 0xc3d8fc40,pData 0xd91bfed8,pOutput 0xd91bd404, tintless Config 0xca673070,0xd9af2ac8,0x0,0xc9ed5850
08-24 17:42:15.372   882   882 E libc    : Access denied finding property "ro.hardware.fp.fod"
08-24 17:42:15.372   882   882 E libc    : Access denied finding property "ro.hardware.fp.sideCap"
08-24 17:42:15.378   779  1608 E cp      : TONEMAPPROF-DRC gain compensated : gamma_factor 1.100000, gain_factor 1.000000
08-24 17:42:15.384   779  1608 E CHISKINBEAUTIER: ChiSkinBeautifierNode: beautyPrams i:0
08-24 17:42:15.389   882   882 E libc    : Access denied finding property "ro.hardware.fp.fod"
08-24 17:42:15.389   882   882 E libc    : Access denied finding property "ro.hardware.fp.sideCap"
08-24 17:42:15.390  5143  6757 D CAM_Camera2DataContainer: getActualOpenCameraId: mode=a3, id=0->0
08-24 17:42:15.390   779  1608 D CamX    : [DEBUG][CORE   ] camxsession.cpp:2369 ProcessRequest() pipeline[0] OpenRequest called for request id = 6
08-24 17:42:15.390  5143  6757 D CAM_CameraScreenNail: onFrameAvailable first frame arrived.
08-24 17:42:15.390  5143  6757 W CAM_ScenarioTrackUtil: track SwitchCameraTime event end cancel, due to scenario has not started!
08-24 17:42:15.390  5143  6757 W CAM_ScenarioTrackUtil: track SwitchModeTime event end cancel, due to scenario has not started!
08-24 17:42:15.393  5143  6670 V CAM_Decoder: preview frame buffer received... mDecodingCount = 1
08-24 17:42:15.393  5143  5181 D CAM_MiCamera2: onCaptureCompleted Sequence: 0 first frame received
08-24 17:42:15.393  5143  6670 V CAM_PreviewImage: convertYUV420888ToNV21: size = 1920x1080, yStride = 1920, uvStride = 1920
08-24 17:42:15.393  5143  5181 D CAM_MiCamera2: setState: 1
08-24 17:42:15.393  5143  5181 D CAM_MiCamera2: processAfResult: afState changed from -1 to 0
08-24 17:42:15.393  5143  5181 W CAM_MiCamera2: isFocusLocked: 0
08-24 17:42:15.394  5143  5180 W CameraMetadataJV: Expect face scores and rectangles to be non-null
08-24 17:42:15.394  5143  5180 W CameraMetadataJV: Expect face scores and rectangles to be non-null
08-24 17:42:15.395  5143  6757 D CAM_MistatsWrapper: functionKey:key_camera_performance
08-24 17:42:15.395  5143  6757 D CAM_MistatsWrapper: mapKey:attr_sensor_id  mapValue:back
08-24 17:42:15.395  5143  6757 D CAM_MistatsWrapper: mapKey:attr_feature_name  mapValue:start_app_cost
08-24 17:42:15.395  5143  6757 D CAM_MistatsWrapper: mapKey:attr_cost_time  mapValue:1550
08-24 17:42:15.395  5143  6757 D CAM_MistatsWrapper: mapKey:attr_module_name  mapValue:M_capture_
08-24 17:42:15.399   779   982 E CHIUSECASE: chxadvancedcamerausecase.cpp:4093 FindFeatureToProcessMessage() FindFeatureToProcessMessage pFeature is NULL!
08-24 17:42:15.400  5143  6757 D CAM_ActivityBase: onFrameAvailable: trackStartAppCost: 1529
08-24 17:42:15.401  5143  6757 D CAM_BaseModule: enableCameraControls: enable = true, caller: com.android.camera.Camera.notifyOnFirstFrameArrived:6 
08-24 17:42:15.401  5143  5143 D CAM_FragmentBottomAction: setClickEnable: true
08-24 17:42:15.401  5143  5143 D CAM_CameraSnapView: setClickEnable: true
08-24 17:42:15.403  1284  1510 I ThermalEngine: handle_thresh_sig: TM Id CAMERA-SKIN-BATTERY-MONITOR Sensor xo_therm Temp 36093
08-24 17:42:15.403  1284  1510 I ThermalEngine: TM Id 'CAMERA-SKIN-BATTERY-MONITOR' Sensor 'xo_therm' - alarm  raised 3 at 36.0 degC
08-24 17:42:15.406  1284  1510 I ThermalEngine: j=0 i=2 TM Id CAMERA-SKIN-BATTERY-MONITOR Sensor xo_therm: Action battery value 2
08-24 17:42:15.406   882   882 E libc    : Access denied finding property "ro.hardware.fp.fod"
08-24 17:42:15.406  1284  1510 I ThermalEngine: ACTION: BATTERY - Setting battery charging mitigation to 5
08-24 17:42:15.406  1284  1510 I ThermalEngine: Mitigation:Battery:5
08-24 17:42:15.406   882   882 E libc    : Access denied finding property "ro.hardware.fp.sideCap"
08-24 17:42:15.407  5143  6670 D CAM_PreviewImage: PreviewDecodeManager convertYUV420ToNV21: cost = 14ms
08-24 17:42:15.407  5143  6687 D CAM_QrDecoder: decode E: previewImage is null? false
08-24 17:42:15.410  5143  5143 D ForceDarkHelper: updateByCheckExcludeList: pkg: com.android.camera activity: com.android.camera.Camera@481749b
08-24 17:42:15.410  5143  5143 D ForceDarkHelper: updateByCheckExcludeList: pkg: com.android.camera activity: com.android.camera.Camera@481749b
08-24 17:42:15.411  6723  6816 W om.miui.galler: Long monitor contention with owner glide-disk-cache-thread-0 (6806) at boolean libcore.io.Linux.access(java.lang.String, int)(Linux.java:-2) waiters=0 in com.bumptech.glide.disklrucache.DiskLruCache com.miui.gallery.glide.load.engine.cache.DiskLruCacheProxy.getDiskCache(com.bumptech.glide.load.Key) for 700ms
08-24 17:42:15.411  6723  6723 W Glide   : Load failed for 2131231423 with size [-2147483648x-2147483648]
08-24 17:42:15.411  6723  6723 W Glide   : class com.bumptech.glide.load.engine.GlideException: Failed to load resource
08-24 17:42:15.411  5143  5143 D CAM_FragmentMainContent: setClickEnable: true
08-24 17:42:15.411  5143  5143 D CAM_Camera2DataContainer: getActualOpenCameraId: mode=a3, id=0->0
08-24 17:42:15.412  5143  5143 I CAM_FragmentMainContent: updateCinematicPhotoSwitched isSwitchOn : false
08-24 17:42:15.412  5143  5143 D CAM_FocusView: onCameraOpen>>
08-24 17:42:15.412  5143  5143 D CAM_CameraUtil: getDisplayRect:Rect(0, 208 - 1080, 2128)
08-24 17:42:15.412  5143  5143 D CAM_CameraUtil: getDisplayRect:Rect(0, 208 - 1080, 1648)
08-24 17:42:15.412  5143  5143 D CAM_CameraUtil: getDisplayRect:Rect(0, 208 - 1080, 2128)
08-24 17:42:15.412  5143  5143 W CAM_FocusView: onCameraOpen: adapter=com.android.camera.ui.FloatSlideAdapter@67ddaf2
08-24 17:42:15.413   779  1608 E cp      : TONEMAPPROF-DRC gain compensated : gamma_factor 1.100000, gain_factor 1.000000
08-24 17:42:15.414  5143  5143 D CAM_FragmentTopConfig: setClickEnable: true
08-24 17:42:15.415  5143  5143 D CAM_FragmentTopAlert: setClickEnable: true
08-24 17:42:15.415  5143  5143 D CAM_FragmentManually: setClickEnable: true
08-24 17:42:15.415  5143  5143 D CAM_FragmentPanorama: setClickEnable: true
08-24 17:42:15.415  5143  5143 D CAM_FragmentFullScreen: setClickEnable: true
08-24 17:42:15.415  5143  5143 D CAM_FragmentMimojiFullScreen: setClickEnable: true
08-24 17:42:15.415  5143  5143 D CAM_FragmentBottomPopupTips: setClickEnable: true
08-24 17:42:15.415  5143  5143 D CAM_FragmentSubtitle: setClickEnable: true
08-24 17:42:15.415  5143  5143 D CAM_FragmentDispatch: frameAvailable
08-24 17:42:15.416  5143  5143 D CAM_CameraCapabilities: isVideoHDR10Supported: false, because tag undefined
08-24 17:42:15.419   779  1609 E CHISKINBEAUTIER: ChiSkinBeautifierNode: beautyPrams i:0
08-24 17:42:15.423   882   882 E libc    : Access denied finding property "ro.hardware.fp.fod"
08-24 17:42:15.423   882   882 E libc    : Access denied finding property "ro.hardware.fp.sideCap"
08-24 17:42:15.429  5143  5143 D CAM_CameraUtil: getDisplayRect:Rect(0, 208 - 1080, 1648)
08-24 17:42:15.432   779   982 E CHIUSECASE: chxadvancedcamerausecase.cpp:4093 FindFeatureToProcessMessage() FindFeatureToProcessMessage pFeature is NULL!
08-24 17:42:15.433  5143  5165 W System  : A resource failed to call release. 
08-24 17:42:15.434  1318 30404 I MMParserExtractor: Created(0x28b061dd50)
08-24 17:42:15.434  5143  6664 D CAM_PipeRender: setFrameBufferSize w:1080,h:1920
08-24 17:42:15.435  5143  6664 V CAM_RawTexture: prepare textureSize=1080x1920 id=2
08-24 17:42:15.435  5143  6664 V CAM_FrameBuffer: init@2: fbo=1 tex=2 1080*1920 thread=1936
08-24 17:42:15.435  5143  6664 V CAM_RawTexture: prepare textureSize=1080x1920 id=3
08-24 17:42:15.435  5143  6664 V CAM_FrameBuffer: init@2: fbo=2 tex=3 1080*1920 thread=1936
08-24 17:42:15.439   882   882 E libc    : Access denied finding property "ro.hardware.fp.fod"
08-24 17:42:15.439   882   882 E libc    : Access denied finding property "ro.hardware.fp.sideCap"
08-24 17:42:15.440   779  1608 D CamX    : [DEBUG][CORE   ] camxsession.cpp:2369 ProcessRequest() pipeline[0] OpenRequest called for request id = 7
08-24 17:42:15.447  5143  5180 W CameraMetadataJV: Expect face scores and rectangles to be non-null
08-24 17:42:15.447  5143  5180 W CameraMetadataJV: Expect face scores and rectangles to be non-null
08-24 17:42:15.450   779  1609 E cp      : TONEMAPPROF-DRC gain compensated : gamma_factor 1.100000, gain_factor 1.000000
08-24 17:42:15.456   882   882 E libc    : Access denied finding property "ro.hardware.fp.fod"
08-24 17:42:15.456   882   882 E libc    : Access denied finding property "ro.hardware.fp.sideCap"
08-24 17:42:15.458   779  1609 E CHISKINBEAUTIER: ChiSkinBeautifierNode: beautyPrams i:0
08-24 17:42:15.466   779   982 E CHIUSECASE: chxadvancedcamerausecase.cpp:4093 FindFeatureToProcessMessage() FindFeatureToProcessMessage pFeature is NULL!
08-24 17:42:15.470  5143  5180 W CameraMetadataJV: Expect face scores and rectangles to be non-null
08-24 17:42:15.471  5143  5180 W CameraMetadataJV: Expect face scores and rectangles to be non-null
08-24 17:42:15.471   779  1609 D CamX    : [DEBUG][CORE   ] camxsession.cpp:2369 ProcessRequest() pipeline[0] OpenRequest called for request id = 8
08-24 17:42:15.472   882   882 E libc    : Access denied finding property "ro.hardware.fp.fod"
08-24 17:42:15.472   882   882 E libc    : Access denied finding property "ro.hardware.fp.sideCap"
08-24 17:42:15.477   779  1610 E cp      : TONEMAPPROF-DRC gain compensated : gamma_factor 1.100000, gain_factor 1.000000
08-24 17:42:15.479  5143  5172 I .android.camer: Waiting for a blocking GC ProfileSaver
08-24 17:42:15.484   779  1608 E CHISKINBEAUTIER: ChiSkinBeautifierNode: beautyPrams i:0
08-24 17:42:15.488   882   882 E libc    : Access denied finding property "ro.hardware.fp.fod"
08-24 17:42:15.488   882   882 E libc    : Access denied finding property "ro.hardware.fp.sideCap"
08-24 17:42:15.492  5143  6838 I OMXClient: IOmx service obtained
08-24 17:42:15.495  1337 27668 I OMXMaster: makeComponentInstance(OMX.google.vorbis.decoder) in android.hardwar process
08-24 17:42:15.497  5143  5180 W CameraMetadataJV: Expect face scores and rectangles to be non-null
08-24 17:42:15.497  5143  5180 W CameraMetadataJV: Expect face scores and rectangles to be non-null
08-24 17:42:15.497   779  1610 D CamX    : [DEBUG][CORE   ] camxsession.cpp:2369 ProcessRequest() pipeline[0] OpenRequest called for request id = 9
08-24 17:42:15.499   779   982 E CHIUSECASE: chxadvancedcamerausecase.cpp:4093 FindFeatureToProcessMessage() FindFeatureToProcessMessage pFeature is NULL!
08-24 17:42:15.504   882   882 E libc    : Access denied finding property "ro.hardware.fp.fod"
08-24 17:42:15.504   882   882 E libc    : Access denied finding property "ro.hardware.fp.sideCap"
08-24 17:42:15.509  5143  5172 I .android.camer: WaitForGcToComplete blocked ProfileSaver on ClassLinker for 30.093ms
08-24 17:42:15.511   779  1608 E cp      : TONEMAPPROF-DRC gain compensated : gamma_factor 1.164909, gain_factor 1.092727
08-24 17:42:15.517   779  1611 E CHISKINBEAUTIER: ChiSkinBeautifierNode: beautyPrams i:0
08-24 17:42:15.522   882   882 E libc    : Access denied finding property "ro.hardware.fp.fod"
08-24 17:42:15.522   882   882 E libc    : Access denied finding property "ro.hardware.fp.sideCap"
08-24 17:42:15.525  6723  6840 I AdrenoGLES: QUALCOMM build                   : e541a88, I20154638fb
08-24 17:42:15.525  6723  6840 I AdrenoGLES: Build Date                       : 09/15/20
08-24 17:42:15.525  6723  6840 I AdrenoGLES: OpenGL ES Shader Compiler Version: EV031.27.05.01
08-24 17:42:15.525  6723  6840 I AdrenoGLES: Local Branch                     : 
08-24 17:42:15.525  6723  6840 I AdrenoGLES: Remote Branch                    : refs/tags/AU_LINUX_ANDROID_LA.UM.8.3.R1.10.00.00.520.058
08-24 17:42:15.525  6723  6840 I AdrenoGLES: Remote Branch                    : NONE
08-24 17:42:15.525  6723  6840 I AdrenoGLES: Reconstruct Branch               : NOTHING
08-24 17:42:15.525  6723  6840 I AdrenoGLES: Build Config                     : S P 8.0.11 AArch64
08-24 17:42:15.527  1337  1337 E OMXNodeInstance: getConfig(0xebc53000:google.vorbis.decoder, ConfigAndroidVendorExtension(0x6f100004)) ERROR: Undefined(0x80001001)
08-24 17:42:15.527  5143  6838 W ExtendedACodec: Failed to get extension for extradata parameter
08-24 17:42:15.528  5143  5180 W CameraMetadataJV: Expect face scores and rectangles to be non-null
08-24 17:42:15.528  5143  5180 W CameraMetadataJV: Expect face scores and rectangles to be non-null
08-24 17:42:15.529   779  1610 D CamX    : [DEBUG][CORE   ] camxsession.cpp:2369 ProcessRequest() pipeline[0] OpenRequest called for request id = 10
08-24 17:42:15.532   779   982 E CHIUSECASE: chxadvancedcamerausecase.cpp:4093 FindFeatureToProcessMessage() FindFeatureToProcessMessage pFeature is NULL!
08-24 17:42:15.539   882   882 E libc    : Access denied finding property "ro.hardware.fp.fod"
08-24 17:42:15.539   882   882 E libc    : Access denied finding property "ro.hardware.fp.sideCap"
08-24 17:42:15.541  5143  6687 W CAM_QrDecoder: decode: failed...  
08-24 17:42:15.541  5143  5143 D CAM_QrDecoder: decode X: result = 
08-24 17:42:15.542  6723  6840 I AdrenoGLES: PFP: 0x016ee187, ME: 0x00000000
08-24 17:42:15.544   779  1608 E cp      : TONEMAPPROF-DRC gain compensated : gamma_factor 1.164909, gain_factor 1.092727
08-24 17:42:15.546  6723  6840 W AdrenoUtils: <ReadGpuID_from_sysfs:194>: Failed to open /sys/class/kgsl/kgsl-3d0/gpu_model
08-24 17:42:15.546  6723  6840 W AdrenoUtils: <ReadGpuID:218>: Failed to read chip ID from gpu_model. Fallback to use the GSL path
08-24 17:42:15.550   779  1611 E CHISKINBEAUTIER: ChiSkinBeautifierNode: beautyPrams i:0
08-24 17:42:15.555   882   882 E libc    : Access denied finding property "ro.hardware.fp.fod"
08-24 17:42:15.555   882   882 E libc    : Access denied finding property "ro.hardware.fp.sideCap"
08-24 17:42:15.557  5143  5180 W CameraMetadataJV: Expect face scores and rectangles to be non-null
08-24 17:42:15.557  5143  5180 W CameraMetadataJV: Expect face scores and rectangles to be non-null
08-24 17:42:15.557   779  1610 D CamX    : [DEBUG][CORE   ] camxsession.cpp:2369 ProcessRequest() pipeline[0] OpenRequest called for request id = 11
08-24 17:42:15.566   779   982 E CHIUSECASE: chxadvancedcamerausecase.cpp:4093 FindFeatureToProcessMessage() FindFeatureToProcessMessage pFeature is NULL!
08-24 17:42:15.571   882   882 E libc    : Access denied finding property "ro.hardware.fp.fod"
08-24 17:42:15.571   882   882 E libc    : Access denied finding property "ro.hardware.fp.sideCap"
08-24 17:42:15.571  1318 30404 D MediaBufferGroup: creating MemoryDealer
08-24 17:42:15.577   779  1610 E cp      : TONEMAPPROF-DRC gain compensated : gamma_factor 1.164909, gain_factor 1.092727
08-24 17:42:15.583   779  1610 E CHISKINBEAUTIER: ChiSkinBeautifierNode: beautyPrams i:0
08-24 17:42:15.588   882   882 E libc    : Access denied finding property "ro.hardware.fp.fod"
08-24 17:42:15.588   882   882 E libc    : Access denied finding property "ro.hardware.fp.sideCap"
08-24 17:42:15.595  5143  5180 W CameraMetadataJV: Expect face scores and rectangles to be non-null
08-24 17:42:15.595  5143  5180 W CameraMetadataJV: Expect face scores and rectangles to be non-null
08-24 17:42:15.595   779  1610 D CamX    : [DEBUG][CORE   ] camxsession.cpp:2369 ProcessRequest() pipeline[0] OpenRequest called for request id = 12
08-24 17:42:15.599   779   982 E CHIUSECASE: chxadvancedcamerausecase.cpp:4093 FindFeatureToProcessMessage() FindFeatureToProcessMessage pFeature is NULL!
08-24 17:42:15.605   882   882 E libc    : Access denied finding property "ro.hardware.fp.fod"
08-24 17:42:15.605   882   882 E libc    : Access denied finding property "ro.hardware.fp.sideCap"
08-24 17:42:15.610  1318  1318 I MMParserExtractor: Created(0x28b0622b30)
08-24 17:42:15.611   779  1610 E cp      : TONEMAPPROF-DRC gain compensated : gamma_factor 1.164909, gain_factor 1.092727
08-24 17:42:15.614  5143  6844 I OMXClient: IOmx service obtained
08-24 17:42:15.614  1337 25624 I OMXMaster: makeComponentInstance(OMX.google.vorbis.decoder) in android.hardwar process
08-24 17:42:15.616  1337 25624 E OMXNodeInstance: getConfig(0xedb29260:google.vorbis.decoder, ConfigAndroidVendorExtension(0x6f100004)) ERROR: Undefined(0x80001001)
08-24 17:42:15.616  5143  6844 W ExtendedACodec: Failed to get extension for extradata parameter
08-24 17:42:15.617   779  1609 E CHISKINBEAUTIER: ChiSkinBeautifierNode: beautyPrams i:0
08-24 17:42:15.623   882   882 E libc    : Access denied finding property "ro.hardware.fp.fod"
08-24 17:42:15.623   882   882 E libc    : Access denied finding property "ro.hardware.fp.sideCap"
08-24 17:42:15.624  5143  5180 W CameraMetadataJV: Expect face scores and rectangles to be non-null
08-24 17:42:15.625  5143  5180 W CameraMetadataJV: Expect face scores and rectangles to be non-null
08-24 17:42:15.625   779  1610 D CamX    : [DEBUG][CORE   ] camxsession.cpp:2369 ProcessRequest() pipeline[0] OpenRequest called for request id = 13
08-24 17:42:15.627  1318  1318 D MediaBufferGroup: creating MemoryDealer
08-24 17:42:15.632   779   982 E CHIUSECASE: chxadvancedcamerausecase.cpp:4093 FindFeatureToProcessMessage() FindFeatureToProcessMessage pFeature is NULL!
08-24 17:42:15.639   882   882 E libc    : Access denied finding property "ro.hardware.fp.fod"
08-24 17:42:15.639   882   882 E libc    : Access denied finding property "ro.hardware.fp.sideCap"
08-24 17:42:15.644   779  1608 E cp      : TONEMAPPROF-DRC gain compensated : gamma_factor 1.211492, gain_factor 1.159274
08-24 17:42:15.650   779  1608 E CHISKINBEAUTIER: ChiSkinBeautifierNode: beautyPrams i:0
08-24 17:42:15.651  1318  1318 I MMParserExtractor: Created(0x28b0617d10)
08-24 17:42:15.655   882   882 E libc    : Access denied finding property "ro.hardware.fp.fod"
08-24 17:42:15.655   882   882 E libc    : Access denied finding property "ro.hardware.fp.sideCap"
08-24 17:42:15.655  5143  6664 I CAM_STScreenNail: normalHandlerCapacity:set normal
08-24 17:42:15.655  5143  6848 I OMXClient: IOmx service obtained
08-24 17:42:15.656   779  1610 D CamX    : [DEBUG][CORE   ] camxsession.cpp:2369 ProcessRequest() pipeline[0] OpenRequest called for request id = 14
08-24 17:42:15.656  1337 25624 I OMXMaster: makeComponentInstance(OMX.google.vorbis.decoder) in android.hardwar process
08-24 17:42:15.657  5143  5180 W CameraMetadataJV: Expect face scores and rectangles to be non-null
08-24 17:42:15.657  5143  5180 W CameraMetadataJV: Expect face scores and rectangles to be non-null
08-24 17:42:15.658  1337 25624 E OMXNodeInstance: getConfig(0xedb29260:google.vorbis.decoder, ConfigAndroidVendorExtension(0x6f100004)) ERROR: Undefined(0x80001001)
08-24 17:42:15.658  5143  6848 W ExtendedACodec: Failed to get extension for extradata parameter
08-24 17:42:15.662  1318  1318 D MediaBufferGroup: creating MemoryDealer
08-24 17:42:15.666   779   982 E CHIUSECASE: chxadvancedcamerausecase.cpp:4093 FindFeatureToProcessMessage() FindFeatureToProcessMessage pFeature is NULL!
08-24 17:42:15.671   882   882 E libc    : Access denied finding property "ro.hardware.fp.fod"
08-24 17:42:15.671   882   882 E libc    : Access denied finding property "ro.hardware.fp.sideCap"
08-24 17:42:15.675  1318  1318 I MMParserExtractor: Created(0x28b0616650)
08-24 17:42:15.677   779  1608 E cp      : TONEMAPPROF-DRC gain compensated : gamma_factor 1.211492, gain_factor 1.159274
08-24 17:42:15.678  5143  6851 I OMXClient: IOmx service obtained
08-24 17:42:15.678  1337 25624 I OMXMaster: makeComponentInstance(OMX.google.vorbis.decoder) in android.hardwar process
08-24 17:42:15.679  1337 25624 E OMXNodeInstance: getConfig(0xedb29260:google.vorbis.decoder, ConfigAndroidVendorExtension(0x6f100004)) ERROR: Undefined(0x80001001)
08-24 17:42:15.679  5143  6851 W ExtendedACodec: Failed to get extension for extradata parameter
08-24 17:42:15.683   779  1608 E CHISKINBEAUTIER: ChiSkinBeautifierNode: beautyPrams i:0
08-24 17:42:15.684  1318  1318 D MediaBufferGroup: creating MemoryDealer
08-24 17:42:15.688   882   882 E libc    : Access denied finding property "ro.hardware.fp.fod"
08-24 17:42:15.688   779  1608 D CamX    : [DEBUG][CORE   ] camxsession.cpp:2369 ProcessRequest() pipeline[0] OpenRequest called for request id = 15
08-24 17:42:15.688   882   882 E libc    : Access denied finding property "ro.hardware.fp.sideCap"
08-24 17:42:15.689  5143  5180 W CameraMetadataJV: Expect face scores and rectangles to be non-null
08-24 17:42:15.690  5143  5180 W CameraMetadataJV: Expect face scores and rectangles to be non-null
08-24 17:42:15.699   779   982 E CHIUSECASE: chxadvancedcamerausecase.cpp:4093 FindFeatureToProcessMessage() FindFeatureToProcessMessage pFeature is NULL!
08-24 17:42:15.705   882   882 E libc    : Access denied finding property "ro.hardware.fp.fod"
08-24 17:42:15.705   882   882 E libc    : Access denied finding property "ro.hardware.fp.sideCap"
08-24 17:42:15.711   779  1611 E cp      : TONEMAPPROF-DRC gain compensated : gamma_factor 1.211492, gain_factor 1.159274
08-24 17:42:15.711  1318 30404 I MMParserExtractor: Created(0x28b061c310)
08-24 17:42:15.714  5143  6854 I OMXClient: IOmx service obtained
08-24 17:42:15.714  1337 25624 I OMXMaster: makeComponentInstance(OMX.google.vorbis.decoder) in android.hardwar process
08-24 17:42:15.715  1337 25624 E OMXNodeInstance: getConfig(0xedb29260:google.vorbis.decoder, ConfigAndroidVendorExtension(0x6f100004)) ERROR: Undefined(0x80001001)
08-24 17:42:15.716  5143  6854 W ExtendedACodec: Failed to get extension for extradata parameter
08-24 17:42:15.717   779  1609 E CHISKINBEAUTIER: ChiSkinBeautifierNode: beautyPrams i:0
08-24 17:42:15.721  2066  2265 I MiuiNetworkPolicy: updateUidState uid = 10019, uidState = 11
08-24 17:42:15.721  2066  2265 I MiuiNetworkPolicy: updateMLUid uid:10019,old:9,new:11
08-24 17:42:15.721   882   882 E libc    : Access denied finding property "ro.hardware.fp.fod"
08-24 17:42:15.722  2066  2265 I MiuiNetworkPolicy: isMLEnabled state:9,uid:10019,connect:DISCONNECTED
08-24 17:42:15.722  2066  2265 I MiuiNetworkPolicy: isMLEnabled state:11,uid:10019,connect:DISCONNECTED
08-24 17:42:15.722   882   882 E libc    : Access denied finding property "ro.hardware.fp.sideCap"
08-24 17:42:15.724  5143  5180 W CameraMetadataJV: Expect face scores and rectangles to be non-null
08-24 17:42:15.724  5143  5180 W CameraMetadataJV: Expect face scores and rectangles to be non-null
08-24 17:42:15.725  1318 30404 D MediaBufferGroup: creating MemoryDealer
08-24 17:42:15.729   779  1608 E CHIUSECASE: chxfeatureasd.cpp:927 AsdMemcpy() dts size:3133440, src size:3153920, dst buffer size not equal src buffer size
08-24 17:42:15.732   779   982 E CHIUSECASE: chxadvancedcamerausecase.cpp:4093 FindFeatureToProcessMessage() FindFeatureToProcessMessage pFeature is NULL!
08-24 17:42:15.731   882   882 W surfaceflinger: type=1400 audit(0.0:49416): avc: denied { read } for name="u:object_r:vendor_fp_prop:s0" dev="tmpfs" ino=22761 scontext=u:r:surfaceflinger:s0 tcontext=u:object_r:vendor_fp_prop:s0 tclass=file permissive=0
08-24 17:42:15.738   882   882 E libc    : Access denied finding property "ro.hardware.fp.fod"
08-24 17:42:15.738   882   882 E libc    : Access denied finding property "ro.hardware.fp.sideCap"
08-24 17:42:15.731   882   882 W surfaceflinger: type=1400 audit(0.0:49417): avc: denied { read } for name="u:object_r:vendor_fp_prop:s0" dev="tmpfs" ino=22761 scontext=u:r:surfaceflinger:s0 tcontext=u:object_r:vendor_fp_prop:s0 tclass=file permissive=0
08-24 17:42:15.744   779  1609 E cp      : TONEMAPPROF-DRC gain compensated : gamma_factor 1.211492, gain_factor 1.159274
08-24 17:42:15.745   779  1609 D CamX    : [DEBUG][CORE   ] camxsession.cpp:2369 ProcessRequest() pipeline[0] OpenRequest called for request id = 1
08-24 17:42:15.746   779  1610 D CamX    : [DEBUG][CORE   ] camxsession.cpp:2369 ProcessRequest() pipeline[0] OpenRequest called for request id = 16
08-24 17:42:15.750   779  1610 E CHISKINBEAUTIER: ChiSkinBeautifierNode: beautyPrams i:0
08-24 17:42:15.754  1318 30404 I MMParserExtractor: Created(0x28b06220b0)
08-24 17:42:15.754   779  1609 E CHIARCSOFTHDRCHECKER: [MIALGO_HDR][ARCSOFT]: orientation=0
08-24 17:42:15.754   779  1609 E CHIARCSOFTHDRCHECKER: ljc [MIALGO_HDR][ARCSOFT]: exp_time for current frame 0
08-24 17:42:15.754   779  1609 E CHIARCSOFTHDRCHECKER: [MIALGO_HDR][ARCSOFT]: frameNum 1, inputNum 1
08-24 17:42:15.754   779  1609 E CHIARCSOFTHDRCHECKER: [MIALGO_HDR][ARCSOFT]: frameNum 1, i 0, format: 3
08-24 17:42:15.741   882   882 W surfaceflinger: type=1400 audit(0.0:49418): avc: denied { read } for name="u:object_r:vendor_fp_prop:s0" dev="tmpfs" ino=22761 scontext=u:r:surfaceflinger:s0 tcontext=u:object_r:vendor_fp_prop:s0 tclass=file permissive=0
08-24 17:42:15.741   882   882 W surfaceflinger: type=1400 audit(0.0:49419): avc: denied { read } for name="u:object_r:vendor_fp_prop:s0" dev="tmpfs" ino=22761 scontext=u:r:surfaceflinger:s0 tcontext=u:object_r:vendor_fp_prop:s0 tclass=file permissive=0
08-24 17:42:15.755   882   882 E libc    : Access denied finding property "ro.hardware.fp.fod"
08-24 17:42:15.755   882   882 E libc    : Access denied finding property "ro.hardware.fp.sideCap"
08-24 17:42:15.756   779  1609 D CamX    : [DEBUG][CORE   ] camxsession.cpp:2369 ProcessRequest() pipeline[0] OpenRequest called for request id = 17
08-24 17:42:15.757   779  1608 E CamX    : [ERROR][HAL    ] camxmetadatapool.cpp:1457 GetMetadataByTag() Invalid Slot to get metadata by tag(0x882f0003)
08-24 17:42:15.757   779  1608 E CamX    : [ERROR][HAL    ] camxmetadatapool.cpp:1457 GetMetadataByTag() Invalid Slot to get metadata by tag(0x882f0004)
08-24 17:42:15.757  5143  5180 W CameraMetadataJV: Expect face scores and rectangles to be non-null
08-24 17:42:15.757  5143  5180 W CameraMetadataJV: Expect face scores and rectangles to be non-null
08-24 17:42:15.759   779  1608 E CHIMIAISCENECHECKER:  orientation=0
08-24 17:42:15.759   779  1608 D MiAILab : scene_classify::doClassify Busy:0, proc:0xd9e7cc80, mProc:0x0, mComRelease:0, async:0
08-24 17:42:15.759   779  1608 I         : AIScene:ForwardAISceneNet: orientation:1, flag:=0
08-24 17:42:15.759  5143  6858 I OMXClient: IOmx service obtained
08-24 17:42:15.759   779  6786 I MiAILab : scene_classify::processThread process release:0, cmd.proc:0xd9e7cc80, mProc:0x0, mClassifier:0x0, busy:1
08-24 17:42:15.759  1337 25624 I OMXMaster: makeComponentInstance(OMX.google.vorbis.decoder) in android.hardwar process
08-24 17:42:15.760  1337 25624 E OMXNodeInstance: getConfig(0xedb29260:google.vorbis.decoder, ConfigAndroidVendorExtension(0x6f100004)) ERROR: Undefined(0x80001001)
08-24 17:42:15.761  5143  6858 W ExtendedACodec: Failed to get extension for extradata parameter
08-24 17:42:15.765  1318 30404 D MediaBufferGroup: creating MemoryDealer
08-24 17:42:15.766   779   982 E CHIUSECASE: chxadvancedcamerausecase.cpp:4093 FindFeatureToProcessMessage() FindFeatureToProcessMessage pFeature is NULL!
08-24 17:42:15.761   882   882 W surfaceflinger: type=1400 audit(0.0:49420): avc: denied { read } for name="u:object_r:vendor_fp_prop:s0" dev="tmpfs" ino=22761 scontext=u:r:surfaceflinger:s0 tcontext=u:object_r:vendor_fp_prop:s0 tclass=file permissive=0
08-24 17:42:15.772   882   882 E libc    : Access denied finding property "ro.hardware.fp.fod"
08-24 17:42:15.772   882   882 E libc    : Access denied finding property "ro.hardware.fp.sideCap"
08-24 17:42:15.772   779  6786 D MiAILab : init_model
08-24 17:42:15.773   779  1611 E CHIMIAIDIRTYCHECKER:  orientation=0
08-24 17:42:15.773   779  1611 D DirtyCamera: [D][a/dirty_classify.cpp(051)]:DirtyClassify::doClassify Busy:0, proc:0xd9e7cc88, mProc:0x0, mComRelease:0
08-24 17:42:15.773   779  1611 I         : AIDirty:ForwardAIDirtyNet: orientation:1, flag:=0
08-24 17:42:15.773   779  6787 I DirtyCamera: [I][a/dirty_classify.cpp(179)]:DirtyClassify: processThread process release:0, cmd.proc:0xd9e7cc88, mProc:0x0, mClassifier:0x0, busy:1
08-24 17:42:15.773   779  6787 D DirtyCamera: [D][/dirtycamera_api.cpp(019)]:DirtyCamera construct success.
08-24 17:42:15.774   779  1610 E CamX    : [ERROR][HAL    ] camxmetadatapool.cpp:1457 GetMetadataByTag() Invalid Slot to get metadata by tag(0x882f0003)
08-24 17:42:15.774   779  1610 E CamX    : [ERROR][HAL    ] camxmetadatapool.cpp:1457 GetMetadataByTag() Invalid Slot to get metadata by tag(0x882f0004)
08-24 17:42:15.775   779  6786 D MiAILab : 1.16.2.0
08-24 17:42:15.778   779  1608 E cp      : TONEMAPPROF-DRC gain compensated : gamma_factor 1.248281, gain_factor 1.211831
08-24 17:42:15.780   779  1609 E CamX    : [ERROR][HAL    ] camxmetadatapool.cpp:1457 GetMetadataByTag() Invalid Slot to get metadata by tag(0x882f0003)
08-24 17:42:15.780   779  1609 E CamX    : [ERROR][HAL    ] camxmetadatapool.cpp:1457 GetMetadataByTag() Invalid Slot to get metadata by tag(0x882f0004)
08-24 17:42:15.784   779  1609 E CHISKINBEAUTIER: ChiSkinBeautifierNode: beautyPrams i:0
08-24 17:42:15.791  5143  5180 W CameraMetadataJV: Expect face scores and rectangles to be non-null
08-24 17:42:15.791  5143  5180 W CameraMetadataJV: Expect face scores and rectangles to be non-null
08-24 17:42:15.792   779  1609 D CamX    : [DEBUG][CORE   ] camxsession.cpp:2369 ProcessRequest() pipeline[0] OpenRequest called for request id = 18
08-24 17:42:15.799   779   982 E CHIUSECASE: chxadvancedcamerausecase.cpp:4093 FindFeatureToProcessMessage() FindFeatureToProcessMessage pFeature is NULL!
08-24 17:42:15.800   779  6787 D DirtyCamera: [D][/dirtycamera_api.cpp(037)]:DirtyCamera load model success.
08-24 17:42:15.800   779  6787 D DirtyCamera: [D][a/dirty_classify.cpp(209)]:DirtyClassify:initModel init_release:1:0
08-24 17:42:15.801  1318  1318 I MMParserExtractor: Created(0x28b0619830)
08-24 17:42:15.805   882   882 E libc    : Access denied finding property "ro.hardware.fp.fod"
08-24 17:42:15.806   882   882 E libc    : Access denied finding property "ro.hardware.fp.sideCap"
08-24 17:42:15.808  5143  6862 I OMXClient: IOmx service obtained
08-24 17:42:15.808  1337  1337 I OMXMaster: makeComponentInstance(OMX.google.vorbis.decoder) in android.hardwar process
08-24 17:42:15.809  1337  1337 E OMXNodeInstance: getConfig(0xedb29260:google.vorbis.decoder, ConfigAndroidVendorExtension(0x6f100004)) ERROR: Undefined(0x80001001)
08-24 17:42:15.810  5143  6862 W ExtendedACodec: Failed to get extension for extradata parameter
08-24 17:42:15.811   779  1611 E cp      : TONEMAPPROF-DRC gain compensated : gamma_factor 1.286739, gain_factor 1.266770
08-24 17:42:15.816  1318  1318 D MediaBufferGroup: creating MemoryDealer
08-24 17:42:15.817   779  1608 E CHISKINBEAUTIER: ChiSkinBeautifierNode: beautyPrams i:0
08-24 17:42:15.821  1284  1511 I ThermalEngine: ACTION: CPU - Setting CPU[4] to 4
08-24 17:42:15.823  5143  5180 W CameraMetadataJV: Expect face scores and rectangles to be non-null
08-24 17:42:15.823  5143  5180 W CameraMetadataJV: Expect face scores and rectangles to be non-null
08-24 17:42:15.824   779  1611 D CamX    : [DEBUG][CORE   ] camxsession.cpp:2369 ProcessRequest() pipeline[0] OpenRequest called for request id = 19
08-24 17:42:15.832   779   982 E CHIUSECASE: chxadvancedcamerausecase.cpp:4093 FindFeatureToProcessMessage() FindFeatureToProcessMessage pFeature is NULL!
08-24 17:42:15.839   882   882 E libc    : Access denied finding property "ro.hardware.fp.fod"
08-24 17:42:15.839   882   882 E libc    : Access denied finding property "ro.hardware.fp.sideCap"
08-24 17:42:15.841  6723  6802 W MiuiGallery2_GalleryPushManager: [Thread-6] Register push failed: privacy agreement disabled
08-24 17:42:15.844   779  1609 E cp      : TONEMAPPROF-DRC gain compensated : gamma_factor 1.326940, gain_factor 1.324200
08-24 17:42:15.849  6723  6802 V xiaomi  : [Thread:1965] ASSEMBLE_PUSH : assemble push unregister
08-24 17:42:15.850   779  1608 E CHISKINBEAUTIER: ChiSkinBeautifierNode: beautyPrams i:0
08-24 17:42:15.854  6723  6802 V xiaomi  : [Thread:1965] Don't send message before initialization succeeded!
08-24 17:42:15.855   779  1609 D CamX    : [DEBUG][CORE   ] camxsession.cpp:2369 ProcessRequest() pipeline[0] OpenRequest called for request id = 20
08-24 17:42:15.856  5143  5180 W CameraMetadataJV: Expect face scores and rectangles to be non-null
08-24 17:42:15.856  5143  5180 W CameraMetadataJV: Expect face scores and rectangles to be non-null
08-24 17:42:15.866   779   982 E CHIUSECASE: chxadvancedcamerausecase.cpp:4093 FindFeatureToProcessMessage() FindFeatureToProcessMessage pFeature is NULL!
08-24 17:42:15.871   882   882 E libc    : Access denied finding property "ro.hardware.fp.fod"
08-24 17:42:15.872   882   882 E libc    : Access denied finding property "ro.hardware.fp.sideCap"
08-24 17:42:15.878   779  1610 E cp      : TONEMAPPROF-DRC gain compensated : gamma_factor 1.354748, gain_factor 1.363926
08-24 17:42:15.883   779  1608 E CHISKINBEAUTIER: ChiSkinBeautifierNode: beautyPrams i:0
08-24 17:42:15.890  5143  5180 W CameraMetadataJV: Expect face scores and rectangles to be non-null
08-24 17:42:15.890   779  1608 D CamX    : [DEBUG][CORE   ] camxsession.cpp:2369 ProcessRequest() pipeline[0] OpenRequest called for request id = 21
08-24 17:42:15.890  5143  5180 W CameraMetadataJV: Expect face scores and rectangles to be non-null
08-24 17:42:15.899   779   982 E CHIUSECASE: chxadvancedcamerausecase.cpp:4093 FindFeatureToProcessMessage() FindFeatureToProcessMessage pFeature is NULL!
08-24 17:42:15.905   882   882 E libc    : Access denied finding property "ro.hardware.fp.fod"
08-24 17:42:15.905   882   882 E libc    : Access denied finding property "ro.hardware.fp.sideCap"
08-24 17:42:15.909   779  6786 D MiAILab : Load model: 69.074000 (ms)
08-24 17:42:15.911   779  1611 E cp      : TONEMAPPROF-DRC gain compensated : gamma_factor 1.383390, gain_factor 1.404844
08-24 17:42:15.916   779  6786 D MiAILab : Decrypt model: 7.599000 (ms)
08-24 17:42:15.917   779  6786 D MiAILab : Initialize SNPE: runtimee:1
08-24 17:42:15.917   779  1610 E CHISKINBEAUTIER: ChiSkinBeautifierNode: beautyPrams i:0
08-24 17:42:15.925  5143  5180 W CameraMetadataJV: Expect face scores and rectangles to be non-null
08-24 17:42:15.925  5143  5180 W CameraMetadataJV: Expect face scores and rectangles to be non-null
08-24 17:42:15.926   779  1611 D CamX    : [DEBUG][CORE   ] camxsession.cpp:2369 ProcessRequest() pipeline[0] OpenRequest called for request id = 22
08-24 17:42:15.932   779   982 E CHIUSECASE: chxadvancedcamerausecase.cpp:4093 FindFeatureToProcessMessage() FindFeatureToProcessMessage pFeature is NULL!
08-24 17:42:15.939   882   882 E libc    : Access denied finding property "ro.hardware.fp.fod"
08-24 17:42:15.939   882   882 E libc    : Access denied finding property "ro.hardware.fp.sideCap"
08-24 17:42:15.944   779  1609 E cp      : TONEMAPPROF-DRC gain compensated : gamma_factor 1.412892, gain_factor 1.446989
08-24 17:42:15.950   779  1610 E CHISKINBEAUTIER: ChiSkinBeautifierNode: beautyPrams i:0
08-24 17:42:15.961  5143  5180 W CameraMetadataJV: Expect face scores and rectangles to be non-null
08-24 17:42:15.961  5143  5180 W CameraMetadataJV: Expect face scores and rectangles to be non-null
08-24 17:42:15.961   779  1610 D CamX    : [DEBUG][CORE   ] camxsession.cpp:2369 ProcessRequest() pipeline[0] OpenRequest called for request id = 23
08-24 17:42:15.966   779   982 E CHIUSECASE: chxadvancedcamerausecase.cpp:4093 FindFeatureToProcessMessage() FindFeatureToProcessMessage pFeature is NULL!
08-24 17:42:15.972   882   882 E libc    : Access denied finding property "ro.hardware.fp.fod"
08-24 17:42:15.972   882   882 E libc    : Access denied finding property "ro.hardware.fp.sideCap"
08-24 17:42:15.978   779  1610 E cp      : TONEMAPPROF-DRC gain compensated : gamma_factor 1.443279, gain_factor 1.490398
08-24 17:42:15.984   779  1609 E CHISKINBEAUTIER: ChiSkinBeautifierNode: beautyPrams i:0
08-24 17:42:15.991   779  1608 D CamX    : [DEBUG][CORE   ] camxsession.cpp:2369 ProcessRequest() pipeline[0] OpenRequest called for request id = 24
08-24 17:42:15.992  5143  5180 W CameraMetadataJV: Expect face scores and rectangles to be non-null
08-24 17:42:15.993  5143  5180 W CameraMetadataJV: Expect face scores and rectangles to be non-null
08-24 17:42:15.999   779   982 E CHIUSECASE: chxadvancedcamerausecase.cpp:4093 FindFeatureToProcessMessage() FindFeatureToProcessMessage pFeature is NULL!
08-24 17:42:16.005   882   882 E libc    : Access denied finding property "ro.hardware.fp.fod"
08-24 17:42:16.005   882   882 E libc    : Access denied finding property "ro.hardware.fp.sideCap"
08-24 17:42:16.011   779  1609 E cp      : TONEMAPPROF-DRC gain compensated : gamma_factor 1.458812, gain_factor 1.512589
08-24 17:42:16.017   779  1610 E CHISKINBEAUTIER: ChiSkinBeautifierNode: beautyPrams i:0
08-24 17:42:16.024   779  1609 E CHIUSECASE: chxfeatureasd.cpp:927 AsdMemcpy() dts size:3133440, src size:3153920, dst buffer size not equal src buffer size
08-24 17:42:16.025  5143  5180 W CameraMetadataJV: Expect face scores and rectangles to be non-null
08-24 17:42:16.026  5143  5180 W CameraMetadataJV: Expect face scores and rectangles to be non-null
08-24 17:42:16.032   779   982 E CHIUSECASE: chxadvancedcamerausecase.cpp:4093 FindFeatureToProcessMessage() FindFeatureToProcessMessage pFeature is NULL!
08-24 17:42:16.039   779  1608 D CamX    : [DEBUG][CORE   ] camxsession.cpp:2369 ProcessRequest() pipeline[0] OpenRequest called for request id = 2
08-24 17:42:16.039   779  1608 D CamX    : [DEBUG][CORE   ] camxsession.cpp:2369 ProcessRequest() pipeline[0] OpenRequest called for request id = 25
08-24 17:42:16.039   779  1608 E CHIARCSOFTHDRCHECKER: [MIALGO_HDR][ARCSOFT]: orientation=0
08-24 17:42:16.040   779  1608 E CHIARCSOFTHDRCHECKER: ljc [MIALGO_HDR][ARCSOFT]: exp_time for current frame 0
08-24 17:42:16.040   779  1608 E CHIARCSOFTHDRCHECKER: [MIALGO_HDR][ARCSOFT]: frameNum 2, inputNum 1
08-24 17:42:16.040   779  1608 E CHIARCSOFTHDRCHECKER: [MIALGO_HDR][ARCSOFT]: frameNum 2, i 0, format: 3
08-24 17:42:16.042   779  1610 E CHIMIAISCENECHECKER:  orientation=0
08-24 17:42:16.042   779  1610 D MiAILab : scene_classify::doClassify Busy:1, proc:0xd9e7cc80, mProc:0x0, mComRelease:0, async:0
08-24 17:42:16.042   779  1610 I         : AIScene:ForwardAISceneNet: orientation:1, flag:=0
08-24 17:42:16.043   779  1609 E CHIMIAIDIRTYCHECKER:  orientation=0
08-24 17:42:16.043   779  1609 D DirtyCamera: [D][a/dirty_classify.cpp(051)]:DirtyClassify::doClassify Busy:0, proc:0xd9e7cc88, mProc:0xd9e7cc88, mComRelease:0
08-24 17:42:16.045   779  6787 I DirtyCamera: [I][a/dirty_classify.cpp(179)]:DirtyClassify: processThread process release:0, cmd.proc:0xd9e7cc88, mProc:0xd9e7cc88, mClassifier:0xca0d49d8, busy:1
08-24 17:42:16.045   779  1608 E cp      : TONEMAPPROF-DRC gain compensated : gamma_factor 1.474577, gain_factor 1.535110
08-24 17:42:16.049   779  6787 D DirtyCamera: [D][/dirtycamera_api.cpp(103)]:yuv2bgr neon cost: 4.500000
08-24 17:42:16.050   779  6787 D DirtyCamera: [D][mera/dirtycamera.cpp(070)]:Resize cost: 0.246000
08-24 17:42:16.050   779  1611 E CHISKINBEAUTIER: ChiSkinBeautifierNode: beautyPrams i:0
08-24 17:42:16.055   882   882 E libc    : Access denied finding property "ro.hardware.fp.fod"
08-24 17:42:16.055   882   882 E libc    : Access denied finding property "ro.hardware.fp.sideCap"
08-24 17:42:16.059   779  6787 D DirtyCamera: [D][mera/dirtycamera.cpp(074)]:DirtyNet forward cost: 8.808000
08-24 17:42:16.059   779  6787 D DirtyCamera: [D][mera/dirtycamera.cpp(082)]:MeanStdDev cost: 0.045000
08-24 17:42:16.059   779  6787 I DirtyCamera: [I][a/dirty_classify.cpp(134)]:DirtyClassify: DirtyCameraTM: prob: 0.0000, mean:68.1059, std:61.6325, blur:0.0000, label:0, cost: 14
08-24 17:42:16.060   779  1609 I         : AIDirty:ForwardAIDirtyNet: orientation:1, flag:=0
08-24 17:42:16.061   779  1609 D CamX    : [DEBUG][CORE   ] camxsession.cpp:2369 ProcessRequest() pipeline[0] OpenRequest called for request id = 26
08-24 17:42:16.064  5143  5180 W CameraMetadataJV: Expect face scores and rectangles to be non-null
08-24 17:42:16.064  5143  5180 W CameraMetadataJV: Expect face scores and rectangles to be non-null
08-24 17:42:16.066   779   982 E CHIUSECASE: chxadvancedcamerausecase.cpp:4093 FindFeatureToProcessMessage() FindFeatureToProcessMessage pFeature is NULL!
08-24 17:42:16.072   882   882 E libc    : Access denied finding property "ro.hardware.fp.fod"
08-24 17:42:16.073   882   882 E libc    : Access denied finding property "ro.hardware.fp.sideCap"
08-24 17:42:16.078   779  1611 E cp      : TONEMAPPROF-DRC gain compensated : gamma_factor 1.506814, gain_factor 1.581164
08-24 17:42:16.084   779  1609 E CHISKINBEAUTIER: ChiSkinBeautifierNode: beautyPrams i:0
08-24 17:42:16.090   779  1611 D CamX    : [DEBUG][CORE   ] camxsession.cpp:2369 ProcessRequest() pipeline[0] OpenRequest called for request id = 27
08-24 17:42:16.092  5143  5180 W CameraMetadataJV: Expect face scores and rectangles to be non-null
08-24 17:42:16.093  5143  5180 W CameraMetadataJV: Expect face scores and rectangles to be non-null
08-24 17:42:16.099   779   982 E CHIUSECASE: chxadvancedcamerausecase.cpp:4093 FindFeatureToProcessMessage() FindFeatureToProcessMessage pFeature is NULL!
08-24 17:42:16.105   882   882 E libc    : Access denied finding property "ro.hardware.fp.fod"
08-24 17:42:16.106   882   882 E libc    : Access denied finding property "ro.hardware.fp.sideCap"
08-24 17:42:16.107  2364  2364 D SignalClusterView: updateMobileTypeImage  0
08-24 17:42:16.107  2364  2364 D SignalClusterView: updateMobileTypeImage  0
08-24 17:42:16.111   779  1610 E cp      : TONEMAPPROF-DRC gain compensated : gamma_factor 1.523294, gain_factor 1.604706
08-24 17:42:16.117   779  1611 E CHISKINBEAUTIER: ChiSkinBeautifierNode: beautyPrams i:0
08-24 17:42:16.123  2364  2364 D SignalClusterView: updateMobileTypeImage  0
08-24 17:42:16.124  2364  2364 D SignalClusterView: updateMobileTypeImage  0
08-24 17:42:16.129   779  1609 D CamX    : [DEBUG][CORE   ] camxsession.cpp:2369 ProcessRequest() pipeline[0] OpenRequest called for request id = 28
08-24 17:42:16.130  5143  5180 W CameraMetadataJV: Expect face scores and rectangles to be non-null
08-24 17:42:16.130  5143  5180 W CameraMetadataJV: Expect face scores and rectangles to be non-null
08-24 17:42:16.132   779   982 E CHIUSECASE: chxadvancedcamerausecase.cpp:4093 FindFeatureToProcessMessage() FindFeatureToProcessMessage pFeature is NULL!
08-24 17:42:16.140   882   882 E libc    : Access denied finding property "ro.hardware.fp.fod"
