08-24 17:42:16.140   882   882 E libc    : Access denied finding property "ro.hardware.fp.sideCap"
08-24 17:42:16.144   779  1608 E cp      : TONEMAPPROF-DRC gain compensated : gamma_factor 1.540019, gain_factor 1.628598
08-24 17:42:16.150   779  1609 E CHISKINBEAUTIER: ChiSkinBeautifierNode: beautyPrams i:0
08-24 17:42:16.156   882   882 E libc    : Access denied finding property "ro.hardware.fp.fod"
08-24 17:42:16.156   882   882 E libc    : Access denied finding property "ro.hardware.fp.sideCap"
08-24 17:42:16.158   779  1611 D CamX    : [DEBUG][CORE   ] camxsession.cpp:2369 ProcessRequest() pipeline[0] OpenRequest called for request id = 29
08-24 17:42:16.160  5143  5180 W CameraMetadataJV: Expect face scores and rectangles to be non-null
08-24 17:42:16.160  5143  5180 W CameraMetadataJV: Expect face scores and rectangles to be non-null
08-24 17:42:16.166   779   982 E CHIUSECASE: chxadvancedcamerausecase.cpp:4093 FindFeatureToProcessMessage() FindFeatureToProcessMessage pFeature is NULL!
08-24 17:42:16.173   882   882 E libc    : Access denied finding property "ro.hardware.fp.fod"
08-24 17:42:16.173   882   882 E libc    : Access denied finding property "ro.hardware.fp.sideCap"
08-24 17:42:16.177   779  1609 E cp      : TONEMAPPROF-DRC gain compensated : gamma_factor 1.556993, gain_factor 1.652847
08-24 17:42:16.183   779  1608 E CHISKINBEAUTIER: ChiSkinBeautifierNode: beautyPrams i:0
08-24 17:42:16.191  5143  5180 W CameraMetadataJV: Expect face scores and rectangles to be non-null
08-24 17:42:16.191  5143  5180 W CameraMetadataJV: Expect face scores and rectangles to be non-null
08-24 17:42:16.191   779  1608 D CamX    : [DEBUG][CORE   ] camxsession.cpp:2369 ProcessRequest() pipeline[0] OpenRequest called for request id = 30
08-24 17:42:16.199   779   982 E CHIUSECASE: chxadvancedcamerausecase.cpp:4093 FindFeatureToProcessMessage() FindFeatureToProcessMessage pFeature is NULL!
08-24 17:42:16.203   779  6786 D MiAILab : Initialize SNPE: 286.417000 (ms)
08-24 17:42:16.205   779  6786 D MiAILab : init: model_type=4 
08-24 17:42:16.205   779  6786 D MiAILab : releaseModel init_release:1:0
08-24 17:42:16.205   882   882 E libc    : Access denied finding property "ro.hardware.fp.fod"
08-24 17:42:16.205   882   882 E libc    : Access denied finding property "ro.hardware.fp.sideCap"
08-24 17:42:16.211   779  1609 E cp      : TONEMAPPROF-DRC gain compensated : gamma_factor 1.574219, gain_factor 1.677456
08-24 17:42:16.217   779  1608 E CHISKINBEAUTIER: ChiSkinBeautifierNode: beautyPrams i:0
08-24 17:42:16.225   779  1610 D CamX    : [DEBUG][CORE   ] camxsession.cpp:2369 ProcessRequest() pipeline[0] OpenRequest called for request id = 31
08-24 17:42:16.226  5143  5180 W CameraMetadataJV: Expect face scores and rectangles to be non-null
08-24 17:42:16.226  5143  5180 W CameraMetadataJV: Expect face scores and rectangles to be non-null
08-24 17:42:16.233   779   982 E CHIUSECASE: chxadvancedcamerausecase.cpp:4093 FindFeatureToProcessMessage() FindFeatureToProcessMessage pFeature is NULL!
08-24 17:42:16.239   882   882 E libc    : Access denied finding property "ro.hardware.fp.fod"
08-24 17:42:16.239   882   882 E libc    : Access denied finding property "ro.hardware.fp.sideCap"
08-24 17:42:16.244   779  1609 E cp      : TONEMAPPROF-DRC gain compensated : gamma_factor 1.591702, gain_factor 1.702432
08-24 17:42:16.250   779  1609 E CHISKINBEAUTIER: ChiSkinBeautifierNode: beautyPrams i:0
08-24 17:42:16.256  5143  5180 W CameraMetadataJV: Expect face scores and rectangles to be non-null
08-24 17:42:16.256  5143  5180 W CameraMetadataJV: Expect face scores and rectangles to be non-null
08-24 17:42:16.256   779  1609 D CamX    : [DEBUG][CORE   ] camxsession.cpp:2369 ProcessRequest() pipeline[0] OpenRequest called for request id = 32
08-24 17:42:16.266   779   982 E CHIUSECASE: chxadvancedcamerausecase.cpp:4093 FindFeatureToProcessMessage() FindFeatureToProcessMessage pFeature is NULL!
08-24 17:42:16.272   882   882 E libc    : Access denied finding property "ro.hardware.fp.fod"
08-24 17:42:16.272   882   882 E libc    : Access denied finding property "ro.hardware.fp.sideCap"
08-24 17:42:16.277   779  1611 E cp      : TONEMAPPROF-DRC gain compensated : gamma_factor 1.609446, gain_factor 1.727780
08-24 17:42:16.282  1377  1377 I cnss-daemon: nl80211 response handler invoked
08-24 17:42:16.282  1377  1377 I cnss-daemon: nl80211_response_handler: cmd 103, vendorID 4980, subcmd 13  received
08-24 17:42:16.282   798  2337 I WifiHAL : event received NL80211_CMD_VENDOR, vendor_id = 0x1374, subcmd = 0xd
08-24 17:42:16.283   779  1609 E CHISKINBEAUTIER: ChiSkinBeautifierNode: beautyPrams i:0
08-24 17:42:16.290  5143  5180 W CameraMetadataJV: Expect face scores and rectangles to be non-null
08-24 17:42:16.290  5143  5180 W CameraMetadataJV: Expect face scores and rectangles to be non-null
08-24 17:42:16.290   779  1611 D CamX    : [DEBUG][CORE   ] camxsession.cpp:2369 ProcessRequest() pipeline[0] OpenRequest called for request id = 33
08-24 17:42:16.299   779   982 E CHIUSECASE: chxadvancedcamerausecase.cpp:4093 FindFeatureToProcessMessage() FindFeatureToProcessMessage pFeature is NULL!
08-24 17:42:16.306   882   882 E libc    : Access denied finding property "ro.hardware.fp.fod"
08-24 17:42:16.306   882   882 E libc    : Access denied finding property "ro.hardware.fp.sideCap"
08-24 17:42:16.311   779  1610 E cp      : TONEMAPPROF-DRC gain compensated : gamma_factor 1.627454, gain_factor 1.753505
08-24 17:42:16.317   779  1610 E CHISKINBEAUTIER: ChiSkinBeautifierNode: beautyPrams i:0
08-24 17:42:16.322   779  1608 D CamX    : [DEBUG][CORE   ] camxsession.cpp:2369 ProcessRequest() pipeline[0] OpenRequest called for request id = 34
08-24 17:42:16.323  5143  5180 W CameraMetadataJV: Expect face scores and rectangles to be non-null
08-24 17:42:16.323  5143  5180 W CameraMetadataJV: Expect face scores and rectangles to be non-null
08-24 17:42:16.323  1284  1511 I ThermalEngine: ACTION: CPU - Setting CPU[4] to 5
08-24 17:42:16.332   779   982 E CHIUSECASE: chxadvancedcamerausecase.cpp:4093 FindFeatureToProcessMessage() FindFeatureToProcessMessage pFeature is NULL!
08-24 17:42:16.339   882   882 E libc    : Access denied finding property "ro.hardware.fp.fod"
08-24 17:42:16.339   882   882 E libc    : Access denied finding property "ro.hardware.fp.sideCap"
08-24 17:42:16.341  2066  3689 D WificondControl: Scan result ready event
08-24 17:42:16.344  1430  2518 I LOWI-8.6.0.62: [LOWI-Scan] lowi_close_record:Scan done in 3568989ms, 1 APs in scan results
08-24 17:42:16.344  1430  1446 I LOWI-8.6.0.62: [LOWIUtils] responseToOutPostcard - TO: FreeWifiScanObserver, FROM:   LOWI-SERVER, RESP:  LOWI_ASYNC_DISCOVERY_SCAN_RESULTS
08-24 17:42:16.344   779  1609 E cp      : TONEMAPPROF-DRC gain compensated : gamma_factor 1.645729, gain_factor 1.779613
08-24 17:42:16.345  2066  2143 W BroadcastQueue: Background execution not allowed: receiving Intent { act=android.net.wifi.SCAN_RESULTS flg=0x4000010 (has extras) } to com.jio.myjio/.jionet.receiver.WifiScanReceiver
08-24 17:42:16.347  4787  5198 W WifiMonitor: no need getAvailableWifis
08-24 17:42:16.347  4787  5198 W WifiMonitor: getScanResults has none
08-24 17:42:16.350   779  1610 E CHISKINBEAUTIER: ChiSkinBeautifierNode: beautyPrams i:0
08-24 17:42:16.357   779  1608 E CHIUSECASE: chxfeatureasd.cpp:927 AsdMemcpy() dts size:3133440, src size:3153920, dst buffer size not equal src buffer size
08-24 17:42:16.358  5143  5180 W CameraMetadataJV: Expect face scores and rectangles to be non-null
08-24 17:42:16.359  5143  5180 W CameraMetadataJV: Expect face scores and rectangles to be non-null
08-24 17:42:16.364  2066  2311 I AppScanObserverService: Start to match app observer
08-24 17:42:16.366   779   982 E CHIUSECASE: chxadvancedcamerausecase.cpp:4093 FindFeatureToProcessMessage() FindFeatureToProcessMessage pFeature is NULL!
08-24 17:42:16.369   786   953 I LocSvc_api_v02: ---> locClientSendReq line 2325 QMI_LOC_INJECT_WIFI_AP_DATA_REQ_V02
08-24 17:42:16.372   775 30418 D audio_hw_primary: out_standby: enter: stream (0xe661d000) usecase(1: low-latency-playback)
08-24 17:42:16.373   779  1609 D CamX    : [DEBUG][CORE   ] camxsession.cpp:2369 ProcessRequest() pipeline[0] OpenRequest called for request id = 3
08-24 17:42:16.373   779  1611 D CamX    : [DEBUG][CORE   ] camxsession.cpp:2369 ProcessRequest() pipeline[0] OpenRequest called for request id = 35
08-24 17:42:16.374   779  1609 E CHIARCSOFTHDRCHECKER: [MIALGO_HDR][ARCSOFT]: orientation=0
08-24 17:42:16.374   779  1609 E CHIARCSOFTHDRCHECKER: ljc [MIALGO_HDR][ARCSOFT]: exp_time for current frame 0
08-24 17:42:16.374   779  1609 E CHIARCSOFTHDRCHECKER: [MIALGO_HDR][ARCSOFT]: frameNum 3, inputNum 1
08-24 17:42:16.374   779  1609 E CHIARCSOFTHDRCHECKER: [MIALGO_HDR][ARCSOFT]: frameNum 3, i 0, format: 3
08-24 17:42:16.375   779  1608 E CHIMIAISCENECHECKER:  orientation=0
08-24 17:42:16.375   779  1608 D MiAILab : scene_classify::doClassify Busy:0, proc:0xd9e7cc80, mProc:0xd9e7cc80, mComRelease:0, async:0
08-24 17:42:16.375   786  2059 I LocSvc_ApiV02: <--- globalRespCb line 196 QMI_LOC_INJECT_WIFI_AP_DATA_REQ_V02
08-24 17:42:16.376   779  1608 D MiAILab : preprocess: resize=0.773926 yuv2bgr=0.098877 rotate=0.131104 sub&scale=0.298096(ms)
08-24 17:42:16.376   779  6786 I MiAILab : scene_classify::processThread process release:0, cmd.proc:0xd9e7cc80, mProc:0xd9e7cc80, mClassifier:0xdcd83248, busy:1
08-24 17:42:16.378   779  1609 E cp      : TONEMAPPROF-DRC gain compensated : gamma_factor 1.664277, gain_factor 1.806110
08-24 17:42:16.383   779  1609 E CHISKINBEAUTIER: ChiSkinBeautifierNode: beautyPrams i:0
08-24 17:42:16.388   779  6786 D MiAILab : forwardnet:11.657959
08-24 17:42:16.388   779  6786 I MiAILab : classify: mType:0, mLastScene:0, mSceneCounts:1
08-24 17:42:16.388   779  1608 I         : AIScene:ForwardAISceneNet: orientation:1, flag:=0
08-24 17:42:16.389   779  1611 D CamX    : [DEBUG][CORE   ] camxsession.cpp:2369 ProcessRequest() pipeline[0] OpenRequest called for request id = 36
08-24 17:42:16.389   779  1610 E CHIMIAIDIRTYCHECKER:  orientation=0
08-24 17:42:16.389   779  1610 D DirtyCamera: [D][a/dirty_classify.cpp(051)]:DirtyClassify::doClassify Busy:0, proc:0xd9e7cc88, mProc:0xd9e7cc88, mComRelease:0
08-24 17:42:16.390   882   882 E libc    : Access denied finding property "ro.hardware.fp.fod"
08-24 17:42:16.390  5143  5180 W CameraMetadataJV: Expect face scores and rectangles to be non-null
08-24 17:42:16.390   882   882 E libc    : Access denied finding property "ro.hardware.fp.sideCap"
08-24 17:42:16.390  5143  5180 W CameraMetadataJV: Expect face scores and rectangles to be non-null
08-24 17:42:16.391   779  6787 I DirtyCamera: [I][a/dirty_classify.cpp(179)]:DirtyClassify: processThread process release:0, cmd.proc:0xd9e7cc88, mProc:0xd9e7cc88, mClassifier:0xca0d49d8, busy:1
08-24 17:42:16.395   779  6787 D DirtyCamera: [D][/dirtycamera_api.cpp(103)]:yuv2bgr neon cost: 4.256000
08-24 17:42:16.395   779  6787 D DirtyCamera: [D][mera/dirtycamera.cpp(070)]:Resize cost: 0.200000
08-24 17:42:16.399   779   982 E CHIUSECASE: chxadvancedcamerausecase.cpp:4093 FindFeatureToProcessMessage() FindFeatureToProcessMessage pFeature is NULL!
08-24 17:42:16.403   779  6787 D DirtyCamera: [D][mera/dirtycamera.cpp(074)]:DirtyNet forward cost: 7.035000
08-24 17:42:16.403   779  6787 D DirtyCamera: [D][mera/dirtycamera.cpp(082)]:MeanStdDev cost: 0.046000
08-24 17:42:16.403   779  6787 I DirtyCamera: [I][a/dirty_classify.cpp(134)]:DirtyClassify: DirtyCameraTM: prob: 0.0000, mean:68.5367, std:61.6597, blur:0.0000, label:0, cost: 12
08-24 17:42:16.403   779  1610 I         : AIDirty:ForwardAIDirtyNet: orientation:1, flag:=0
08-24 17:42:16.406   882   882 E libc    : Access denied finding property "ro.hardware.fp.fod"
08-24 17:42:16.406   882   882 E libc    : Access denied finding property "ro.hardware.fp.sideCap"
08-24 17:42:16.411   779  1609 E cp      : TONEMAPPROF-DRC gain compensated : gamma_factor 1.683101, gain_factor 1.833002
08-24 17:42:16.417   779  1609 E CHISKINBEAUTIER: ChiSkinBeautifierNode: beautyPrams i:0
08-24 17:42:16.421  5143  6670 V CAM_Decoder: preview frame buffer received... mDecodingCount = 2
08-24 17:42:16.422  5143  6670 V CAM_PreviewImage: convertYUV420888ToNV21: size = 1920x1080, yStride = 1920, uvStride = 1920
08-24 17:42:16.422   779  1610 D CamX    : [DEBUG][CORE   ] camxsession.cpp:2369 ProcessRequest() pipeline[0] OpenRequest called for request id = 37
08-24 17:42:16.423  5143  5180 W CameraMetadataJV: Expect face scores and rectangles to be non-null
08-24 17:42:16.423   775 30418 D audio_hw_primary: stop_output_stream: enter: usecase(1: low-latency-playback)
08-24 17:42:16.423   775 30418 D audio_hw_primary: disable_audio_route: reset and update mixer path: low-latency-playback speaker
08-24 17:42:16.423   775 30418 V audio_route: Reset path: low-latency-playback speaker
08-24 17:42:16.423   775 30418 D audio_route: audio_route_reset_and_update_path name low-latency-playback speaker
08-24 17:42:16.423  5143  5180 W CameraMetadataJV: Expect face scores and rectangles to be non-null
08-24 17:42:16.424   775 30418 E soundtrigger: audio_extn_sound_trigger_update_stream_status: invalid input device 0x0, for event 2
08-24 17:42:16.426   775 30418 D soundtrigger: audio_extn_sound_trigger_update_stream_status: uc_info->id 1 of type 0 device 0x02 for Event 2, with Raise=0
08-24 17:42:16.426   775 30418 W soundtrigger: audio_extn_sound_trigger_update_stream_status: device[0x02]: speaker is NOT used, do NOT transit to adsp. 
08-24 17:42:16.426   775 30418 D msm8974_platform: platform_split_snd_device: snd_device(2) num devices(0) new_snd_devices(0)
08-24 17:42:16.426   775 30418 I msm8974_platform: platform_get_custom_mtmx_params: no matching param with id 0 ip_ch 2 op_ch 2 uc_id 1 snd_dev 2
08-24 17:42:16.426   775 30418 D hardware_info: hw_info_append_hw_type : device_name = speaker
08-24 17:42:16.426   775 30418 D audio_hw_primary: disable_snd_device: snd_device(2: speaker)
08-24 17:42:16.426   775 30418 D msm8974_platform: platform_split_snd_device: snd_device(2) num devices(0) new_snd_devices(-400220160)
08-24 17:42:16.426   775 30418 V audio_route: Reset path: speaker
08-24 17:42:16.426   775 30418 D audio_route: audio_route_reset_and_update_path name speaker
08-24 17:42:16.426   775 30418 I soundtrigger: audio_extn_sound_trigger_update_device_status: device 0x2 of type 0 for Event 0, with Raise=0
08-24 17:42:16.426   775 30418 D audio_hw_primary: stop_output_stream: exit: status(0)
08-24 17:42:16.426   775 30418 D audio_hw_primary: out_standby: exit
08-24 17:42:16.429  5143  6670 D CAM_PreviewImage: PreviewDecodeManager convertYUV420ToNV21: cost = 8ms
08-24 17:42:16.429  5143  6687 D CAM_QrDecoder: decode E: previewImage is null? false
08-24 17:42:16.432   779   982 E CHIUSECASE: chxadvancedcamerausecase.cpp:4093 FindFeatureToProcessMessage() FindFeatureToProcessMessage pFeature is NULL!
08-24 17:42:16.439   882   882 E libc    : Access denied finding property "ro.hardware.fp.fod"
08-24 17:42:16.439   882   882 E libc    : Access denied finding property "ro.hardware.fp.sideCap"
08-24 17:42:16.444   779  1608 E cp      : TONEMAPPROF-DRC gain compensated : gamma_factor 1.702205, gain_factor 1.860294
08-24 17:42:16.450   779  1608 E CHISKINBEAUTIER: ChiSkinBeautifierNode: beautyPrams i:0
08-24 17:42:16.456  5143  5180 W CameraMetadataJV: Expect face scores and rectangles to be non-null
08-24 17:42:16.456  5143  6687 W CAM_QrDecoder: decode: failed...  
08-24 17:42:16.456  5143  5143 D CAM_QrDecoder: decode X: result = 
08-24 17:42:16.456   779  1611 D CamX    : [DEBUG][CORE   ] camxsession.cpp:2369 ProcessRequest() pipeline[0] OpenRequest called for request id = 38
08-24 17:42:16.456  5143  5180 W CameraMetadataJV: Expect face scores and rectangles to be non-null
08-24 17:42:16.466   779   982 E CHIUSECASE: chxadvancedcamerausecase.cpp:4093 FindFeatureToProcessMessage() FindFeatureToProcessMessage pFeature is NULL!
08-24 17:42:16.473   882   882 E libc    : Access denied finding property "ro.hardware.fp.fod"
08-24 17:42:16.473   882   882 E libc    : Access denied finding property "ro.hardware.fp.sideCap"
08-24 17:42:16.477 28984 29113 E ServiceScheduleManager: Enter loop()!!! is sync = 
08-24 17:42:16.478   779  1610 E cp      : TONEMAPPROF-DRC gain compensated : gamma_factor 1.702205, gain_factor 1.860294
08-24 17:42:16.483   779  1611 E CHISKINBEAUTIER: ChiSkinBeautifierNode: beautyPrams i:0
08-24 17:42:16.493  5143  5180 W CameraMetadataJV: Expect face scores and rectangles to be non-null
08-24 17:42:16.493   779  1610 D CamX    : [DEBUG][CORE   ] camxsession.cpp:2369 ProcessRequest() pipeline[0] OpenRequest called for request id = 39
08-24 17:42:16.493  5143  5180 W CameraMetadataJV: Expect face scores and rectangles to be non-null
08-24 17:42:16.499   779   982 E CHIUSECASE: chxadvancedcamerausecase.cpp:4093 FindFeatureToProcessMessage() FindFeatureToProcessMessage pFeature is NULL!
08-24 17:42:16.507   882   882 E libc    : Access denied finding property "ro.hardware.fp.fod"
08-24 17:42:16.507   882   882 E libc    : Access denied finding property "ro.hardware.fp.sideCap"
08-24 17:42:16.511   779  1611 E cp      : TONEMAPPROF-DRC gain compensated : gamma_factor 1.702205, gain_factor 1.860294
08-24 17:42:16.517   779  1608 E CHISKINBEAUTIER: ChiSkinBeautifierNode: beautyPrams i:0
08-24 17:42:16.527  5143  5180 W CameraMetadataJV: Expect face scores and rectangles to be non-null
08-24 17:42:16.527  5143  5180 W CameraMetadataJV: Expect face scores and rectangles to be non-null
08-24 17:42:16.528   779  1609 D CamX    : [DEBUG][CORE   ] camxsession.cpp:2369 ProcessRequest() pipeline[0] OpenRequest called for request id = 40
08-24 17:42:16.532   779   982 E CHIUSECASE: chxadvancedcamerausecase.cpp:4093 FindFeatureToProcessMessage() FindFeatureToProcessMessage pFeature is NULL!
08-24 17:42:16.540   882   882 E libc    : Access denied finding property "ro.hardware.fp.fod"
08-24 17:42:16.540   882   882 E libc    : Access denied finding property "ro.hardware.fp.sideCap"
08-24 17:42:16.544   779  1608 E cp      : TONEMAPPROF-DRC gain compensated : gamma_factor 1.702205, gain_factor 1.860294
08-24 17:42:16.550   779  1610 E CHISKINBEAUTIER: ChiSkinBeautifierNode: beautyPrams i:0
08-24 17:42:16.560   779  1608 D CamX    : [DEBUG][CORE   ] camxsession.cpp:2369 ProcessRequest() pipeline[0] OpenRequest called for request id = 41
08-24 17:42:16.560  5143  5180 W CameraMetadataJV: Expect face scores and rectangles to be non-null
08-24 17:42:16.561  5143  5180 W CameraMetadataJV: Expect face scores and rectangles to be non-null
08-24 17:42:16.566   779   982 E CHIUSECASE: chxadvancedcamerausecase.cpp:4093 FindFeatureToProcessMessage() FindFeatureToProcessMessage pFeature is NULL!
08-24 17:42:16.573   882   882 E libc    : Access denied finding property "ro.hardware.fp.fod"
08-24 17:42:16.574   882   882 E libc    : Access denied finding property "ro.hardware.fp.sideCap"
08-24 17:42:16.578   779  1610 E cp      : TONEMAPPROF-DRC gain compensated : gamma_factor 1.702205, gain_factor 1.860294
08-24 17:42:16.586   779  1609 E CHISKINBEAUTIER: ChiSkinBeautifierNode: beautyPrams i:0
08-24 17:42:16.597  5143  5180 W CameraMetadataJV: Expect face scores and rectangles to be non-null
08-24 17:42:16.598  5143  5180 W CameraMetadataJV: Expect face scores and rectangles to be non-null
08-24 17:42:16.599   779   982 E CHIUSECASE: chxadvancedcamerausecase.cpp:4093 FindFeatureToProcessMessage() FindFeatureToProcessMessage pFeature is NULL!
08-24 17:42:16.601   779  1611 D CamX    : [DEBUG][CORE   ] camxsession.cpp:2369 ProcessRequest() pipeline[0] OpenRequest called for request id = 42
08-24 17:42:16.602  2364  2627 D MobileSignalController: onSignalStrengthsChanged: SignalStrength:{mCdma=CellSignalStrengthCdma: cdmaDbm=2147483647 cdmaEcio=2147483647 evdoDbm=2147483647 evdoEcio=2147483647 evdoSnr=2147483647 miuiLevel=0 level=0,mGsm=CellSignalStrengthGsm: rssi=2147483647 ber=2147483647 mTa=2147483647 miuiLevel=0 mLevel=0,mWcdma=CellSignalStrengthWcdma: ss=2147483647 ber=2147483647 rscp=2147483647 ecno=2147483647 miuiLevel=0 level=0,mTdscdma=CellSignalStrengthTdscdma: rssi=2147483647 ber=2147483647 rscp=2147483647 miuiLevel=0 level=0,mLte=CellSignalStrengthLte: rssi=-63 rsrp=-94 rsrq=-12 rssnr=202 cqi=2147483647 ta=2147483647 miuiLevel=5 level=4,mNr=CellSignalStrengthNr:{ csiRsrp = 2147483647 csiRsrq = 2147483647 csiSinr = 2147483647 ssRsrp = 2147483647 ssRsrq = 2147483647 ssSinr = 2147483647 miuiLevel = 0 level = 0 },primary=CellSignalStrengthLte}
08-24 17:42:16.602  2364  2627 D NetworkController.MobileSignalController(4): 4G level = 5
08-24 17:42:16.607   882   882 E libc    : Access denied finding property "ro.hardware.fp.fod"
08-24 17:42:16.607   882   882 E libc    : Access denied finding property "ro.hardware.fp.sideCap"
08-24 17:42:16.611   779  1609 E cp      : TONEMAPPROF-DRC gain compensated : gamma_factor 1.721594, gain_factor 1.887992
08-24 17:42:16.616  2364  2627 D MobileSignalController: updateDataType mSelectedDataTypeIcon[1]=0, mSelectedDataActivityIndex=0
08-24 17:42:16.617  2364  2627 D TelephonyIcons: getSignalStrengthIcon: slot=1, inetCondition=1, level=5, roaming=false, signalstrength=SignalStrength:{mCdma=CellSignalStrengthCdma: cdmaDbm=2147483647 cdmaEcio=2147483647 evdoDbm=2147483647 evdoEcio=2147483647 evdoSnr=2147483647 miuiLevel=0 level=0,mGsm=CellSignalStrengthGsm: rssi=2147483647 ber=2147483647 mTa=2147483647 miuiLevel=0 mLevel=0,mWcdma=CellSignalStrengthWcdma: ss=2147483647 ber=2147483647 rscp=2147483647 ecno=2147483647 miuiLevel=0 level=0,mTdscdma=CellSignalStrengthTdscdma: rssi=2147483647 ber=2147483647 rscp=2147483647 miuiLevel=0 level=0,mLte=CellSignalStrengthLte: rssi=-63 rsrp=-94 rsrq=-12 rssnr=202 cqi=2147483647 ta=2147483647 miuiLevel=5 level=4,mNr=CellSignalStrengthNr:{ csiRsrp = 2147483647 csiRsrq = 2147483647 csiSinr = 2147483647 ssRsrp = 2147483647 ssRsrq = 2147483647 ssSinr = 2147483647 miuiLevel = 0 level = 0 },primary=CellSignalStrengthLte}
08-24 17:42:16.617   779  1609 E CHISKINBEAUTIER: ChiSkinBeautifierNode: beautyPrams i:0
08-24 17:42:16.618  2364  2627 D TelephonyIcons: null signal icon name: drawable/stat_sys_signal_null
08-24 17:42:16.619  2364  2627 D TelephonyIcons: getDataTypeIcon sub=1
08-24 17:42:16.620  2364  2364 D SignalClusterView: updateMobileTypeImage  0
08-24 17:42:16.621  2364  2364 D SignalClusterView: updateMobileTypeImage  0
08-24 17:42:16.626  5143  5180 W CameraMetadataJV: Expect face scores and rectangles to be non-null
08-24 17:42:16.626   779  1611 D CamX    : [DEBUG][CORE   ] camxsession.cpp:2369 ProcessRequest() pipeline[0] OpenRequest called for request id = 43
08-24 17:42:16.627  5143  5180 W CameraMetadataJV: Expect face scores and rectangles to be non-null
08-24 17:42:16.632   779   982 E CHIUSECASE: chxadvancedcamerausecase.cpp:4093 FindFeatureToProcessMessage() FindFeatureToProcessMessage pFeature is NULL!
08-24 17:42:16.640   882   882 E libc    : Access denied finding property "ro.hardware.fp.fod"
08-24 17:42:16.640   882   882 E libc    : Access denied finding property "ro.hardware.fp.sideCap"
08-24 17:42:16.644   779  1610 E cp      : TONEMAPPROF-DRC gain compensated : gamma_factor 1.721594, gain_factor 1.887992
08-24 17:42:16.650   779  1608 E CHISKINBEAUTIER: ChiSkinBeautifierNode: beautyPrams i:0
08-24 17:42:16.658   882   882 E libc    : Access denied finding property "ro.hardware.fp.fod"
08-24 17:42:16.658   882   882 E libc    : Access denied finding property "ro.hardware.fp.sideCap"
08-24 17:42:16.660   779  1608 E CHIUSECASE: chxfeatureasd.cpp:927 AsdMemcpy() dts size:3133440, src size:3153920, dst buffer size not equal src buffer size
08-24 17:42:16.662  5143  5180 W CameraMetadataJV: Expect face scores and rectangles to be non-null
08-24 17:42:16.662  5143  5180 W CameraMetadataJV: Expect face scores and rectangles to be non-null
08-24 17:42:16.666   779   982 E CHIUSECASE: chxadvancedcamerausecase.cpp:4093 FindFeatureToProcessMessage() FindFeatureToProcessMessage pFeature is NULL!
08-24 17:42:16.677   779  1611 E cp      : TONEMAPPROF-DRC gain compensated : gamma_factor 1.721594, gain_factor 1.887992
08-24 17:42:16.695   779  1611 D CamX    : [DEBUG][CORE   ] camxsession.cpp:2369 ProcessRequest() pipeline[0] OpenRequest called for request id = 4
08-24 17:42:16.696   779  1608 D CamX    : [DEBUG][CORE   ] camxsession.cpp:2369 ProcessRequest() pipeline[0] OpenRequest called for request id = 44
08-24 17:42:16.697   779  1609 E CHISKINBEAUTIER: ChiSkinBeautifierNode: beautyPrams i:0
08-24 17:42:16.698   779  1611 E CHIARCSOFTHDRCHECKER: [MIALGO_HDR][ARCSOFT]: orientation=0
08-24 17:42:16.698   779  1611 E CHIARCSOFTHDRCHECKER: ljc [MIALGO_HDR][ARCSOFT]: exp_time for current frame 0
08-24 17:42:16.698   779  1611 E CHIARCSOFTHDRCHECKER: [MIALGO_HDR][ARCSOFT]: frameNum 4, inputNum 1
08-24 17:42:16.698   779  1611 E CHIARCSOFTHDRCHECKER: [MIALGO_HDR][ARCSOFT]: frameNum 4, i 0, format: 3
08-24 17:42:16.698   779  1608 E CHISKINBEAUTIER: ChiSkinBeautifierNode: beautyPrams i:0
08-24 17:42:16.700   779   982 E CHIUSECASE: chxadvancedcamerausecase.cpp:4093 FindFeatureToProcessMessage() FindFeatureToProcessMessage pFeature is NULL!
08-24 17:42:16.701   779  1608 E CHIMIAISCENECHECKER:  orientation=0
08-24 17:42:16.702   779  1608 D MiAILab : scene_classify::doClassify Busy:0, proc:0xd9e7cc80, mProc:0xd9e7cc80, mComRelease:0, async:0
08-24 17:42:16.703   779  1608 D MiAILab : preprocess: resize=0.897217 yuv2bgr=0.077881 rotate=0.169922 sub&scale=0.141113(ms)
08-24 17:42:16.703   779  6786 I MiAILab : scene_classify::processThread process release:0, cmd.proc:0xd9e7cc80, mProc:0xd9e7cc80, mClassifier:0xdcd83248, busy:1
08-24 17:42:16.705   779  1610 D CamX    : [DEBUG][CORE   ] camxsession.cpp:2369 ProcessRequest() pipeline[0] OpenRequest called for request id = 45
08-24 17:42:16.709   882   882 E libc    : Access denied finding property "ro.hardware.fp.fod"
08-24 17:42:16.709   882   882 E libc    : Access denied finding property "ro.hardware.fp.sideCap"
08-24 17:42:16.709  5143  5180 W CameraMetadataJV: Expect face scores and rectangles to be non-null
08-24 17:42:16.710  5143  5180 W CameraMetadataJV: Expect face scores and rectangles to be non-null
08-24 17:42:16.712   779  1609 E cp      : TONEMAPPROF-DRC gain compensated : gamma_factor 1.721594, gain_factor 1.887992
08-24 17:42:16.717   779  6786 D MiAILab : forwardnet:13.850830
08-24 17:42:16.717   779  6786 I MiAILab : classify: mType:0, mLastScene:0, mSceneCounts:2
08-24 17:42:16.717   779  1608 I         : AIScene:ForwardAISceneNet: orientation:1, flag:=0
08-24 17:42:16.718   779  1611 E CamX    : [ERROR][HAL    ] camxmetadatapool.cpp:1457 GetMetadataByTag() Invalid Slot to get metadata by tag(0x882f0003)
08-24 17:42:16.718   779  1609 E CHISKINBEAUTIER: ChiSkinBeautifierNode: beautyPrams i:0
08-24 17:42:16.718   779  1611 E CamX    : [ERROR][HAL    ] camxmetadatapool.cpp:1457 GetMetadataByTag() Invalid Slot to get metadata by tag(0x882f0004)
08-24 17:42:16.718   779  1611 E CHIMIAIDIRTYCHECKER:  orientation=0
08-24 17:42:16.718   779  1611 D DirtyCamera: [D][a/dirty_classify.cpp(051)]:DirtyClassify::doClassify Busy:0, proc:0xd9e7cc88, mProc:0xd9e7cc88, mComRelease:0
08-24 17:42:16.720   779  6787 I DirtyCamera: [I][a/dirty_classify.cpp(179)]:DirtyClassify: processThread process release:0, cmd.proc:0xd9e7cc88, mProc:0xd9e7cc88, mClassifier:0xca0d49d8, busy:1
08-24 17:42:16.723   882   882 E libc    : Access denied finding property "ro.hardware.fp.fod"
08-24 17:42:16.723   882   882 E libc    : Access denied finding property "ro.hardware.fp.sideCap"
08-24 17:42:16.728  5143  5180 W CameraMetadataJV: Expect face scores and rectangles to be non-null
08-24 17:42:16.728  5143  5180 W CameraMetadataJV: Expect face scores and rectangles to be non-null
08-24 17:42:16.728   779  6787 D DirtyCamera: [D][/dirtycamera_api.cpp(103)]:yuv2bgr neon cost: 8.426000
08-24 17:42:16.728   779  6787 D DirtyCamera: [D][mera/dirtycamera.cpp(070)]:Resize cost: 0.323000
08-24 17:42:16.729   779  1609 D CamX    : [DEBUG][CORE   ] camxsession.cpp:2369 ProcessRequest() pipeline[0] OpenRequest called for request id = 46
08-24 17:42:16.732   779   982 E CHIUSECASE: chxadvancedcamerausecase.cpp:4093 FindFeatureToProcessMessage() FindFeatureToProcessMessage pFeature is NULL!
08-24 17:42:16.740   882   882 E libc    : Access denied finding property "ro.hardware.fp.fod"
08-24 17:42:16.740   882   882 E libc    : Access denied finding property "ro.hardware.fp.sideCap"
08-24 17:42:16.740   779  6787 D DirtyCamera: [D][mera/dirtycamera.cpp(074)]:DirtyNet forward cost: 11.650000
08-24 17:42:16.740   779  6787 D DirtyCamera: [D][mera/dirtycamera.cpp(082)]:MeanStdDev cost: 0.099000
08-24 17:42:16.741   779  6787 I DirtyCamera: [I][a/dirty_classify.cpp(134)]:DirtyClassify: DirtyCameraTM: prob: 0.0000, mean:65.6870, std:49.4197, blur:0.0000, label:0, cost: 21
08-24 17:42:16.742   779  1611 I         : AIDirty:ForwardAIDirtyNet: orientation:1, flag:=0
08-24 17:42:16.742   779  1609 E CamX    : [ERROR][HAL    ] camxmetadatapool.cpp:1457 GetMetadataByTag() Invalid Slot to get metadata by tag(0x882f0003)
08-24 17:42:16.742   779  1609 E CamX    : [ERROR][HAL    ] camxmetadatapool.cpp:1457 GetMetadataByTag() Invalid Slot to get metadata by tag(0x882f0004)
08-24 17:42:16.745   779  1611 E cp      : TONEMAPPROF-DRC gain compensated : gamma_factor 1.683101, gain_factor 1.833001
08-24 17:42:16.750   779  1609 E CHISKINBEAUTIER: ChiSkinBeautifierNode: beautyPrams i:0
08-24 17:42:16.759   779  1609 D CamX    : [DEBUG][CORE   ] camxsession.cpp:2369 ProcessRequest() pipeline[0] OpenRequest called for request id = 47
08-24 17:42:16.759  5143  5180 W CameraMetadataJV: Expect face scores and rectangles to be non-null
08-24 17:42:16.760  5143  5180 W CameraMetadataJV: Expect face scores and rectangles to be non-null
08-24 17:42:16.765   779   982 E CHIUSECASE: chxadvancedcamerausecase.cpp:4093 FindFeatureToProcessMessage() FindFeatureToProcessMessage pFeature is NULL!
08-24 17:42:16.761   882   882 W surfaceflinger: type=1400 audit(0.0:49484): avc: denied { read } for name="u:object_r:vendor_fp_prop:s0" dev="tmpfs" ino=22761 scontext=u:r:surfaceflinger:s0 tcontext=u:object_r:vendor_fp_prop:s0 tclass=file permissive=0
08-24 17:42:16.761   882   882 W surfaceflinger: type=1400 audit(0.0:49485): avc: denied { read } for name="u:object_r:vendor_fp_prop:s0" dev="tmpfs" ino=22761 scontext=u:r:surfaceflinger:s0 tcontext=u:object_r:vendor_fp_prop:s0 tclass=file permissive=0
08-24 17:42:16.773   882   882 E libc    : Access denied finding property "ro.hardware.fp.fod"
08-24 17:42:16.774   882   882 E libc    : Access denied finding property "ro.hardware.fp.sideCap"
08-24 17:42:16.778   779  1611 E cp      : TONEMAPPROF-DRC gain compensated : gamma_factor 1.645729, gain_factor 1.779613
08-24 17:42:16.783   779  1610 E CHISKINBEAUTIER: ChiSkinBeautifierNode: beautyPrams i:0
08-24 17:42:16.791   779  1610 D CamX    : [DEBUG][CORE   ] camxsession.cpp:2369 ProcessRequest() pipeline[0] OpenRequest called for request id = 48
08-24 17:42:16.794  5143  5180 W CameraMetadataJV: Expect face scores and rectangles to be non-null
08-24 17:42:16.794  5143  5180 W CameraMetadataJV: Expect face scores and rectangles to be non-null
08-24 17:42:16.799   779   982 E CHIUSECASE: chxadvancedcamerausecase.cpp:4093 FindFeatureToProcessMessage() FindFeatureToProcessMessage pFeature is NULL!
08-24 17:42:16.801   882   882 W surfaceflinger: type=1400 audit(0.0:49486): avc: denied { read } for name="u:object_r:vendor_fp_prop:s0" dev="tmpfs" ino=22761 scontext=u:r:surfaceflinger:s0 tcontext=u:object_r:vendor_fp_prop:s0 tclass=file permissive=0
08-24 17:42:16.801   882   882 W surfaceflinger: type=1400 audit(0.0:49487): avc: denied { read } for name="u:object_r:vendor_fp_prop:s0" dev="tmpfs" ino=22761 scontext=u:r:surfaceflinger:s0 tcontext=u:object_r:vendor_fp_prop:s0 tclass=file permissive=0
08-24 17:42:16.807   882   882 E libc    : Access denied finding property "ro.hardware.fp.fod"
08-24 17:42:16.808   882   882 E libc    : Access denied finding property "ro.hardware.fp.sideCap"
08-24 17:42:16.812   779  1609 E cp      : TONEMAPPROF-DRC gain compensated : gamma_factor 1.609446, gain_factor 1.727780
08-24 17:42:16.817   779  1611 E CHISKINBEAUTIER: ChiSkinBeautifierNode: beautyPrams i:0
08-24 17:42:16.826  5143  5180 W CameraMetadataJV: Expect face scores and rectangles to be non-null
08-24 17:42:16.826   779  1608 D CamX    : [DEBUG][CORE   ] camxsession.cpp:2369 ProcessRequest() pipeline[0] OpenRequest called for request id = 49
08-24 17:42:16.826  5143  5180 W CameraMetadataJV: Expect face scores and rectangles to be non-null
08-24 17:42:16.839   779   982 E CHIUSECASE: chxadvancedcamerausecase.cpp:4093 FindFeatureToProcessMessage() FindFeatureToProcessMessage pFeature is NULL!
08-24 17:42:16.840   882   882 E libc    : Access denied finding property "ro.hardware.fp.fod"
08-24 17:42:16.840   882   882 E libc    : Access denied finding property "ro.hardware.fp.sideCap"
08-24 17:42:16.831   882   882 W surfaceflinger: type=1400 audit(0.0:49488): avc: denied { read } for name="u:object_r:vendor_fp_prop:s0" dev="tmpfs" ino=22761 scontext=u:r:surfaceflinger:s0 tcontext=u:object_r:vendor_fp_prop:s0 tclass=file permissive=0
08-24 17:42:16.852   779  1609 E cp      : TONEMAPPROF-DRC gain compensated : gamma_factor 1.574219, gain_factor 1.677456
08-24 17:42:16.865  2364  2364 D KeyguardUpdateMonitor: received broadcast android.intent.action.BATTERY_CHANGED
08-24 17:42:16.867   779  1610 E CHISKINBEAUTIER: ChiSkinBeautifierNode: beautyPrams i:0
08-24 17:42:16.868  4094  4094 I BatteryInfoReceiver: ACTION_BATTERY_CHANGED
08-24 17:42:16.868  5239  6016 D PowerCheckerService: onBatteryChanged, mBatteryLevel = 96, status = 2, level = 96, plug = 2, scale = 100
08-24 17:42:16.876   779  1610 D CamX    : [DEBUG][CORE   ] camxsession.cpp:2369 ProcessRequest() pipeline[0] OpenRequest called for request id = 50
08-24 17:42:16.878  5143  5180 W CameraMetadataJV: Expect face scores and rectangles to be non-null
08-24 17:42:16.878  5143  5180 W CameraMetadataJV: Expect face scores and rectangles to be non-null
08-24 17:42:16.879   779   982 E CHIUSECASE: chxadvancedcamerausecase.cpp:4093 FindFeatureToProcessMessage() FindFeatureToProcessMessage pFeature is NULL!
08-24 17:42:16.890   882   882 E libc    : Access denied finding property "ro.hardware.fp.fod"
08-24 17:42:16.891   882   882 E libc    : Access denied finding property "ro.hardware.fp.sideCap"
08-24 17:42:16.891   779  1609 E cp      : TONEMAPPROF-DRC gain compensated : gamma_factor 1.540019, gain_factor 1.628598
08-24 17:42:16.897   779  1609 E CHISKINBEAUTIER: ChiSkinBeautifierNode: beautyPrams i:0
08-24 17:42:16.903   779  1608 D CamX    : [DEBUG][CORE   ] camxsession.cpp:2369 ProcessRequest() pipeline[0] OpenRequest called for request id = 51
08-24 17:42:16.904  5143  5180 W CameraMetadataJV: Expect face scores and rectangles to be non-null
08-24 17:42:16.904  5143  5180 W CameraMetadataJV: Expect face scores and rectangles to be non-null
08-24 17:42:16.907   882   882 E libc    : Access denied finding property "ro.hardware.fp.fod"
08-24 17:42:16.907   882   882 E libc    : Access denied finding property "ro.hardware.fp.sideCap"
08-24 17:42:16.920   779   982 E CHIUSECASE: chxadvancedcamerausecase.cpp:4093 FindFeatureToProcessMessage() FindFeatureToProcessMessage pFeature is NULL!
08-24 17:42:16.932   779  1608 E cp      : TONEMAPPROF-DRC gain compensated : gamma_factor 1.506814, gain_factor 1.581164
08-24 17:42:16.938   779  1609 E CHISKINBEAUTIER: ChiSkinBeautifierNode: beautyPrams i:0
08-24 17:42:16.948   779  1611 D CamX    : [DEBUG][CORE   ] camxsession.cpp:2369 ProcessRequest() pipeline[0] OpenRequest called for request id = 52
08-24 17:42:16.948  5143  5180 W CameraMetadataJV: Expect face scores and rectangles to be non-null
08-24 17:42:16.949  5143  5180 W CameraMetadataJV: Expect face scores and rectangles to be non-null
08-24 17:42:16.958   882   882 E libc    : Access denied finding property "ro.hardware.fp.fod"
08-24 17:42:16.958   882   882 E libc    : Access denied finding property "ro.hardware.fp.sideCap"
08-24 17:42:16.960   779   982 E CHIUSECASE: chxadvancedcamerausecase.cpp:4093 FindFeatureToProcessMessage() FindFeatureToProcessMessage pFeature is NULL!
08-24 17:42:16.972   779  1610 E cp      : TONEMAPPROF-DRC gain compensated : gamma_factor 1.490577, gain_factor 1.557967
08-24 17:42:16.978   779  1611 E CHISKINBEAUTIER: ChiSkinBeautifierNode: beautyPrams i:0
08-24 17:42:16.989   779  1610 E CHIUSECASE: chxfeatureasd.cpp:927 AsdMemcpy() dts size:3133440, src size:3153920, dst buffer size not equal src buffer size
08-24 17:42:16.990  5143  5180 W CameraMetadataJV: Expect face scores and rectangles to be non-null
08-24 17:42:16.990  5143  5180 W CameraMetadataJV: Expect face scores and rectangles to be non-null
08-24 17:42:17.000   779   982 E CHIUSECASE: chxadvancedcamerausecase.cpp:4093 FindFeatureToProcessMessage() FindFeatureToProcessMessage pFeature is NULL!
08-24 17:42:17.012   779  1611 E cp      : TONEMAPPROF-DRC gain compensated : gamma_factor 1.474577, gain_factor 1.535110
08-24 17:42:17.018   779  1609 D CamX    : [DEBUG][CORE   ] camxsession.cpp:2369 ProcessRequest() pipeline[0] OpenRequest called for request id = 5
08-24 17:42:17.019   779  1610 D CamX    : [DEBUG][CORE   ] camxsession.cpp:2369 ProcessRequest() pipeline[0] OpenRequest called for request id = 53
08-24 17:42:17.020   779  1609 E CHIARCSOFTHDRCHECKER: [MIALGO_HDR][ARCSOFT]: orientation=0
08-24 17:42:17.020   779  1609 E CHIARCSOFTHDRCHECKER: ljc [MIALGO_HDR][ARCSOFT]: exp_time for current frame 0
08-24 17:42:17.020   779  1609 E CHIARCSOFTHDRCHECKER: [MIALGO_HDR][ARCSOFT]: frameNum 5, inputNum 1
08-24 17:42:17.020   779  1609 E CHIARCSOFTHDRCHECKER: [MIALGO_HDR][ARCSOFT]: frameNum 5, i 0, format: 3
08-24 17:42:17.022   779  1611 E CHISKINBEAUTIER: ChiSkinBeautifierNode: beautyPrams i:0
08-24 17:42:17.027   779  1608 E CHIMIAISCENECHECKER:  orientation=0
08-24 17:42:17.027   779  1608 D MiAILab : scene_classify::doClassify Busy:0, proc:0xd9e7cc80, mProc:0xd9e7cc80, mComRelease:0, async:0
08-24 17:42:17.029   779  1608 D MiAILab : preprocess: resize=1.485107 yuv2bgr=0.155029 rotate=0.344971 sub&scale=0.323975(ms)
08-24 17:42:17.029   779  6786 I MiAILab : scene_classify::processThread process release:0, cmd.proc:0xd9e7cc80, mProc:0xd9e7cc80, mClassifier:0xdcd83248, busy:1
08-24 17:42:17.035   779  1610 D CamX    : [DEBUG][CORE   ] camxsession.cpp:2369 ProcessRequest() pipeline[0] OpenRequest called for request id = 54
08-24 17:42:17.035  5143  5180 W CameraMetadataJV: Expect face scores and rectangles to be non-null
08-24 17:42:17.037  5143  5180 W CameraMetadataJV: Expect face scores and rectangles to be non-null
08-24 17:42:17.040   779   982 E CHIUSECASE: chxadvancedcamerausecase.cpp:4093 FindFeatureToProcessMessage() FindFeatureToProcessMessage pFeature is NULL!
08-24 17:42:17.041   882   882 E libc    : Access denied finding property "ro.hardware.fp.fod"
08-24 17:42:17.042   882   882 E libc    : Access denied finding property "ro.hardware.fp.sideCap"
08-24 17:42:17.043   779  6786 D MiAILab : forwardnet:13.896973
08-24 17:42:17.043   779  6786 I MiAILab : classify: mType:0, mLastScene:0, mSceneCounts:3
08-24 17:42:17.044   779  1608 I         : AIScene:ForwardAISceneNet: orientation:1, flag:=0
08-24 17:42:17.045   779  1609 E CHIMIAIDIRTYCHECKER:  orientation=0
08-24 17:42:17.045   779  1609 D DirtyCamera: [D][a/dirty_classify.cpp(051)]:DirtyClassify::doClassify Busy:0, proc:0xd9e7cc88, mProc:0xd9e7cc88, mComRelease:0
08-24 17:42:17.046   779  6787 I DirtyCamera: [I][a/dirty_classify.cpp(179)]:DirtyClassify: processThread process release:0, cmd.proc:0xd9e7cc88, mProc:0xd9e7cc88, mClassifier:0xca0d49d8, busy:1
08-24 17:42:17.052   779  1610 E cp      : TONEMAPPROF-DRC gain compensated : gamma_factor 1.458812, gain_factor 1.512589
08-24 17:42:17.057   779  6787 D DirtyCamera: [D][/dirtycamera_api.cpp(103)]:yuv2bgr neon cost: 11.283000
08-24 17:42:17.058   882   882 E libc    : Access denied finding property "ro.hardware.fp.fod"
08-24 17:42:17.058   882   882 E libc    : Access denied finding property "ro.hardware.fp.sideCap"
08-24 17:42:17.058   779  6787 D DirtyCamera: [D][mera/dirtycamera.cpp(070)]:Resize cost: 0.334000
08-24 17:42:17.061   779  1611 E CHISKINBEAUTIER: ChiSkinBeautifierNode: beautyPrams i:0
08-24 17:42:17.070   779  1610 D CamX    : [DEBUG][CORE   ] camxsession.cpp:2369 ProcessRequest() pipeline[0] OpenRequest called for request id = 55
08-24 17:42:17.072  5143  5180 W CameraMetadataJV: Expect face scores and rectangles to be non-null
08-24 17:42:17.072   779  6787 D DirtyCamera: [D][mera/dirtycamera.cpp(074)]:DirtyNet forward cost: 14.277000
08-24 17:42:17.072   779  6787 D DirtyCamera: [D][mera/dirtycamera.cpp(082)]:MeanStdDev cost: 0.051000
08-24 17:42:17.072  5143  5180 W CameraMetadataJV: Expect face scores and rectangles to be non-null
08-24 17:42:17.073   779  6787 I DirtyCamera: [I][a/dirty_classify.cpp(134)]:DirtyClassify: DirtyCameraTM: prob: 0.0000, mean:82.0326, std:55.3181, blur:0.0000, label:0, cost: 27
08-24 17:42:17.073   779  1609 I         : AIDirty:ForwardAIDirtyNet: orientation:1, flag:=0
08-24 17:42:17.074   779  1608 E CamX    : [ERROR][HAL    ] camxmetadatapool.cpp:1457 GetMetadataByTag() Invalid Slot to get metadata by tag(0x882f0003)
08-24 17:42:17.075   779  1608 E CamX    : [ERROR][HAL    ] camxmetadatapool.cpp:1457 GetMetadataByTag() Invalid Slot to get metadata by tag(0x882f0004)
08-24 17:42:17.080   779   982 E CHIUSECASE: chxadvancedcamerausecase.cpp:4093 FindFeatureToProcessMessage() FindFeatureToProcessMessage pFeature is NULL!
08-24 17:42:17.091   882   882 E libc    : Access denied finding property "ro.hardware.fp.fod"
08-24 17:42:17.092   882   882 E libc    : Access denied finding property "ro.hardware.fp.sideCap"
08-24 17:42:17.092   779  1611 E cp      : TONEMAPPROF-DRC gain compensated : gamma_factor 1.443279, gain_factor 1.490398
08-24 17:42:17.098   779  1609 E CHISKINBEAUTIER: ChiSkinBeautifierNode: beautyPrams i:0
08-24 17:42:17.107   779  1609 D CamX    : [DEBUG][CORE   ] camxsession.cpp:2369 ProcessRequest() pipeline[0] OpenRequest called for request id = 56
08-24 17:42:17.109  5143  5180 W CameraMetadataJV: Expect face scores and rectangles to be non-null
08-24 17:42:17.110  5143  5180 W CameraMetadataJV: Expect face scores and rectangles to be non-null
08-24 17:42:17.121   779   982 E CHIUSECASE: chxadvancedcamerausecase.cpp:4093 FindFeatureToProcessMessage() FindFeatureToProcessMessage pFeature is NULL!
08-24 17:42:17.125   882   882 E libc    : Access denied finding property "ro.hardware.fp.fod"
08-24 17:42:17.125   882   882 E libc    : Access denied finding property "ro.hardware.fp.sideCap"
08-24 17:42:17.133   779  1608 E cp      : TONEMAPPROF-DRC gain compensated : gamma_factor 1.427973, gain_factor 1.468533
08-24 17:42:17.139   779  1610 E CHISKINBEAUTIER: ChiSkinBeautifierNode: beautyPrams i:0
08-24 17:42:17.151   779  1611 D CamX    : [DEBUG][CORE   ] camxsession.cpp:2369 ProcessRequest() pipeline[0] OpenRequest called for request id = 57
08-24 17:42:17.153  5143  5180 W CameraMetadataJV: Expect face scores and rectangles to be non-null
08-24 17:42:17.153  5143  5180 W CameraMetadataJV: Expect face scores and rectangles to be non-null
08-24 17:42:17.158   882   882 E libc    : Access denied finding property "ro.hardware.fp.fod"
08-24 17:42:17.158   882   882 E libc    : Access denied finding property "ro.hardware.fp.sideCap"
08-24 17:42:17.161   779   982 E CHIUSECASE: chxadvancedcamerausecase.cpp:4093 FindFeatureToProcessMessage() FindFeatureToProcessMessage pFeature is NULL!
08-24 17:42:17.167 31183 31240 E ServiceScheduleManager: Enter loop()!!! is sync = 
08-24 17:42:17.173   779  1610 E cp      : TONEMAPPROF-DRC gain compensated : gamma_factor 1.412892, gain_factor 1.446989
08-24 17:42:17.179   779  1610 E CHISKINBEAUTIER: ChiSkinBeautifierNode: beautyPrams i:0
08-24 17:42:17.190   779  1610 D CamX    : [DEBUG][CORE   ] camxsession.cpp:2369 ProcessRequest() pipeline[0] OpenRequest called for request id = 58
08-24 17:42:17.192  5143  5180 W CameraMetadataJV: Expect face scores and rectangles to be non-null
08-24 17:42:17.193  5143  5180 W CameraMetadataJV: Expect face scores and rectangles to be non-null
08-24 17:42:17.201   779   982 E CHIUSECASE: chxadvancedcamerausecase.cpp:4093 FindFeatureToProcessMessage() FindFeatureToProcessMessage pFeature is NULL!
08-24 17:42:17.208   882   882 E libc    : Access denied finding property "ro.hardware.fp.fod"
08-24 17:42:17.208   882   882 E libc    : Access denied finding property "ro.hardware.fp.sideCap"
08-24 17:42:17.213   779  1610 E cp      : TONEMAPPROF-DRC gain compensated : gamma_factor 1.398032, gain_factor 1.425760
08-24 17:42:17.220   779  1610 E CHISKINBEAUTIER: ChiSkinBeautifierNode: beautyPrams i:0
08-24 17:42:17.232  5143  5180 W CameraMetadataJV: Expect face scores and rectangles to be non-null
08-24 17:42:17.232   779  1610 D CamX    : [DEBUG][CORE   ] camxsession.cpp:2369 ProcessRequest() pipeline[0] OpenRequest called for request id = 59
08-24 17:42:17.232  5143  5180 W CameraMetadataJV: Expect face scores and rectangles to be non-null
08-24 17:42:17.242   882   882 E libc    : Access denied finding property "ro.hardware.fp.fod"
08-24 17:42:17.242   882   882 E libc    : Access denied finding property "ro.hardware.fp.sideCap"
08-24 17:42:17.243   779   982 E CHIUSECASE: chxadvancedcamerausecase.cpp:4093 FindFeatureToProcessMessage() FindFeatureToProcessMessage pFeature is NULL!
08-24 17:42:17.254   779  1611 E cp      : TONEMAPPROF-DRC gain compensated : gamma_factor 1.398032, gain_factor 1.425760
08-24 17:42:17.259   779  1611 E CHISKINBEAUTIER: ChiSkinBeautifierNode: beautyPrams i:0
08-24 17:42:17.270   779  1609 D CamX    : [DEBUG][CORE   ] camxsession.cpp:2369 ProcessRequest() pipeline[0] OpenRequest called for request id = 60
08-24 17:42:17.271  5143  5180 W CameraMetadataJV: Expect face scores and rectangles to be non-null
08-24 17:42:17.271  5143  5180 W CameraMetadataJV: Expect face scores and rectangles to be non-null
08-24 17:42:17.281   779   982 E CHIUSECASE: chxadvancedcamerausecase.cpp:4093 FindFeatureToProcessMessage() FindFeatureToProcessMessage pFeature is NULL!
08-24 17:42:17.292   882   882 E libc    : Access denied finding property "ro.hardware.fp.fod"
08-24 17:42:17.292   882   882 E libc    : Access denied finding property "ro.hardware.fp.sideCap"
08-24 17:42:17.294   779  1609 E cp      : TONEMAPPROF-DRC gain compensated : gamma_factor 1.398032, gain_factor 1.425760
08-24 17:42:17.301   779  1611 E CHISKINBEAUTIER: ChiSkinBeautifierNode: beautyPrams i:0
08-24 17:42:17.312   779  1610 E CHIUSECASE: chxfeatureasd.cpp:927 AsdMemcpy() dts size:3133440, src size:3153920, dst buffer size not equal src buffer size
08-24 17:42:17.313  5143  5180 W CameraMetadataJV: Expect face scores and rectangles to be non-null
08-24 17:42:17.314  5143  5180 W CameraMetadataJV: Expect face scores and rectangles to be non-null
08-24 17:42:17.322   779   982 E CHIUSECASE: chxadvancedcamerausecase.cpp:4093 FindFeatureToProcessMessage() FindFeatureToProcessMessage pFeature is NULL!
08-24 17:42:17.334   779  1608 E cp      : TONEMAPPROF-DRC gain compensated : gamma_factor 1.368963, gain_factor 1.384233
08-24 17:42:17.339   779  1610 D CamX    : [DEBUG][CORE   ] camxsession.cpp:2369 ProcessRequest() pipeline[0] OpenRequest called for request id = 6
08-24 17:42:17.340   779  1610 E CHISKINBEAUTIER: ChiSkinBeautifierNode: beautyPrams i:0
08-24 17:42:17.341   779  1611 E CHIARCSOFTHDRCHECKER: [MIALGO_HDR][ARCSOFT]: orientation=0
08-24 17:42:17.341   779  1611 E CHIARCSOFTHDRCHECKER: ljc [MIALGO_HDR][ARCSOFT]: exp_time for current frame 0
08-24 17:42:17.341   779  1611 E CHIARCSOFTHDRCHECKER: [MIALGO_HDR][ARCSOFT]: frameNum 6, inputNum 1
08-24 17:42:17.341   779  1611 E CHIARCSOFTHDRCHECKER: [MIALGO_HDR][ARCSOFT]: frameNum 6, i 0, format: 3
08-24 17:42:17.342   779  1608 D CamX    : [DEBUG][CORE   ] camxsession.cpp:2369 ProcessRequest() pipeline[0] OpenRequest called for request id = 61
08-24 17:42:17.344   779  1611 E CHIMIAISCENECHECKER:  orientation=0
08-24 17:42:17.345   779  1611 D MiAILab : scene_classify::doClassify Busy:0, proc:0xd9e7cc80, mProc:0xd9e7cc80, mComRelease:0, async:0
08-24 17:42:17.345  2066  3468 E TaskPersister: File error accessing recents directory (directory doesn't exist?).
08-24 17:42:17.350   779  1610 D CamX    : [DEBUG][CORE   ] camxsession.cpp:2369 ProcessRequest() pipeline[0] OpenRequest called for request id = 62
08-24 17:42:17.351   779  1611 D MiAILab : preprocess: resize=5.108887 yuv2bgr=0.161133 rotate=0.659912 sub&scale=0.290039(ms)
08-24 17:42:17.352   779  6786 I MiAILab : scene_classify::processThread process release:0, cmd.proc:0xd9e7cc80, mProc:0xd9e7cc80, mClassifier:0xdcd83248, busy:1
08-24 17:42:17.353  5143  5180 W CameraMetadataJV: Expect face scores and rectangles to be non-null
08-24 17:42:17.354  5143  5180 W CameraMetadataJV: Expect face scores and rectangles to be non-null
08-24 17:42:17.354  1284  1511 I ThermalEngine: algo_monitor: Thresh EVT
08-24 17:42:17.357  1284  1511 I ThermalEngine: handle_thresh_sig: SS Id CAMERA-SS-CPU4-SP1, Read xo_therm 37604mC
08-24 17:42:17.359   882   882 E libc    : Access denied finding property "ro.hardware.fp.fod"
08-24 17:42:17.359   882   882 E libc    : Access denied finding property "ro.hardware.fp.sideCap"
08-24 17:42:17.361  1284  1510 I ThermalEngine: handle_thresh_sig: TM Id CAMERA-SKIN-BATTERY-MONITOR Sensor xo_therm Temp 37604
08-24 17:42:17.361  1284  1510 I ThermalEngine: TM Id 'CAMERA-SKIN-BATTERY-MONITOR' Sensor 'xo_therm' - alarm  raised 4 at 37.6 degC
