08-24 17:42:13.796  1284  1512 I ThermalEngine: Parsing section CAMERA-CPU6_HOTPLUG_MONITOR
08-24 17:42:13.796  1284  1512 I ThermalEngine: Found field 'sampling'
08-24 17:42:13.796  1284  1512 I ThermalEngine: Found field 'sensor'
08-24 17:42:13.796  1284  1512 I ThermalEngine: Found field 'thresholds'
08-24 17:42:13.796  1284  1512 I ThermalEngine: Found field 'thresholds_clr'
08-24 17:42:13.796  1284  1512 I ThermalEngine: Found field 'actions'
08-24 17:42:13.796  1284  1512 I ThermalEngine: Found field 'action_info'
08-24 17:42:13.796  1284  1512 I ThermalEngine: Created section 'CAMERA-CPU7_HOTPLUG_MONITOR'
08-24 17:42:13.796  1284  1512 I ThermalEngine: Algo Type 'monitor'
08-24 17:42:13.796  1284  1512 I ThermalEngine: Parsing section CAMERA-CPU7_HOTPLUG_MONITOR
08-24 17:42:13.796  1284  1512 I ThermalEngine: Found field 'sampling'
08-24 17:42:13.796  1284  1512 I ThermalEngine: Found field 'sensor'
08-24 17:42:13.796  1284  1512 I ThermalEngine: Found field 'thresholds'
08-24 17:42:13.796  1284  1512 I ThermalEngine: Found field 'thresholds_clr'
08-24 17:42:13.796  1284  1512 I ThermalEngine: Found field 'actions'
08-24 17:42:13.796  1284  1512 I ThermalEngine: Found field 'action_info'
08-24 17:42:13.796  1284  1512 I ThermalEngine: Created section 'CAMERA-BACKLIGHT_MONITOR'
08-24 17:42:13.796  1284  1512 I ThermalEngine: Algo Type 'monitor'
08-24 17:42:13.796  1284  1512 I ThermalEngine: Parsing section CAMERA-BACKLIGHT_MONITOR
08-24 17:42:13.796  1284  1512 I ThermalEngine: Found field 'sampling'
08-24 17:42:13.796  1284  1512 I ThermalEngine: Found field 'sensor'
08-24 17:42:13.796  1284  1512 I ThermalEngine: Found field 'thresholds'
08-24 17:42:13.796  1284  1512 I ThermalEngine: Found field 'thresholds_clr'
08-24 17:42:13.796  1284  1512 I ThermalEngine: Found field 'actions'
08-24 17:42:13.796  1284  1512 I ThermalEngine: Found field 'action_info'
08-24 17:42:13.796  1284  1512 I ThermalEngine: Created section 'CAMERA-BAT_SOC_HOTPLUG_MONITOR'
08-24 17:42:13.796  1284  1512 I ThermalEngine: Algo Type 'monitor'
08-24 17:42:13.796  1284  1512 I ThermalEngine: Parsing section CAMERA-BAT_SOC_HOTPLUG_MONITOR
08-24 17:42:13.796  1284  1512 I ThermalEngine: Found field 'sampling'
08-24 17:42:13.796  1284  1512 I ThermalEngine: Found field 'sensor'
08-24 17:42:13.796  1284  1512 I ThermalEngine: Found field 'thresholds'
08-24 17:42:13.796  1284  1512 I ThermalEngine: Found field 'thresholds_clr'
08-24 17:42:13.796  1284  1512 I ThermalEngine: Found field 'actions'
08-24 17:42:13.796  1284  1512 I ThermalEngine: Found field 'action_info'
08-24 17:42:13.796  1284  1512 I ThermalEngine: Found field 'descending'
08-24 17:42:13.796  1284  1512 I ThermalEngine: Created section 'CAMERA-SKIN-BATTERY-MONITOR'
08-24 17:42:13.796  1284  1512 I ThermalEngine: Algo Type 'monitor'
08-24 17:42:13.796  1284  1512 I ThermalEngine: Parsing section CAMERA-SKIN-BATTERY-MONITOR
08-24 17:42:13.796  1284  1512 I ThermalEngine: Found field 'sampling'
08-24 17:42:13.796  1284  1512 I ThermalEngine: Found field 'sensor'
08-24 17:42:13.796  1284  1512 I ThermalEngine: Found field 'thresholds'
08-24 17:42:13.796  1284  1512 I ThermalEngine: Found field 'thresholds_clr'
08-24 17:42:13.796  1284  1512 I ThermalEngine: Found field 'actions'
08-24 17:42:13.796  1284  1512 I ThermalEngine: Found field 'action_info'
08-24 17:42:13.796  1284  1512 I ThermalEngine: Created section 'CAMERA-GPU_management'
08-24 17:42:13.796  1284  1512 I ThermalEngine: Algo Type 'monitor'
08-24 17:42:13.796  1284  1512 I ThermalEngine: Parsing section CAMERA-GPU_management
08-24 17:42:13.796  1284  1512 I ThermalEngine: Found field 'sampling'
08-24 17:42:13.796  1284  1512 I ThermalEngine: Found field 'sensor'
08-24 17:42:13.796  1284  1512 I ThermalEngine: Found field 'thresholds'
08-24 17:42:13.796  1284  1512 I ThermalEngine: Found field 'thresholds_clr'
08-24 17:42:13.796  1284  1512 I ThermalEngine: Found field 'actions'
08-24 17:42:13.796  1284  1512 I ThermalEngine: Found field 'action_info'
08-24 17:42:13.796  1284  1512 I ThermalEngine: Created section 'CAMERA-TEMP_STATE'
08-24 17:42:13.796  1284  1512 I ThermalEngine: Algo Type 'monitor'
08-24 17:42:13.796  1284  1512 I ThermalEngine: Parsing section CAMERA-TEMP_STATE
08-24 17:42:13.796  1284  1512 I ThermalEngine: Found field 'sampling'
08-24 17:42:13.796  1284  1512 I ThermalEngine: Found field 'sensor'
08-24 17:42:13.796  1284  1512 I ThermalEngine: Found field 'thresholds'
08-24 17:42:13.796  1284  1512 I ThermalEngine: Found field 'thresholds_clr'
08-24 17:42:13.796  1284  1512 I ThermalEngine: Found field 'actions'
08-24 17:42:13.796  1284  1512 I ThermalEngine: Found field 'action_info'
08-24 17:42:13.797  2066  2265 I MiuiNetworkPolicy: updateUidState uid = 10078, uidState = 11
08-24 17:42:13.797  2066  2265 I MiuiNetworkPolicy: updateMLUid uid:10078,old:4,new:11
08-24 17:42:13.797  2066  2265 I MiuiNetworkPolicy: isMLEnabled state:4,uid:10078,connect:DISCONNECTED
08-24 17:42:13.797  1284  1512 I ThermalEngine: Created section 'CAMERA-CCC-CTRL'
08-24 17:42:13.797  1284  1512 I ThermalEngine: Algo Type 'monitor'
08-24 17:42:13.797  2066  2265 I MiuiNetworkPolicy: isMLEnabled state:11,uid:10078,connect:DISCONNECTED
08-24 17:42:13.797  1284  1512 I ThermalEngine: Parsing section CAMERA-CCC-CTRL
08-24 17:42:13.797  1284  1512 I ThermalEngine: Found field 'sampling'
08-24 17:42:13.797  1284  1512 I ThermalEngine: Found field 'sensor'
08-24 17:42:13.797  1284  1512 I ThermalEngine: Found field 'thresholds'
08-24 17:42:13.797  1284  1512 I ThermalEngine: Found field 'thresholds_clr'
08-24 17:42:13.797  1284  1512 I ThermalEngine: Found field 'actions'
08-24 17:42:13.797  1284  1512 I ThermalEngine: Found field 'action_info'
08-24 17:42:13.798  1284  1510 I ThermalEngine: ACTION: BATTERY - Setting battery charging mitigation to 0
08-24 17:42:13.798  1284  1510 I ThermalEngine: Mitigation:Battery:0
08-24 17:42:13.802  1284  1510 I ThermalEngine: [CAMERA-CCC-CTRL]
08-24 17:42:13.802  1284  1510 I ThermalEngine: algo_type monitor
08-24 17:42:13.802  2839  2839 I RenderVsyncUpdater: All controllers paused.
08-24 17:42:13.802  1284  1510 I ThermalEngine: sampling 2000
08-24 17:42:13.802  1284  1510 I ThermalEngine: sensor xo_therm
08-24 17:42:13.802  1284  1510 I ThermalEngine: thresholds 54000
08-24 17:42:13.802  1284  1510 I ThermalEngine: thresholds_clr 48000
08-24 17:42:13.802  1284  1510 I ThermalEngine: actions hotplug_4+hotplug_5+modem
08-24 17:42:13.802  1284  1510 I ThermalEngine: action_info 1+1+2
08-24 17:42:13.802  1284  1510 I ThermalEngine: [CAMERA-TEMP_STATE]
08-24 17:42:13.802  1284  1510 I ThermalEngine: algo_type monitor
08-24 17:42:13.802  1284  1510 I ThermalEngine: sampling 2000
08-24 17:42:13.802  1284  1510 I ThermalEngine: sensor xo_therm
08-24 17:42:13.802  1284  1510 I ThermalEngine: thresholds 50000
08-24 17:42:13.802  1284  1510 I ThermalEngine: thresholds_clr 48000
08-24 17:42:13.802  1284  1510 I ThermalEngine: actions temp_state
08-24 17:42:13.802  1284  1510 I ThermalEngine: action_info 5
08-24 17:42:13.802  1284  1510 I ThermalEngine: [CAMERA-GPU_management]
08-24 17:42:13.802  1284  1510 I ThermalEngine: algo_type monitor
08-24 17:42:13.802  1284  1510 I ThermalEngine: sampling 1000
08-24 17:42:13.802  1284  1510 I ThermalEngine: sensor xo_therm
08-24 17:42:13.802  1284  1510 I ThermalEngine: thresholds 43000 45000
08-24 17:42:13.802  1284  1510 I ThermalEngine: thresholds_clr 41000 43000
08-24 17:42:13.802  1284  1510 I ThermalEngine: actions gpu gpu
08-24 17:42:13.802  1284  1510 I ThermalEngine: action_info 596000000 414000000
08-24 17:42:13.802  1284  1510 I ThermalEngine: [CAMERA-SKIN-BATTERY-MONITOR]
08-24 17:42:13.802  1284  1510 I ThermalEngine: algo_type monitor
08-24 17:42:13.802  1284  1510 I ThermalEngine: sampling 1000
08-24 17:42:13.802  1284  1510 I ThermalEngine: sensor xo_therm
08-24 17:42:13.802  1284  1510 I ThermalEngine: thresholds 34000 35000 36000 37000 38000 39000 40000 41000 42000 43000 44000 60000
08-24 17:42:13.802  1284  1510 I ThermalEngine: thresholds_clr 33000 34000 35000 36000 37000 38000 39000 40000 41000 42000 43000 44000
08-24 17:42:13.802  1284  1510 I ThermalEngine: actions battery battery battery battery battery battery battery battery battery battery battery battery
08-24 17:42:13.802  1284  1510 I ThermalEngine: action_info 0 1 2 3 4 5 6 7 8 9 10 12
08-24 17:42:13.802  1284  1510 I ThermalEngine: [CAMERA-BAT_SOC_HOTPLUG_MONITOR]
08-24 17:42:13.802  1284  1510 I ThermalEngine: algo_type monitor
08-24 17:42:13.802  1284  1510 I ThermalEngine: sampling 2000
08-24 17:42:13.802  1284  1510 I ThermalEngine: sensor bat_soc
08-24 17:42:13.802  1284  1510 I ThermalEngine: thresholds 10
08-24 17:42:13.802  1284  1510 I ThermalEngine: thresholds_clr 11
08-24 17:42:13.802  1284  1510 I ThermalEngine: actions hotplug_6+hotplug_7+cpu4
08-24 17:42:13.802  1284  1510 I ThermalEngine: action_info 1+1+1286400
08-24 17:42:13.802  1284  1510 I ThermalEngine: descending
08-24 17:42:13.802  1284  1510 I ThermalEngine: [CAMERA-BACKLIGHT_MONITOR]
08-24 17:42:13.802  1284  1510 I ThermalEngine: algo_type monitor
08-24 17:42:13.802  1284  1510 I ThermalEngine: sampling 1000
08-24 17:42:13.802  1284  1510 I ThermalEngine: sensor xo_therm
08-24 17:42:13.802  1284  1510 I ThermalEngine: thresholds 48000 51000
08-24 17:42:13.802  1284  1510 I ThermalEngine: thresholds_clr 45000 48000
08-24 17:42:13.802  1284  1510 I ThermalEngine: actions lcd lcd
08-24 17:42:13.802  1284  1510 I ThermalEngine: action_info 100 200
08-24 17:42:13.802  1284  1510 I ThermalEngine: [CAMERA-CPU7_HOTPLUG_MONITOR]
08-24 17:42:13.802  1284  1510 I ThermalEngine: algo_type monitor
08-24 17:42:13.802  1284  1510 I ThermalEngine: sampling 1000
08-24 17:42:13.802  1284  1510 I ThermalEngine: sensor xo_therm
08-24 17:42:13.802  1284  1510 I ThermalEngine: thresholds 48000
08-24 17:42:13.802  1284  1510 I ThermalEngine: thresholds_clr 47000
08-24 17:42:13.802  1284  1510 I ThermalEngine: actions hotplug_7
08-24 17:42:13.802  1284  1510 I ThermalEngine: action_info 1
08-24 17:42:13.802  1284  1510 I ThermalEngine: [CAMERA-CPU6_HOTPLUG_MONITOR]
08-24 17:42:13.802  1284  1510 I ThermalEngine: algo_type monitor
08-24 17:42:13.802  1284  1510 I ThermalEngine: sampling 1000
08-24 17:42:13.802  1284  1510 I ThermalEngine: sensor xo_therm
08-24 17:42:13.802  1284  1510 I ThermalEngine: thresholds 48000
08-24 17:42:13.802  1284  1510 I ThermalEngine: thresholds_clr 47000
08-24 17:42:13.802  1284  1510 I ThermalEngine: actions hotplug_6
08-24 17:42:13.802  1284  1510 I ThermalEngine: action_info 1
08-24 17:42:13.803   882   882 E libc    : Access denied finding property "ro.hardware.fp.fod"
08-24 17:42:13.803   882   882 E libc    : Access denied finding property "ro.hardware.fp.sideCap"
08-24 17:42:13.803  2066  2136 I Timeline: Timeline: App_transition_ready time:3209636
08-24 17:42:13.804  2066  2136 I Timeline: Timeline: App_transition_ready time:3209637
08-24 17:42:13.807  2066  2265 I MiuiNetworkPolicy: updateUidState uid = 10078, uidState = 20
08-24 17:42:13.807  2066  2265 I MiuiNetworkPolicy: updateMLUid uid:10078,old:11,new:20
08-24 17:42:13.807  2066  2265 I MiuiNetworkPolicy: isMLEnabled state:11,uid:10078,connect:DISCONNECTED
08-24 17:42:13.807  2066  2265 I MiuiNetworkPolicy: isMLEnabled state:20,uid:10078,connect:DISCONNECTED
08-24 17:42:13.807  1284  1510 I ThermalEngine: handle_thresh_sig: TM Id CAMERA-CCC-CTRL Sensor xo_therm Temp 35260
08-24 17:42:13.808  1284  1510 I ThermalEngine: handle_thresh_sig: TM Id CAMERA-TEMP_STATE Sensor xo_therm Temp 35260
08-24 17:42:13.809  1284  1510 I ThermalEngine: handle_thresh_sig: TM Id CAMERA-GPU_management Sensor xo_therm Temp 35260
08-24 17:42:13.810  1284  1510 I ThermalEngine: handle_thresh_sig: TM Id CAMERA-SKIN-BATTERY-MONITOR Sensor xo_therm Temp 35260
08-24 17:42:13.810  1284  1510 I ThermalEngine: TM Id 'CAMERA-SKIN-BATTERY-MONITOR' Sensor 'xo_therm' - alarm  raised 2 at 35.2 degC
08-24 17:42:13.810  1284  1510 I ThermalEngine: TM Id 'CAMERA-SKIN-BATTERY-MONITOR' Sensor 'xo_therm' - alarm  raised 1 at 35.2 degC
08-24 17:42:13.812  1284  1510 I ThermalEngine: j=0 i=1 TM Id CAMERA-SKIN-BATTERY-MONITOR Sensor xo_therm: Action battery value 1
08-24 17:42:13.812  1284  1510 I ThermalEngine: ACTION: BATTERY - Setting battery charging mitigation to 3
08-24 17:42:13.812  1284  1510 I ThermalEngine: Mitigation:Battery:3
08-24 17:42:13.812  1284  1510 I ThermalEngine: handle_thresh_sig: TM Id CAMERA-BAT_SOC_HOTPLUG_MONITOR Sensor bat_soc Temp 96
08-24 17:42:13.813  1284  1510 I ThermalEngine: handle_thresh_sig: TM Id CAMERA-BACKLIGHT_MONITOR Sensor xo_therm Temp 35260
08-24 17:42:13.814  1284  1510 I ThermalEngine: handle_thresh_sig: TM Id CAMERA-CPU7_HOTPLUG_MONITOR Sensor xo_therm Temp 35260
08-24 17:42:13.815  1284  1510 I ThermalEngine: handle_thresh_sig: TM Id CAMERA-CPU6_HOTPLUG_MONITOR Sensor xo_therm Temp 35260
08-24 17:42:13.815  1284  1511 I ThermalEngine: algo_monitor: Config switch
08-24 17:42:13.815  1284  1511 I ThermalEngine: ACTION: CPU - Setting CPU[4] to 0
08-24 17:42:13.815  1284  1511 I ThermalEngine: [CAMERA-SS-CPU4-SP5]
08-24 17:42:13.815  1284  1511 I ThermalEngine: algo_type ss
08-24 17:42:13.815  1284  1511 I ThermalEngine: sampling 500
08-24 17:42:13.815  1284  1511 I ThermalEngine: sensor xo_therm
08-24 17:42:13.815  1284  1511 I ThermalEngine: device cpu4
08-24 17:42:13.815  1284  1511 I ThermalEngine: set_point 51000
08-24 17:42:13.815  1284  1511 I ThermalEngine: set_point_clr 48000
08-24 17:42:13.815  1284  1511 I ThermalEngine: time_constant 0
08-24 17:42:13.815  1284  1511 I ThermalEngine: device_perf_floor 825600
08-24 17:42:13.815  1284  1511 I ThermalEngine: [CAMERA-SS-CPU4-SP4]
08-24 17:42:13.815  1284  1511 I ThermalEngine: algo_type ss
08-24 17:42:13.815  1284  1511 I ThermalEngine: sampling 500
08-24 17:42:13.815  1284  1511 I ThermalEngine: sensor xo_therm
08-24 17:42:13.815  1284  1511 I ThermalEngine: device cpu4
08-24 17:42:13.815  1284  1511 I ThermalEngine: set_point 48000
08-24 17:42:13.815  1284  1511 I ThermalEngine: set_point_clr 43000
08-24 17:42:13.815  1284  1511 I ThermalEngine: time_constant 0
08-24 17:42:13.815  1284  1511 I ThermalEngine: device_perf_floor 1363200
08-24 17:42:13.815  1284  1511 I ThermalEngine: [CAMERA-SS-CPU4-SP3]
08-24 17:42:13.815  1284  1511 I ThermalEngine: algo_type ss
08-24 17:42:13.815  1284  1511 I ThermalEngine: sampling 500
08-24 17:42:13.815  1284  1511 I ThermalEngine: sensor xo_therm
08-24 17:42:13.815  1284  1511 I ThermalEngine: device cpu4
08-24 17:42:13.815  1284  1511 I ThermalEngine: set_point 43000
08-24 17:42:13.815  1284  1511 I ThermalEngine: set_point_clr 41000
08-24 17:42:13.815  1284  1511 I ThermalEngine: time_constant 0
08-24 17:42:13.815  1284  1511 I ThermalEngine: device_perf_floor 1689600
08-24 17:42:13.815  1284  1511 I ThermalEngine: [CAMERA-SS-CPU4-SP2]
08-24 17:42:13.815  1284  1511 I ThermalEngine: algo_type ss
08-24 17:42:13.815  1284  1511 I ThermalEngine: sampling 500
08-24 17:42:13.815  1284  1511 I ThermalEngine: sensor xo_therm
08-24 17:42:13.815  1284  1511 I ThermalEngine: device cpu4
08-24 17:42:13.815  1284  1511 I ThermalEngine: set_point 41000
08-24 17:42:13.815  1284  1511 I ThermalEngine: set_point_clr 37000
08-24 17:42:13.815  1284  1511 I ThermalEngine: time_constant 0
08-24 17:42:13.815  1284  1511 I ThermalEngine: device_perf_floor 1843200
08-24 17:42:13.815  1284  1511 I ThermalEngine: [CAMERA-SS-CPU4-SP1]
08-24 17:42:13.815  1284  1511 I ThermalEngine: algo_type ss
08-24 17:42:13.815  1284  1511 I ThermalEngine: sampling 500
08-24 17:42:13.815  1284  1511 I ThermalEngine: sensor xo_therm
08-24 17:42:13.815  1284  1511 I ThermalEngine: device cpu4
08-24 17:42:13.815  1284  1511 I ThermalEngine: set_point 37000
08-24 17:42:13.815  1284  1511 I ThermalEngine: set_point_clr 35000
08-24 17:42:13.815  1284  1511 I ThermalEngine: time_constant 0
08-24 17:42:13.815  1284  1511 I ThermalEngine: device_perf_floor 2092800
08-24 17:42:13.815  1284  1511 I ThermalEngine: [CAMERA-SS-CPU4-SP0]
08-24 17:42:13.815  1284  1511 I ThermalEngine: algo_type ss
08-24 17:42:13.815  1284  1511 I ThermalEngine: sampling 500
08-24 17:42:13.815  1284  1511 I ThermalEngine: sensor xo_therm
08-24 17:42:13.815  1284  1511 I ThermalEngine: device cpu4
08-24 17:42:13.815  1284  1511 I ThermalEngine: set_point 35000
08-24 17:42:13.815  1284  1511 I ThermalEngine: set_point_clr 34000
08-24 17:42:13.815  1284  1511 I ThermalEngine: time_constant 0
08-24 17:42:13.815  1284  1511 I ThermalEngine: device_perf_floor 2323200
08-24 17:42:13.815  1284  1511 I ThermalEngine: algo_monitor: Thresh EVT
08-24 17:42:13.815  1284  1511 I ThermalEngine: handle_thresh_sig: SS Id CAMERA-SS-CPU4-SP5, Read xo_therm 35260mC
08-24 17:42:13.815  1284  1511 I ThermalEngine: handle_thresh_sig: SS Id CAMERA-SS-CPU4-SP4, Read xo_therm 35260mC
08-24 17:42:13.815  1284  1511 I ThermalEngine: handle_thresh_sig: SS Id CAMERA-SS-CPU4-SP3, Read xo_therm 35260mC
08-24 17:42:13.815  1284  1511 I ThermalEngine: handle_thresh_sig: SS Id CAMERA-SS-CPU4-SP2, Read xo_therm 35260mC
08-24 17:42:13.815  1284  1511 I ThermalEngine: handle_thresh_sig: SS Id CAMERA-SS-CPU4-SP1, Read xo_therm 35260mC
08-24 17:42:13.815  1284  1511 I ThermalEngine: handle_thresh_sig: SS Id CAMERA-SS-CPU4-SP0, Read xo_therm 35260mC
08-24 17:42:13.818   882   882 E libc    : Access denied finding property "ro.hardware.fp.fod"
08-24 17:42:13.818   882   882 E libc    : Access denied finding property "ro.hardware.fp.sideCap"
08-24 17:42:13.821  2066  2136 I Timeline: Timeline: App_transition_ready time:3209654
08-24 17:42:13.835   882   882 E libc    : Access denied finding property "ro.hardware.fp.fod"
08-24 17:42:13.835   882   882 E libc    : Access denied finding property "ro.hardware.fp.sideCap"
08-24 17:42:13.844  5143  5143 D CAM_Camera@75592859: onCreate start
08-24 17:42:13.852   882   882 E libc    : Access denied finding property "ro.hardware.fp.fod"
08-24 17:42:13.852   882   882 E libc    : Access denied finding property "ro.hardware.fp.sideCap"
08-24 17:42:13.861  5143  5143 V CameraIntentManager: dumpIntent is not enable on this device.
08-24 17:42:13.862  5143  5143 D CAM_CameraIntentManager: The caller:com.mi.android.globallauncher
08-24 17:42:13.862  5143  5143 E CAM_CameraIntentManager: checkCallerLegality: Unknown caller: com.mi.android.globallauncher
08-24 17:42:13.864  5143  5143 V CAM_CameraUtil: navBarHeight=130
08-24 17:42:13.864  5143  5143 V CAM_CameraUtil: StatusBarHeight=89
08-24 17:42:13.868   882   882 E libc    : Access denied finding property "ro.hardware.fp.fod"
08-24 17:42:13.868   882   882 E libc    : Access denied finding property "ro.hardware.fp.sideCap"
08-24 17:42:13.869  5143  5143 D CAM_CameraUtil: antiBanding mCountryIso=IN sRegion=IN
08-24 17:42:13.870  5143  5143 I CAM_PermissionManager: getNeedCheckPermissionList() listSize =0
08-24 17:42:13.870  5143  5143 I CAM_PermissionManager: CheckCameraPermissions(), all on
08-24 17:42:13.870  5143  5143 D CAM_Camera@75592859: onCreate(): prefixCamera2Setup
08-24 17:42:13.870  5143  5143 D CAM_CameraIntentManager: The caller:com.mi.android.globallauncher
08-24 17:42:13.870  5143  5143 E CAM_CameraIntentManager: checkCallerLegality: Unknown caller: com.mi.android.globallauncher
08-24 17:42:13.871  5143  5180 D CAM_PreFixCamera2Setup: mModuleChanged true LastMode is null
08-24 17:42:13.882  5143  5180 D CAM_HybridZoomingSystem: [1.0][0]
08-24 17:42:13.882  5143  5180 D CAM_HybridZoomingSystem: clearZoomRatioHistory()
08-24 17:42:13.882  5143  5180 D CAM_PreFixCamera2Setup: subscribe: mIntent = Intent { act=android.intent.action.MAIN cat=[android.intent.category.LAUNCHER] flg=0x10200000 cmp=com.android.camera/.Camera bnds=[852,2017][1020,2185] (has extras) }
08-24 17:42:13.885  5143  5143 D ForceDarkHelper: updateByCheckExcludeList: pkg: com.android.camera activity: com.android.camera.Camera@481749b
08-24 17:42:13.885  5143  6657 E CAM_CameraUtil: exit value = 1
08-24 17:42:13.885  5143  5143 D ForceDarkHelper: updateByCheckExcludeList: pkg: com.android.camera activity: com.android.camera.Camera@481749b
08-24 17:42:13.885   882   882 E libc    : Access denied finding property "ro.hardware.fp.fod"
08-24 17:42:13.885   882   882 E libc    : Access denied finding property "ro.hardware.fp.sideCap"
08-24 17:42:13.886  5143  5180 D CAM_DataItemGlobal: parseIntent timeOut = true, intentChanged = false, action = android.intent.action.MAIN, pendingOpenId = 0, pendingOpenModule = 163, intentCameraId = -1
08-24 17:42:13.887  5143  5143 D ForceDarkHelper: updateByCheckExcludeList: pkg: com.android.camera activity: com.android.camera.Camera@481749b
08-24 17:42:13.894  5143  5143 I chatty  : uid=10012(com.android.camera) identical 24 lines
08-24 17:42:13.896  5143  5143 D ForceDarkHelper: updateByCheckExcludeList: pkg: com.android.camera activity: com.android.camera.Camera@481749b
08-24 17:42:13.896 29281  5715 I CloudSettingsProvider: uriMatch : 2
08-24 17:42:13.901  5143  5143 D ForceDarkHelper: updateByCheckExcludeList: pkg: com.android.camera activity: com.android.camera.Camera@481749b
08-24 17:42:13.902   882   882 E libc    : Access denied finding property "ro.hardware.fp.fod"
08-24 17:42:13.902   882   882 E libc    : Access denied finding property "ro.hardware.fp.sideCap"
08-24 17:42:13.902  5143  5143 D CAM_CameraUtil: getDisplayRect:Rect(0, 208 - 1080, 1648)
08-24 17:42:13.905  5143  5143 D CAM_ActivityBase: initCameraScreenNail
08-24 17:42:13.906  5143  5143 D CAM_CameraIntentManager: The caller:com.mi.android.globallauncher
08-24 17:42:13.906  5143  5143 E CAM_CameraIntentManager: checkCallerLegality: Unknown caller: com.mi.android.globallauncher
08-24 17:42:13.906  5143  5143 D CAM_DataItemGlobal: parseIntent timeOut = true, intentChanged = false, action = android.intent.action.MAIN, pendingOpenId = 0, pendingOpenModule = 163, intentCameraId = -1
08-24 17:42:13.912  5143  5143 D CAM_Camera@75592859: onModeSelected from 0xa0 to 0xa3, ScreenSlideOff = false
08-24 17:42:13.912  5143  5143 D CAM_Camera@75592859: closeCameraSetup: CameraPendingSetupDisposable: X
08-24 17:42:13.912  5143  5143 D CAM_Camera@75592859: closeCameraSetup: CameraSetupDisposable: X
08-24 17:42:13.913  5143  5143 D CAM_Camera@75592859: onModeSelected: module instantiated: Camera2Module@56330720: mid = 0, cid = 0, created = false, departed = false
08-24 17:42:13.913  5143  5143 D CAM_Camera@75592859: onModeSelected: without prefix
08-24 17:42:13.915  5143  5143 D CAM_Camera@75592859: onLifeAlive module 0xa3, need anim 1, need blur false need reconfig true reset type 3
08-24 17:42:13.915  5143  5143 D CAM_Camera@75592859: onLifeAlive: isFromKeyguard: false, mHasBeenSetupOnFocusChanged: false, mHasFocus: false
08-24 17:42:13.915  5143  5143 D CAM_Camera@75592859: onLifeAlive: setupCamera: !keyguard
08-24 17:42:13.916  5143  5180 D CAM_loadSettings:: 
08-24 17:42:13.916  5143  5143 I CAM_PermissionManager: getNeedCheckPermissionList() listSize =0
08-24 17:42:13.916  5143  5143 I CAM_PermissionManager: CheckCameraPermissions(), all on
08-24 17:42:13.916  5143  5143 D CAM_Camera@75592859: setupCamera: E
08-24 17:42:13.916  5143  5143 D CAM_Camera@75592859: closeCameraSetup: CameraPendingSetupDisposable: X
08-24 17:42:13.916  5143  5143 D CAM_Camera@75592859: closeCameraSetup: CameraSetupDisposable: X
08-24 17:42:13.916  5143  5180 D CAM_SendBroadcastNotifyExternal: notify external(mode:163,facing:0)
08-24 17:42:13.916  5143  5143 D CAM_Camera@75592859: setupCamera: CameraSetupDisposable: E
08-24 17:42:13.916  5143  5143 D CAM_Camera@75592859: setupCamera: X
08-24 17:42:13.917  5143  5180 D CAM_PreFixCamera2Setup: subscribe: request to open 0
08-24 17:42:13.920   882   882 E libc    : Access denied finding property "ro.hardware.fp.fod"
08-24 17:42:13.920   882   882 E libc    : Access denied finding property "ro.hardware.fp.sideCap"
08-24 17:42:13.920  5143  5180 D CAM_Camera2DataContainer: getActualOpenCameraId: mode=a3, id=0->0
08-24 17:42:13.920  5143  5180 D CAM_Camera2OpenManager: cid: -1 -> 0, mid: 160 -> 163, fcc: true
08-24 17:42:13.920  5143  5180 D CAM_Camera2OpenManager: abandonCameraResultObservable: E
08-24 17:42:13.920  5143  5180 D CAM_Camera2OpenManager: abandonCameraResultObservable: X
08-24 17:42:13.921  5143  5143 I android_os_HwBinder: HwBinder: Starting thread pool for getting: vendor.xiaomi.hardware.displayfeature@1.0::IDisplayFeature/default
08-24 17:42:13.922  5143  5180 D CAM_Camera2OpenManager: subscribeCameraResultObservable: E
08-24 17:42:13.922  5143  5181 D CloseCameraCallable: E: cid: null
08-24 17:42:13.922  5143  5181 D CloseCameraCallable: E: closeCamera: cid = null, excludes = []
08-24 17:42:13.922  5143  5181 D CloseCameraCallable: X: closeCamera: cid = null, excludes = []
08-24 17:42:13.922  5143  5181 D CloseCameraCallable: X: cid: null (dur: 0)
08-24 17:42:13.922  5143  5180 D CAM_Camera2OpenManager: subscribeCameraResultObservable: X
08-24 17:42:13.922  5143  5180 D CAM_CameraOpenObservable: subscribeActual: openCamera: cid = 0, listener = 28535234
08-24 17:42:13.924  5143  5181 D OpenCameraCallable: E: cid: 0
08-24 17:42:13.925  5143  5180 I CAM_PermissionManager: getNeedCheckPermissionList() listSize =0
08-24 17:42:13.925  5143  5180 I CAM_PermissionManager: CheckCameraPermissions(), all on
08-24 17:42:13.925  5143  5181 D OpenCameraCallable: openCamera: E: cid = 0
08-24 17:42:13.925  5143  5181 D OpenCameraCallable: openCamera: retries = 0
08-24 17:42:13.926  5143  6657 V CAM_CameraUtil: execCommand value=35312 cost=41
08-24 17:42:13.931  5143  5180 D CAM_WaterMarkUtil: getWaterMarkId: all = back_beryllium_india_poco_f1
08-24 17:42:13.931  5143  5180 D CAM_WaterMarkUtil: getWaterMarkId: find second = back_beryllium_india
08-24 17:42:13.932  5143  5143 D CAM_Camera@75592859: Bind Lens service: E
08-24 17:42:13.934   577   577 E SELinux : avc:  denied  { find } for interface=vendor.qti.hardware.servicetracker::IServicetracker sid=u:r:system_server:s0 pid=2066 scontext=u:r:system_server:s0 tcontext=u:object_r:default_android_hwservice:s0 tclass=hwservice_manager permissive=0
08-24 17:42:13.936  5143  5180 D CAM_ComponentConfigBeauty: 2: getComponentValue(): legacy=false, mode=162, value=i:0
08-24 17:42:13.936  5143  5180 D CAM_ComponentConfigBeauty: 3: getComponentValue(): legacy=false, mode=162, value=i:0
08-24 17:42:13.936  2066  4842 D CompatibilityInfo: mCompatibilityFlags - 0
08-24 17:42:13.936  2066  4842 D CompatibilityInfo: applicationDensity - 440
08-24 17:42:13.936  2066  4842 D CompatibilityInfo: applicationScale - 1.0
08-24 17:42:13.937   882   882 E libc    : Access denied finding property "ro.hardware.fp.fod"
08-24 17:42:13.937   882   882 E libc    : Access denied finding property "ro.hardware.fp.sideCap"
08-24 17:42:13.937   577   577 E SELinux : avc:  denied  { find } for interface=vendor.qti.hardware.servicetracker::IServicetracker sid=u:r:system_server:s0 pid=2066 scontext=u:r:system_server:s0 tcontext=u:object_r:default_android_hwservice:s0 tclass=hwservice_manager permissive=0
08-24 17:42:13.939  5143  5143 D CAM_Camera@75592859: Bind Lens service: X
08-24 17:42:13.939  5143  5143 D CAM_ThermalDetector: onCreate
08-24 17:42:13.939  5143  5143 D ViberatorContext: ViberatorContext: init legacy class
08-24 17:42:13.939  5143  5143 D ViberatorContext: setSnapClickVibratorEnable: ignore...
08-24 17:42:13.939  5143  5143 D CAM_Camera@75592859: onCreate end
08-24 17:42:13.939  1300  1300 I CameraService: CameraService::connect call (PID -1 "com.android.camera", camera ID 0) for HAL version default and Camera API version 2
08-24 17:42:13.940  1300  1300 I Camera2ClientBase: Camera 0: Opened. Client: com.android.camera (PID 5143, UID 10012)
08-24 17:42:13.941  1300  1300 I CameraDeviceClient: CameraDeviceClient 0: Opened
08-24 17:42:13.942  5143  5143 D CAM_Camera@75592859: onStart start
08-24 17:42:13.945 32337 32337 I A       : Creating pss binder().
08-24 17:42:13.945  5143  5143 D ForceDarkHelper: updateByCheckExcludeList: pkg: com.android.camera activity: com.android.camera.Camera@481749b
08-24 17:42:13.946  5143  5143 D CAM_FragmentDispatch: reInit
08-24 17:42:13.946  5143  5143 D CAM_Camera2DataContainer: getActualOpenCameraId: mode=a3, id=0->0
08-24 17:42:13.947  5143  5180 D CAM_ComponentConfigBeauty: 2: getComponentValue(): legacy=false, mode=162, value=i:0
08-24 17:42:13.947  5143  5180 D CAM_ComponentConfigBeauty: 3: getComponentValue(): legacy=false, mode=162, value=i:0
08-24 17:42:13.948  5143  5143 D CAM_CameraCapabilities: addStreamConfigurationToList: xiaomi.scaler.availableLimitStreamConfigurations: size = 168
08-24 17:42:13.951  5143  5143 D ForceDarkHelper: updateByCheckExcludeList: pkg: com.android.camera activity: com.android.camera.Camera@481749b
08-24 17:42:13.951  5143  5180 D CAM_Camera2OpenOnSubScribe: subscribe: request to open 0
08-24 17:42:13.951  5143  5143 D ForceDarkHelper: updateByCheckExcludeList: pkg: com.android.camera activity: com.android.camera.Camera@481749b
08-24 17:42:13.952  5143  5180 D CAM_Camera2DataContainer: getActualOpenCameraId: mode=a3, id=0->0
08-24 17:42:13.952  5143  5180 D CAM_Camera2OpenManager: cid: 0 -> 0, mid: 163 -> 163, fcc: false
08-24 17:42:13.952  5143  5180 D CAM_Camera2OpenManager: subscribeCameraResultObservable: E
08-24 17:42:13.952  5143  5180 D CAM_Camera2OpenOnSubScribe: onSubscribe
08-24 17:42:13.952  5143  5180 D CAM_Camera2OpenManager: subscribeCameraResultObservable: X
08-24 17:42:13.952  5143  5180 D CAM_CameraOpenObservable: subscribeActual: openCamera: cid = 0, listener = 216616006
08-24 17:42:13.952  5143  6657 V CAM_CameraUtil: execCommand value=MemFree:           83296 kB
08-24 17:42:13.952  5143  6657 V CAM_CameraUtil: MemAvailable:    2146572 kB
08-24 17:42:13.952  5143  6657 V CAM_CameraUtil:  cost=26
08-24 17:42:13.953   882   882 E libc    : Access denied finding property "ro.hardware.fp.fod"
08-24 17:42:13.953   882   882 E libc    : Access denied finding property "ro.hardware.fp.sideCap"
08-24 17:42:13.960  5143  5143 D ForceDarkHelper: updateByCheckExcludeList: pkg: com.android.camera activity: com.android.camera.Camera@481749b
08-24 17:42:13.964  5143  5143 I chatty  : uid=10012(com.android.camera) identical 9 lines
08-24 17:42:13.967  5143  5143 D ForceDarkHelper: updateByCheckExcludeList: pkg: com.android.camera activity: com.android.camera.Camera@481749b
08-24 17:42:13.968   882   882 E libc    : Access denied finding property "ro.hardware.fp.fod"
08-24 17:42:13.968   882   882 E libc    : Access denied finding property "ro.hardware.fp.sideCap"
08-24 17:42:13.971  5143  5143 D ForceDarkHelper: updateByCheckExcludeList: pkg: com.android.camera activity: com.android.camera.Camera@481749b
08-24 17:42:13.976  5143  5143 I chatty  : uid=10012(com.android.camera) identical 6 lines
08-24 17:42:13.984  5143  5143 D ForceDarkHelper: updateByCheckExcludeList: pkg: com.android.camera activity: com.android.camera.Camera@481749b
08-24 17:42:13.985   882   882 E libc    : Access denied finding property "ro.hardware.fp.fod"
08-24 17:42:13.985   882   882 E libc    : Access denied finding property "ro.hardware.fp.sideCap"
08-24 17:42:13.987  5143  5143 D ForceDarkHelper: updateByCheckExcludeList: pkg: com.android.camera activity: com.android.camera.Camera@481749b
08-24 17:42:14.000  1300  1300 I CameraService: onTorchStatusChangedLocked: Torch status changed for cameraId=0, newStatus=0
08-24 17:42:14.001 29502 29521 E libc    : Access denied finding property "camera.aux.packagelist"
08-24 17:42:14.001  2066  2136 I Timeline: Timeline: App_transition_stopped time:3209835
08-24 17:42:14.001 29502 29521 E libc    : Access denied finding property "camera.aux.packagelist"
08-24 17:42:14.002  2364  2364 D EventBus: [2364, u0] send(AppTransitionFinishedEvent)
08-24 17:42:14.002  2364  2364 D EventBus: [2364, u0]  -> ForcedResizableInfoActivityController [0x3d712f2, P1] onBusEvent(AppTransitionFinishedEvent)
08-24 17:42:14.002  2364  2364 D EventBus: [2364, u0] onBusEvent(AppTransitionFinishedEvent) duration: 15 microseconds, avg: 811
08-24 17:42:14.002  2364  2364 D EventBus: [2364, u0] send(AppTransitionFinishedEvent)
08-24 17:42:14.002  2364  2364 D EventBus: [2364, u0]  -> ForcedResizableInfoActivityController [0x3d712f2, P1] onBusEvent(AppTransitionFinishedEvent)
08-24 17:42:14.002  2364  2364 D EventBus: [2364, u0] onBusEvent(AppTransitionFinishedEvent) duration: 4 microseconds, avg: 810
08-24 17:42:14.002   775 30418 D audio_hw_primary: adev_set_parameters: enter: cameraFacing=back
08-24 17:42:14.002   775 30418 V msm8974_platform: platform_set_parameters: enter: cameraFacing=back
08-24 17:42:14.002   775 30418 D audio_hw_hfp: hfp_set_parameters: enter
08-24 17:42:14.002   775 30418 D audio_hw_hfp: hfp_set_parameters: enter
08-24 17:42:14.002   775 30418 D audio_hw_extn: audio_extn_fm_set_parameters: Enter
08-24 17:42:14.002   882   882 E libc    : Access denied finding property "ro.hardware.fp.fod"
08-24 17:42:14.002   882   882 E libc    : Access denied finding property "ro.hardware.fp.sideCap"
08-24 17:42:14.002   775 30418 D audio_hw_hfp: hfp_set_parameters: enter
08-24 17:42:14.002   775 30418 V ultrasound_extn: ultrasound_extn_set_parameters: enter
08-24 17:42:14.002   775 30418 V ultrasound_extn: ultrasound_handle_screen_on_message: enter
08-24 17:42:14.002   775 30418 V ultrasound_extn: ultrasound_handle_screen_on_message: exit
08-24 17:42:14.002   775 30418 V ultrasound_extn: ultrasound_handle_sensor_fusion_message: enter
08-24 17:42:14.002   775 30418 V ultrasound_extn: ultrasound_handle_sensor_fusion_message: exit
08-24 17:42:14.002   775 30418 V ultrasound_extn: ultrasound_extn_set_parameters: usecase handling parms:cameraFacing=back
08-24 17:42:14.006  5143  5143 D miuix_anim: logLevel = 
08-24 17:42:14.012  1300  1300 I CameraProviderManager: Camera device device@3.3/legacy/0 torch status is now NOT_AVAILABLE
08-24 17:42:14.012  1300  1300 I CameraService: onTorchStatusChangedLocked: Torch status changed for cameraId=0, newStatus=0
08-24 17:42:14.016  5143  5143 D ForceDarkHelper: updateByCheckExcludeList: pkg: com.android.camera activity: com.android.camera.Camera@481749b
08-24 17:42:14.016  5143  5143 D ForceDarkHelper: updateByCheckExcludeList: pkg: com.android.camera activity: com.android.camera.Camera@481749b
08-24 17:42:14.016  5143  5143 E .android.camer: No package ID ff found for ID 0xffffffff.
08-24 17:42:14.016  5143  5143 I chatty  : uid=10012(com.android.camera) identical 2 lines
08-24 17:42:14.016  5143  5143 E .android.camer: No package ID ff found for ID 0xffffffff.
08-24 17:42:14.017  5143  5143 D ForceDarkHelper: updateByCheckExcludeList: pkg: com.android.camera activity: com.android.camera.Camera@481749b
08-24 17:42:14.019   882   882 D SurfaceFlinger: Launcher Changed hasLauncher=0
08-24 17:42:14.019   882   882 D SurfaceFlinger: WallPaper Changed hasWallPaper=0
08-24 17:42:14.019   882   882 E libc    : Access denied finding property "ro.hardware.fp.fod"
08-24 17:42:14.019   882   882 E libc    : Access denied finding property "ro.hardware.fp.sideCap"
08-24 17:42:14.020   779  2158 E libc    : Access denied finding property "ro.camera.req.fmq.size"
08-24 17:42:14.022  5143  5143 D ForceDarkHelper: updateByCheckExcludeList: pkg: com.android.camera activity: com.android.camera.Camera@481749b
08-24 17:42:14.022  5143  5143 I chatty  : uid=10012(com.android.camera) identical 3 lines
08-24 17:42:14.022  5143  5143 D ForceDarkHelper: updateByCheckExcludeList: pkg: com.android.camera activity: com.android.camera.Camera@481749b
08-24 17:42:14.023   779  2158 E libc    : Access denied finding property "ro.camera.res.fmq.size"
08-24 17:42:14.023  5143  5143 D ForceDarkHelper: updateByCheckExcludeList: pkg: com.android.camera activity: com.android.camera.Camera@481749b
08-24 17:42:14.028  5143  5143 I chatty  : uid=10012(com.android.camera) identical 5 lines
08-24 17:42:14.028  5143  5143 D ForceDarkHelper: updateByCheckExcludeList: pkg: com.android.camera activity: com.android.camera.Camera@481749b
08-24 17:42:14.028  5143  5143 I  AdaptiveTv: init:  mMaxFontScale :1.4
08-24 17:42:14.028  5143  5143 D ForceDarkHelper: updateByCheckExcludeList: pkg: com.android.camera activity: com.android.camera.Camera@481749b
08-24 17:42:14.033  5143  5143 I chatty  : uid=10012(com.android.camera) identical 9 lines
08-24 17:42:14.035  5143  5143 D ForceDarkHelper: updateByCheckExcludeList: pkg: com.android.camera activity: com.android.camera.Camera@481749b
08-24 17:42:14.036   882   882 E libc    : Access denied finding property "ro.hardware.fp.fod"
08-24 17:42:14.036   882   882 E libc    : Access denied finding property "ro.hardware.fp.sideCap"
08-24 17:42:14.040  5143  5143 D ForceDarkHelper: updateByCheckExcludeList: pkg: com.android.camera activity: com.android.camera.Camera@481749b
08-24 17:42:14.042  5143  5143 I chatty  : uid=10012(com.android.camera) identical 5 lines
08-24 17:42:14.043  5143  5143 D ForceDarkHelper: updateByCheckExcludeList: pkg: com.android.camera activity: com.android.camera.Camera@481749b
08-24 17:42:14.043  5143  5143 I CAM_BottomActionMenu: switch menu mode:camera_operate
08-24 17:42:14.044  5143  5143 D CAM_ModeSelectView: init curMode = 163
08-24 17:42:14.044  5143  5143 D CAM_DataItemGlobal: setSortModes [167, 162, 163, 171, 254, 173, 161, 166, 172, 169]
08-24 17:42:14.044  5143  5181 D OpenCameraCallable: openCamera: X: cid = 0
08-24 17:42:14.045  5143  5181 D OpenCameraCallable: X: cid: 0 (dur: 121)
08-24 17:42:14.045  5143  5181 D CAM_CameraOpenObservable: onDispose: listener: 28535234
08-24 17:42:14.045  5143  5181 D CloseCameraCallable: E: cid: null
08-24 17:42:14.045  5143  5181 D CloseCameraCallable: E: closeCamera: cid = null, excludes = [0]
08-24 17:42:14.045  5143  5181 D CloseCameraCallable: X: closeCamera: cid = null, excludes = [0]
08-24 17:42:14.045  5143  5181 D CloseCameraCallable: X: cid: null (dur: 0)
08-24 17:42:14.045  5143  5181 D OpenCameraCallable: E: cid: 0
08-24 17:42:14.045  5143  5181 D OpenCameraCallable: CameraService is busy (cid = 0), postpone the open request (cid = 0)
08-24 17:42:14.045  5143  5181 D OpenCameraCallable: X: cid: 0 (dur: 0)
08-24 17:42:14.045  5143  5181 D OpenCameraCallable: onOpened: cid = 0
08-24 17:42:14.046  5143  5181 D OpenCameraCallable: Success: cid: 0 (dur: 122)
08-24 17:42:14.046  5143  5181 D CloseCameraCallable: E: cid: null
08-24 17:42:14.046  5143  5181 D CloseCameraCallable: E: closeCamera: cid = null, excludes = [0]
08-24 17:42:14.046  5143  5181 D CloseCameraCallable: closeCamera: camera '0' is excluded
08-24 17:42:14.046  5143  5181 D CloseCameraCallable: X: closeCamera: cid = null, excludes = [0]
08-24 17:42:14.046  5143  5181 D CloseCameraCallable: X: cid: null (dur: 0)
08-24 17:42:14.046  5143  5181 D OpenCameraCallable: E: cid: 0
08-24 17:42:14.046  5143  5181 D OpenCameraCallable: Camera is already opened: cid = 0
08-24 17:42:14.046  5143  5181 D CAM_MiCamera2: setCaptureBusyCallback: null
08-24 17:42:14.046  5143  5181 W CAM_MiCamera2: releasePreview: null session
08-24 17:42:14.046  5143  5181 V CAM_MiCamera2: E: resetConfigs
08-24 17:42:14.046  5143  5181 V CAM_MiCamera2: X: resetConfigs
08-24 17:42:14.046  5143  5181 D OpenCameraCallable: X: cid: 0 (dur: 0)
08-24 17:42:14.046  5143  5181 D OpenCameraCallable: Success: cid: 0 (dur: 0)
08-24 17:42:14.046  5143  5181 D CAM_CameraOpenObservable: onOpened: cid = 0, listener = 28535234
08-24 17:42:14.046  5143  5181 D CAM_Camera2OpenManager: onOpened: cid = 0
08-24 17:42:14.046  5143  5181 D CAM_CameraOpenObservable: onOpened: cid = 0, listener = 216616006
08-24 17:42:14.046  5143  5181 D CAM_Camera2OpenManager: onOpened: cid = 0
08-24 17:42:14.046  5143  5181 D CAM_Camera2OpenManager: fire: result = com.android.camera.module.loader.camera2.Camera2Result@9af2ba1, requested cid = 0
08-24 17:42:14.046  5143  5181 D CAM_Camera2OpenManager: fire: emitted
08-24 17:42:14.046  5143  5181 D OpenCameraCallable: Success: cid: 0 (dur: 1)
08-24 17:42:14.046  5143  5180 D CAM_Camera2OpenOnSubScribe: onNext: hasSurface = false, isCapture = true
08-24 17:42:14.046  5143  5180 D CAM_Camera2OpenOnSubScribe: onComplete
08-24 17:42:14.047  5143  5180 D CAM_Camera@75592859: mCameraOpenResult apply: result = 2
08-24 17:42:14.047  5143  5180 D CAM_FunctionModuleSetup: apply: module isPresent = true
08-24 17:42:14.049  5143  5143 D CAM_ModeSelectView: init mItems = [ComponentDataItem{mDisplayName='Pro'mValue='167'}, ComponentDataItem{mDisplayName='Video'mValue='162'}, ComponentDataItem{mDisplayName='Photo'mValue='163'}, ComponentDataItem{mDisplayName='Portrait'mValue='171'}, ComponentDataItem{mDisplayName='More'mValue='254'}]
08-24 17:42:14.049  5143  5143 D CAM_FragmentBottomAction: switchModeSelectViewStyle f = 5, m = 6
08-24 17:42:14.049  5143  5143 V DragLayout: addOnDragListener FragmentBottomAction{571e0dd (c6ce379c-d1d4-4ab0-a8a9-d3d584ee70f2) id=0x7f090067 241}
08-24 17:42:14.049  5143  5143 V DragLayout: addOnDragListener com.android.camera.ui.PopupMenuLayout{2f31262 V.E...... ......I. 0,0-0,0 #7f09022b app:id/popup_menu}
08-24 17:42:14.049  5143  5143 D CAM_CameraUtil: getDisplayRect:Rect(0, 208 - 1080, 1648)
08-24 17:42:14.049  5143  5143 D CAM_CameraSnapView: setClickEnable: false
08-24 17:42:14.051  5143  5143 D CAM_FragmentBottomAction: provideAnimateElement: newMode = 163, mCurrentMode = 163, animateInElements = null
08-24 17:42:14.052  5143  5143 D ForceDarkHelper: updateByCheckExcludeList: pkg: com.android.camera activity: com.android.camera.Camera@481749b
08-24 17:42:14.052  5143  5143 D ForceDarkHelper: updateByCheckExcludeList: pkg: com.android.camera activity: com.android.camera.Camera@481749b
08-24 17:42:14.052  5143  5143 E .android.camer: No package ID ff found for ID 0xffffffff.
08-24 17:42:14.052  5143  5143 I chatty  : uid=10012(com.android.camera) identical 2 lines
08-24 17:42:14.052  5143  5143 E .android.camer: No package ID ff found for ID 0xffffffff.
08-24 17:42:14.052  5143  5143 D ForceDarkHelper: updateByCheckExcludeList: pkg: com.android.camera activity: com.android.camera.Camera@481749b
08-24 17:42:14.053  5143  5143 I chatty  : uid=10012(com.android.camera) identical 7 lines
08-24 17:42:14.053  5143  5143 D ForceDarkHelper: updateByCheckExcludeList: pkg: com.android.camera activity: com.android.camera.Camera@481749b
08-24 17:42:14.053   882   882 E libc    : Access denied finding property "ro.hardware.fp.fod"
08-24 17:42:14.053   882   882 E libc    : Access denied finding property "ro.hardware.fp.sideCap"
08-24 17:42:14.053  5143  5143 D ForceDarkHelper: updateByCheckExcludeList: pkg: com.android.camera activity: com.android.camera.Camera@481749b
08-24 17:42:14.058  5143  5143 I chatty  : uid=10012(com.android.camera) identical 7 lines
08-24 17:42:14.058  5143  5143 D ForceDarkHelper: updateByCheckExcludeList: pkg: com.android.camera activity: com.android.camera.Camera@481749b
08-24 17:42:14.058 32337  6598 I GsaConfigFlagsSyncer: Flags already sync'ed.
08-24 17:42:14.058  5143  5143 D ForceDarkHelper: updateByCheckExcludeList: pkg: com.android.camera activity: com.android.camera.Camera@481749b
08-24 17:42:14.064  5143  5143 I chatty  : uid=10012(com.android.camera) identical 12 lines
08-24 17:42:14.064  5143  5143 D ForceDarkHelper: updateByCheckExcludeList: pkg: com.android.camera activity: com.android.camera.Camera@481749b
08-24 17:42:14.064  5143  5180 D CAM_BaseModule: onCreate: moduleIndex->163, cameraId->0@Camera2Module@56330720: mid = 0, cid = 0, created = false, departed = false
08-24 17:42:14.064  5143  5180 D CAM_Camera2DataContainer: getActualOpenCameraId: mode=a3, id=0->0
08-24 17:42:14.064  5143  5143 D ForceDarkHelper: updateByCheckExcludeList: pkg: com.android.camera activity: com.android.camera.Camera@481749b
08-24 17:42:14.064  5143  5180 D CAM_BaseModule: enumerating: com.android.camera2.MiCamera2@fc63ce0 - cid: 0
08-24 17:42:14.064  5143  5180 D CAM_BaseModule: setCameraDevice: com.android.camera2.MiCamera2@fc63ce0 - cid: 0
08-24 17:42:14.065  5143  5180 D CAM_BaseModule: create disposable Camera2Module@56330720: mid = 163, cid = 0, created = false, departed = false 0
08-24 17:42:14.065  5143  5143 D ForceDarkHelper: updateByCheckExcludeList: pkg: com.android.camera activity: com.android.camera.Camera@481749b
08-24 17:42:14.065  5143  5143 I chatty  : uid=10012(com.android.camera) identical 1 line
08-24 17:42:14.065  5143  5143 D ForceDarkHelper: updateByCheckExcludeList: pkg: com.android.camera activity: com.android.camera.Camera@481749b
08-24 17:42:14.065  5143  5180 D CAM_Camera2Module: getOperatingMode: operatingMode = 0x8001
08-24 17:42:14.065  5143  5143 D ForceDarkHelper: updateByCheckExcludeList: pkg: com.android.camera activity: com.android.camera.Camera@481749b
08-24 17:42:14.065  5143  5180 D CAM_BaseModule: setMinZoomRatio(): 1.0
08-24 17:42:14.065  5143  5180 D CAM_BaseModule: setMaxZoomRatio(): 8.0
08-24 17:42:14.065  5143  5180 D CAM_BaseModule: resetZoomRatio(): set zoom ratio to 1.0
08-24 17:42:14.065  5143  5180 D CAM_BaseModule: setZoomRatio(): 1.0
08-24 17:42:14.065  5143  5180 D CAM_EffectController: setAiColorCorrectionVersion: 0
08-24 17:42:14.065  5143  5143 D ForceDarkHelper: updateByCheckExcludeList: pkg: com.android.camera activity: com.android.camera.Camera@481749b
08-24 17:42:14.065  5143  5180 D CAM_FocusManager: setCharacteristics: mFocusAreaSupported = true, mAELockOnlySupported = false
08-24 17:42:14.066  5143  5180 E CAM_FocusManagerAbstract: setRenderSize: 1080 | 2246
08-24 17:42:14.066  5143  5180 D CAM_FocusManager: setPreviewSize: 1080x2246
08-24 17:42:14.066  5143  5180 D CAM_BaseModule: applyZoomRatio(): apply zoom ratio to device = 1.0
08-24 17:42:14.066  5143  5180 V CAM_MiCamera2: setZoomRatio(): 1.0
08-24 17:42:14.066  5143  5180 D CAM_CameraConfigs: zoom ratio diff: 0.0
08-24 17:42:14.066  5143  5143 D ForceDarkHelper: updateByCheckExcludeList: pkg: com.android.camera activity: com.android.camera.Camera@481749b
08-24 17:42:14.066  5143  5180 D CAM_Camera2Module: enableParallel=false enableShot2Gallery=false shotType=0
08-24 17:42:14.066  5143  5180 D CAM_MiCamera2: setShotType: algo=0
08-24 17:42:14.066  5143  5180 D CAM_MiCamera2: setShot2Gallery: isShot2Gallery=false
08-24 17:42:14.066  5143  5143 D ForceDarkHelper: updateByCheckExcludeList: pkg: com.android.camera activity: com.android.camera.Camera@481749b
08-24 17:42:14.066  5143  5143 I chatty  : uid=10012(com.android.camera) identical 1 line
08-24 17:42:14.066  5143  5143 D ForceDarkHelper: updateByCheckExcludeList: pkg: com.android.camera activity: com.android.camera.Camera@481749b
08-24 17:42:14.066  5143  5180 D CAM_CameraCapabilities: addStreamConfigurationToList: xiaomi.scaler.availableLimitStreamConfigurations: size = 168
08-24 17:42:14.066  5143  5143 D ForceDarkHelper: updateByCheckExcludeList: pkg: com.android.camera activity: com.android.camera.Camera@481749b
08-24 17:42:14.067  5143  5143 D ForceDarkHelper: updateByCheckExcludeList: pkg: com.android.camera activity: com.android.camera.Camera@481749b
08-24 17:42:14.067  5143  5180 E CAM_CameraUtil: getOptimalPreviewSize: height:3024 width: 4032 ratio:1.3333333333333333
08-24 17:42:14.067  5143  5180 E CAM_CameraUtil: getOptimalPreviewSize: height:3000 width: 4000 ratio:1.3333333333333333
08-24 17:42:14.067  5143  5180 E CAM_CameraUtil: getOptimalPreviewSize: height:2268 width: 4032 ratio:1.7777777777777777
08-24 17:42:14.067  5143  5180 E CAM_CameraUtil: getOptimalPreviewSize: height:2016 width: 4032 ratio:2.0
08-24 17:42:14.067  5143  5180 E CAM_CameraUtil: getOptimalPreviewSize: height:2160 width: 3840 ratio:1.7777777777777777
08-24 17:42:14.067  5143  5180 E CAM_CameraUtil: getOptimalPreviewSize: height:1860 width: 4032 ratio:2.167741935483871
08-24 17:42:14.067  5143  5180 E CAM_CameraUtil: getOptimalPreviewSize: height:2448 width: 3264 ratio:1.3333333333333333
08-24 17:42:14.067  5143  5180 E CAM_CameraUtil: getOptimalPreviewSize: height:2400 width: 3200 ratio:1.3333333333333333
08-24 17:42:14.067  5143  5180 E CAM_CameraUtil: getOptimalPreviewSize: height:2976 width: 2976 ratio:1.0
08-24 17:42:14.067  5143  5180 E CAM_CameraUtil: getOptimalPreviewSize: height:2156 width: 2880 ratio:1.3358070500927643
08-24 17:42:14.067  5143  5180 E CAM_CameraUtil: getOptimalPreviewSize: height:1944 width: 2592 ratio:1.3333333333333333
08-24 17:42:14.067  5143  5180 E CAM_CameraUtil: getOptimalPreviewSize: height:1512 width: 2688 ratio:1.7777777777777777
08-24 17:42:14.067  5143  5180 E CAM_CameraUtil: getOptimalPreviewSize: height:1940 width: 2592 ratio:1.336082474226804
08-24 17:42:14.067  5143  5180 E CAM_CameraUtil: getOptimalPreviewSize: height:1458 width: 2592 ratio:1.7777777777777777
08-24 17:42:14.067  5143  5180 E CAM_CameraUtil: getOptimalPreviewSize: height:1296 width: 2592 ratio:2.0
08-24 17:42:14.067  5143  5180 E CAM_CameraUtil: getOptimalPreviewSize: height:1536 width: 2048 ratio:1.3333333333333333
08-24 17:42:14.067  5143  5180 E CAM_CameraUtil: getOptimalPreviewSize: height:1440 width: 1920 ratio:1.3333333333333333
08-24 17:42:14.067  5143  5180 E CAM_CameraUtil: getOptimalPreviewSize: height:1080 width: 2340 ratio:2.1666666666666665
08-24 17:42:14.067  5143  5180 E CAM_CameraUtil: getOptimalPreviewSize: height:1080 width: 2160 ratio:2.0
08-24 17:42:14.067  5143  5180 E CAM_CameraUtil: getOptimalPreviewSize: height:1080 width: 1920 ratio:1.7777777777777777
08-24 17:42:14.067  5143  5180 E CAM_CameraUtil: getOptimalPreviewSize: height:960 width: 2080 ratio:2.1666666666666665
08-24 17:42:14.067  5143  5180 E CAM_CameraUtil: getOptimalPreviewSize: height:1200 width: 1600 ratio:1.3333333333333333
08-24 17:42:14.067  5143  5180 E CAM_CameraUtil: getOptimalPreviewSize: height:960 width: 1280 ratio:1.3333333333333333
08-24 17:42:14.067  5143  5180 E CAM_CameraUtil: getOptimalPreviewSize: height:720 width: 1560 ratio:2.1666666666666665
