08-24 17:42:18.494  2364  2364 D RecentsImpl: handleMessage: MSG_START_RECENTS_ANIAMTION mRecentsVisible = false
08-24 17:42:18.495  2364  2364 D EventBus: [2364, u0]  -> RecentsImpl [0xe19cb7a, P1] onBusEvent(FsGesturePreloadRecentsEvent)
08-24 17:42:18.496   882   882 E libc    : Access denied finding property "ro.hardware.fp.fod"
08-24 17:42:18.496   882   882 E libc    : Access denied finding property "ro.hardware.fp.sideCap"
08-24 17:42:18.500  2364  2364 D EventBus: [2364, u0] onBusEvent(FsGesturePreloadRecentsEvent) duration: 5144 microseconds, avg: 854
08-24 17:42:18.500   779  1608 E CHISKINBEAUTIER: ChiSkinBeautifierNode: beautyPrams i:0
08-24 17:42:18.501  2066  3689 I Timeline: Timeline: App_transition_ready time:3214335
08-24 17:42:18.503  2364  2364 D RecentsActivity: onStart
08-24 17:42:18.504  2364  2364 D EventBus: [2364, u0] registerSubscriber(TaskViewThumbnail)
08-24 17:42:18.504  2364  2364 D EventBus: [2364, u0] Subscriber class type already registered
08-24 17:42:18.505  2364  2364 D EventBus: [2364, u0] registerSubscriber(TaskViewThumbnail)
08-24 17:42:18.505  2364  2364 D EventBus: [2364, u0] Subscriber class type already registered
08-24 17:42:18.505  2364  2364 D EventBus: [2364, u0] registerSubscriber(TaskViewThumbnail)
08-24 17:42:18.505  2364  2364 D EventBus: [2364, u0] Subscriber class type already registered
08-24 17:42:18.505  5143  5180 W CameraMetadataJV: Expect face scores and rectangles to be non-null
08-24 17:42:18.505   779  1611 D CamX    : [DEBUG][CORE   ] camxsession.cpp:2369 ProcessRequest() pipeline[0] OpenRequest called for request id = 96
08-24 17:42:18.506  5143  5180 W CameraMetadataJV: Expect face scores and rectangles to be non-null
08-24 17:42:18.513  2364  2364 D EventBus: [2364, u0] send(RecentsVisibilityChangedEvent)
08-24 17:42:18.513  2364  2364 D EventBus: [2364, u0]  -> RecentsViewTouchHandler [0x7e3a807, P4] onBusEvent(RecentsVisibilityChangedEvent)
08-24 17:42:18.513  2364  2364 D EventBus: [2364, u0] onBusEvent(RecentsVisibilityChangedEvent) duration: 14 microseconds, avg: 853
08-24 17:42:18.513  2364  2364 D EventBus: [2364, u0]  -> TaskStackView [0x4448229, P3] onBusEvent(RecentsVisibilityChangedEvent)
08-24 17:42:18.513  2364  2364 D EventBus: [2364, u0] onBusEvent(RecentsVisibilityChangedEvent) duration: 5 microseconds, avg: 852
08-24 17:42:18.513  2364  2364 D EventBus: [2364, u0]  -> NavStubView [0x8563139, P1] onBusEvent(RecentsVisibilityChangedEvent)
08-24 17:42:18.513  2364  2364 D EventBus: [2364, u0] onBusEvent(RecentsVisibilityChangedEvent) duration: 4 microseconds, avg: 851
08-24 17:42:18.514  2364  2364 D EventBus: [2364, u0]  -> RecentsImpl [0xe19cb7a, P1] onBusEvent(RecentsVisibilityChangedEvent)
08-24 17:42:18.514  2364  2364 D EventBus: [2364, u0] onBusEvent(RecentsVisibilityChangedEvent) duration: 1 microseconds, avg: 850
08-24 17:42:18.514  2364  2364 D EventBus: [2364, u0]  -> LegacyRecentsImpl [0x1ac660b, P1] onBusEvent(RecentsVisibilityChangedEvent)
08-24 17:42:18.514  2364  2364 D EventBus: [2364, u0] onBusEvent(RecentsVisibilityChangedEvent) duration: 84 microseconds, avg: 849
08-24 17:42:18.514   882   882 E libc    : Access denied finding property "ro.hardware.fp.fod"
08-24 17:42:18.514   882   882 E libc    : Access denied finding property "ro.hardware.fp.sideCap"
08-24 17:42:18.517 28984 29113 E ServiceScheduleManager: Enter loop()!!! is sync = 
08-24 17:42:18.519  2364  2364 D RecentsActivity: getFreeMemory:2286602240
08-24 17:42:18.521  2364  2364 D NavStubView: current window mode:2 (1:home, 2:app, 3:recent-task, 4:keyguard)
08-24 17:42:18.521  2364  2364 D EventBus: [2364, u0] send(FsGestureMoveEvent)
08-24 17:42:18.521  2364  2364 D EventBus: [2364, u0]  -> RecentsActivity [0x597d7f4, P2] onBusEvent(FsGestureMoveEvent)
08-24 17:42:18.522  2364  2364 D EventBus: [2364, u0] onBusEvent(FsGestureMoveEvent) duration: 8 microseconds, avg: 848
08-24 17:42:18.528   779  1610 E cp      : TONEMAPPROF-DRC gain compensated : gamma_factor 1.812495, gain_factor 2.124951
08-24 17:42:18.530  2066  2582 I Timeline: Timeline: App_transition_ready time:3214363
08-24 17:42:18.531   882   882 E libc    : Access denied finding property "ro.hardware.fp.fod"
08-24 17:42:18.531   882   882 E libc    : Access denied finding property "ro.hardware.fp.sideCap"
08-24 17:42:18.535  2364  2364 D EventBus: [2364, u0] send(ShowStackActionButtonEvent)
08-24 17:42:18.535  2364  2364 D EventBus: [2364, u0]  -> RecentsView [0x7dbc551, P3] onBusEvent(ShowStackActionButtonEvent)
08-24 17:42:18.535  2364  2364 D EventBus: [2364, u0] onBusEvent(ShowStackActionButtonEvent) duration: 14 microseconds, avg: 847
08-24 17:42:18.536  2364  2364 D EventBus: [2364, u0] post(RecentsDrawnEvent)
08-24 17:42:18.536  2364  2364 D EventBus: [2364, u0] send(AnimFirstTaskViewAlphaEvent[mAlpha=0.0 mWithAnim=false mKeepAlphaWhenRelayout=true])
08-24 17:42:18.536  2364  2364 D EventBus: [2364, u0]  -> TaskStackView [0x4448229, P3] onBusEvent(AnimFirstTaskViewAlphaEvent)
08-24 17:42:18.536   779  1609 E CHISKINBEAUTIER: ChiSkinBeautifierNode: beautyPrams i:0
08-24 17:42:18.536  2364  2364 D EventBus: [2364, u0] onBusEvent(AnimFirstTaskViewAlphaEvent) duration: 82 microseconds, avg: 846
08-24 17:42:18.537  2364  2364 D EventBus: [2364, u0] send(StackScrollChangedEvent)
08-24 17:42:18.537  2364  2364 D EventBus: [2364, u0]  -> RecentsActivity [0x597d7f4, P2] onBusEvent(StackScrollChangedEvent)
08-24 17:42:18.537  2364  2364 D EventBus: [2364, u0] onBusEvent(StackScrollChangedEvent) duration: 12 microseconds, avg: 845
08-24 17:42:18.543   882   882 E Layer   : setupBlurSurface setupBlurSurface com.android.systemui/com.android.systemui.recents.RecentsActivity#0
08-24 17:42:18.544  2364  2364 D RecentsImpl: handleMessage: MSG_START_RECENTS_ANIAMTION mRecentsVisible = true
08-24 17:42:18.544  2364  2364 D EventBus: [2364, u0] send(FsGestureSlideInEvent)
08-24 17:42:18.544  2364  2364 D EventBus: [2364, u0]  -> RecentsActivity [0x597d7f4, P2] onBusEvent(FsGestureSlideInEvent)
08-24 17:42:18.545  2364  2364 D EventBus: [2364, u0] onBusEvent(FsGestureSlideInEvent) duration: 846 microseconds, avg: 845
08-24 17:42:18.545  2364  2364 D GestureStubView: resetRenderProperty: showGestureStub
08-24 17:42:18.546  2364  2364 D GestureStubView: showGestureStub
08-24 17:42:18.546  2364  2364 D GestureStubView: resetRenderProperty: showGestureStub
08-24 17:42:18.546  5143  5180 W CameraMetadataJV: Expect face scores and rectangles to be non-null
08-24 17:42:18.546  2364  2364 D GestureStubView: showGestureStub
08-24 17:42:18.546  2364  2364 D NavStubView: current window mode:2 (1:home, 2:app, 3:recent-task, 4:keyguard)
08-24 17:42:18.546  5143  5180 W CameraMetadataJV: Expect face scores and rectangles to be non-null
08-24 17:42:18.546  2364  2364 D EventBus: [2364, u0] send(FsGestureMoveEvent)
08-24 17:42:18.546  2364  2364 D EventBus: [2364, u0]  -> RecentsActivity [0x597d7f4, P2] onBusEvent(FsGestureMoveEvent)
08-24 17:42:18.546  2364  2364 D EventBus: [2364, u0] onBusEvent(FsGestureMoveEvent) duration: 14 microseconds, avg: 844
08-24 17:42:18.546  2364  2364 D EventBus: [2364, u0]  -> RecentsImpl [0xe19cb7a, P1] onBusEvent(RecentsDrawnEvent)
08-24 17:42:18.546  2364  2364 D EventBus: [2364, u0] onBusEvent(RecentsDrawnEvent) duration: 7 microseconds, avg: 843
08-24 17:42:18.546  2364  2364 D EventBus: [2364, u0]  -> LegacyRecentsImpl [0x1ac660b, P1] onBusEvent(RecentsDrawnEvent)
08-24 17:42:18.546  2364  2364 D EventBus: [2364, u0] onBusEvent(RecentsDrawnEvent) duration: 7 microseconds, avg: 842
08-24 17:42:18.547  2364  2364 D NavStubView: current window mode:2 (1:home, 2:app, 3:recent-task, 4:keyguard)
08-24 17:42:18.547  2364  2364 D EventBus: [2364, u0] send(FsGestureMoveEvent)
08-24 17:42:18.547  2364  2364 D EventBus: [2364, u0]  -> RecentsActivity [0x597d7f4, P2] onBusEvent(FsGestureMoveEvent)
08-24 17:42:18.547  2364  2364 D EventBus: [2364, u0] onBusEvent(FsGestureMoveEvent) duration: 10 microseconds, avg: 841
08-24 17:42:18.547  2066  2136 I Timeline: Timeline: App_transition_ready time:3214380
08-24 17:42:18.547  2066  2136 I Timeline: Timeline: Activity_windows_visible id: ActivityRecord{45ec2f0 u0 com.android.systemui/.recents.RecentsActivity t78844} time:3214381
08-24 17:42:18.548  2066  2136 I Timeline: Timeline: App_transition_stopped time:3214381
08-24 17:42:18.548   882   882 E libc    : Access denied finding property "ro.hardware.fp.fod"
08-24 17:42:18.548   882   882 E libc    : Access denied finding property "ro.hardware.fp.sideCap"
08-24 17:42:18.549   779  1608 D CamX    : [DEBUG][CORE   ] camxsession.cpp:2369 ProcessRequest() pipeline[0] OpenRequest called for request id = 97
08-24 17:42:18.561  2364  2364 D GestureStubView: gatherTransparentRegion: need render w:30  h:1347
08-24 17:42:18.562   779  1610 E cp      : TONEMAPPROF-DRC gain compensated : gamma_factor 1.815659, gain_factor 2.156590
08-24 17:42:18.567  2364  2364 D GestureStubView: gatherTransparentRegion: need render w:30  h:1347
08-24 17:42:18.569   882   882 E libc    : Access denied finding property "ro.hardware.fp.fod"
08-24 17:42:18.569   882   882 E libc    : Access denied finding property "ro.hardware.fp.sideCap"
08-24 17:42:18.570  2364  2364 D EventBus: [2364, u0] send(AppTransitionFinishedEvent)
08-24 17:42:18.570  2364  2364 D EventBus: [2364, u0]  -> ForcedResizableInfoActivityController [0x3d712f2, P1] onBusEvent(AppTransitionFinishedEvent)
08-24 17:42:18.570   779  1611 E CHISKINBEAUTIER: ChiSkinBeautifierNode: beautyPrams i:0
08-24 17:42:18.570  2364  2364 D EventBus: [2364, u0] onBusEvent(AppTransitionFinishedEvent) duration: 20 microseconds, avg: 840
08-24 17:42:18.570  2364  2364 D NavStubView: current window mode:2 (1:home, 2:app, 3:recent-task, 4:keyguard)
08-24 17:42:18.570  2364  2364 D EventBus: [2364, u0] send(FsGestureMoveEvent)
08-24 17:42:18.570  2364  2364 D EventBus: [2364, u0]  -> RecentsActivity [0x597d7f4, P2] onBusEvent(FsGestureMoveEvent)
08-24 17:42:18.570  2364  2364 D EventBus: [2364, u0] onBusEvent(FsGestureMoveEvent) duration: 36 microseconds, avg: 839
08-24 17:42:18.570  2364  2364 D EventBus: [2364, u0] send(AppTransitionFinishedEvent)
08-24 17:42:18.570  2364  2364 D EventBus: [2364, u0]  -> ForcedResizableInfoActivityController [0x3d712f2, P1] onBusEvent(AppTransitionFinishedEvent)
08-24 17:42:18.571  2364  2364 D EventBus: [2364, u0] onBusEvent(AppTransitionFinishedEvent) duration: 16 microseconds, avg: 838
08-24 17:42:18.571  2364  2364 D EventBus: [2364, u0] send(EnterRecentsWindowAnimationCompletedEvent)
08-24 17:42:18.571  2364  2364 D EventBus: [2364, u0]  -> RecentsView [0x7dbc551, P3] onBusEvent(EnterRecentsWindowAnimationCompletedEvent)
08-24 17:42:18.571  2364  2364 D EventBus: [2364, u0] onBusEvent(EnterRecentsWindowAnimationCompletedEvent) duration: 7 microseconds, avg: 837
08-24 17:42:18.571  2364  2364 D EventBus: [2364, u0]  -> TaskStackView [0x4448229, P3] onBusEvent(EnterRecentsWindowAnimationCompletedEvent)
08-24 17:42:18.571  2364  2364 D EventBus: [2364, u0] onBusEvent(EnterRecentsWindowAnimationCompletedEvent) duration: 458 microseconds, avg: 837
08-24 17:42:18.572  2364  2364 D EventBus: [2364, u0]  -> RecentsActivity [0x597d7f4, P2] onBusEvent(EnterRecentsWindowAnimationCompletedEvent)
08-24 17:42:18.572  2364  2364 D EventBus: [2364, u0] onBusEvent(EnterRecentsWindowAnimationCompletedEvent) duration: 7 microseconds, avg: 836
08-24 17:42:18.572  2364  2364 D EventBus: [2364, u0] send(EnterRecentsWindowAnimationCompletedEvent)
08-24 17:42:18.572  2364  2364 D EventBus: [2364, u0]  -> RecentsView [0x7dbc551, P3] onBusEvent(EnterRecentsWindowAnimationCompletedEvent)
08-24 17:42:18.572  2364  2364 D EventBus: [2364, u0] onBusEvent(EnterRecentsWindowAnimationCompletedEvent) duration: 9 microseconds, avg: 835
08-24 17:42:18.572  2364  2364 D EventBus: [2364, u0]  -> TaskStackView [0x4448229, P3] onBusEvent(EnterRecentsWindowAnimationCompletedEvent)
08-24 17:42:18.572  2364  2364 D EventBus: [2364, u0] onBusEvent(EnterRecentsWindowAnimationCompletedEvent) duration: 5 microseconds, avg: 834
08-24 17:42:18.572  2364  2364 D EventBus: [2364, u0]  -> RecentsActivity [0x597d7f4, P2] onBusEvent(EnterRecentsWindowAnimationCompletedEvent)
08-24 17:42:18.572  2364  2364 D EventBus: [2364, u0] onBusEvent(EnterRecentsWindowAnimationCompletedEvent) duration: 5 microseconds, avg: 833
08-24 17:42:18.582  2364  2364 D NavStubView: current window mode:2 (1:home, 2:app, 3:recent-task, 4:keyguard)
08-24 17:42:18.582  2364  2364 D EventBus: [2364, u0] send(FsGestureMoveEvent)
08-24 17:42:18.582  2364  2364 D EventBus: [2364, u0]  -> RecentsActivity [0x597d7f4, P2] onBusEvent(FsGestureMoveEvent)
08-24 17:42:18.582  2364  2364 D EventBus: [2364, u0] onBusEvent(FsGestureMoveEvent) duration: 38 microseconds, avg: 832
08-24 17:42:18.583   882   882 E libc    : Access denied finding property "ro.hardware.fp.fod"
08-24 17:42:18.583   882   882 E libc    : Access denied finding property "ro.hardware.fp.sideCap"
08-24 17:42:18.584  5143  5180 W CameraMetadataJV: Expect face scores and rectangles to be non-null
08-24 17:42:18.584  5143  5180 W CameraMetadataJV: Expect face scores and rectangles to be non-null
08-24 17:42:18.585   779  1609 E CHIUSECASE: chxfeatureasd.cpp:927 AsdMemcpy() dts size:3133440, src size:3153920, dst buffer size not equal src buffer size
08-24 17:42:18.591  2364  2364 D NavStubView: current window mode:2 (1:home, 2:app, 3:recent-task, 4:keyguard)
08-24 17:42:18.592  2364  2364 D EventBus: [2364, u0] send(FsGestureMoveEvent)
08-24 17:42:18.592  2364  2364 D EventBus: [2364, u0]  -> RecentsActivity [0x597d7f4, P2] onBusEvent(FsGestureMoveEvent)
08-24 17:42:18.592  2364  2364 D EventBus: [2364, u0] onBusEvent(FsGestureMoveEvent) duration: 47 microseconds, avg: 831
08-24 17:42:18.595   779  1611 E cp      : TONEMAPPROF-DRC gain compensated : gamma_factor 1.818870, gain_factor 2.188699
08-24 17:42:18.599  2364  2364 D NavStubView: current window mode:2 (1:home, 2:app, 3:recent-task, 4:keyguard)
08-24 17:42:18.599  2364  2364 D EventBus: [2364, u0] send(FsGestureMoveEvent)
08-24 17:42:18.600   882   882 E libc    : Access denied finding property "ro.hardware.fp.fod"
08-24 17:42:18.600  2364  2364 D EventBus: [2364, u0]  -> RecentsActivity [0x597d7f4, P2] onBusEvent(FsGestureMoveEvent)
08-24 17:42:18.600   882   882 E libc    : Access denied finding property "ro.hardware.fp.sideCap"
08-24 17:42:18.600  2364  2364 D EventBus: [2364, u0] onBusEvent(FsGestureMoveEvent) duration: 33 microseconds, avg: 830
08-24 17:42:18.613   779  1608 D CamX    : [DEBUG][CORE   ] camxsession.cpp:2369 ProcessRequest() pipeline[0] OpenRequest called for request id = 10
08-24 17:42:18.614   779  1608 E CHIARCSOFTHDRCHECKER: [MIALGO_HDR][ARCSOFT]: orientation=0
08-24 17:42:18.614   779  1608 E CHIARCSOFTHDRCHECKER: ljc [MIALGO_HDR][ARCSOFT]: exp_time for current frame 0
08-24 17:42:18.614   779  1608 E CHIARCSOFTHDRCHECKER: [MIALGO_HDR][ARCSOFT]: frameNum 10, inputNum 1
08-24 17:42:18.614   779  1608 E CHIARCSOFTHDRCHECKER: [MIALGO_HDR][ARCSOFT]: frameNum 10, i 0, format: 3
08-24 17:42:18.614   779  1610 D CamX    : [DEBUG][CORE   ] camxsession.cpp:2369 ProcessRequest() pipeline[0] OpenRequest called for request id = 98
08-24 17:42:18.615   779  1608 E CHISKINBEAUTIER: ChiSkinBeautifierNode: beautyPrams i:0
08-24 17:42:18.617  2364  2364 D NavStubView: current window mode:2 (1:home, 2:app, 3:recent-task, 4:keyguard)
08-24 17:42:18.617  2364  2364 D EventBus: [2364, u0] send(FsGestureMoveEvent)
08-24 17:42:18.617  2364  2364 D EventBus: [2364, u0]  -> RecentsActivity [0x597d7f4, P2] onBusEvent(FsGestureMoveEvent)
08-24 17:42:18.617  2364  2364 D EventBus: [2364, u0] onBusEvent(FsGestureMoveEvent) duration: 30 microseconds, avg: 829
08-24 17:42:18.618   882   882 E libc    : Access denied finding property "ro.hardware.fp.fod"
08-24 17:42:18.619   882   882 E libc    : Access denied finding property "ro.hardware.fp.sideCap"
08-24 17:42:18.620   779  1609 E CHIMIAISCENECHECKER:  orientation=0
08-24 17:42:18.620   779  1609 D MiAILab : scene_classify::doClassify Busy:0, proc:0xd9e7cc80, mProc:0xd9e7cc80, mComRelease:0, async:0
08-24 17:42:18.625  5143  5180 W CameraMetadataJV: Expect face scores and rectangles to be non-null
08-24 17:42:18.626   779  1609 D MiAILab : preprocess: resize=4.404053 yuv2bgr=0.179932 rotate=0.286865 sub&scale=0.255127(ms)
08-24 17:42:18.626  5143  5180 W CameraMetadataJV: Expect face scores and rectangles to be non-null
08-24 17:42:18.626   779  6786 I MiAILab : scene_classify::processThread process release:0, cmd.proc:0xd9e7cc80, mProc:0xd9e7cc80, mClassifier:0xdcd83248, busy:1
08-24 17:42:18.627   779  1608 D CamX    : [DEBUG][CORE   ] camxsession.cpp:2369 ProcessRequest() pipeline[0] OpenRequest called for request id = 99
08-24 17:42:18.628   779  1611 E cp      : TONEMAPPROF-DRC gain compensated : gamma_factor 1.818870, gain_factor 2.188699
08-24 17:42:18.635   779  1611 E CHISKINBEAUTIER: ChiSkinBeautifierNode: beautyPrams i:0
08-24 17:42:18.636   882   882 E libc    : Access denied finding property "ro.hardware.fp.fod"
08-24 17:42:18.636   882   882 E libc    : Access denied finding property "ro.hardware.fp.sideCap"
08-24 17:42:18.636  2364  2364 D NavStubView: current window mode:2 (1:home, 2:app, 3:recent-task, 4:keyguard)
08-24 17:42:18.637  2364  2364 D EventBus: [2364, u0] send(FsGestureMoveEvent)
08-24 17:42:18.637  2364  2364 D EventBus: [2364, u0]  -> RecentsActivity [0x597d7f4, P2] onBusEvent(FsGestureMoveEvent)
08-24 17:42:18.637  2364  2364 D EventBus: [2364, u0] onBusEvent(FsGestureMoveEvent) duration: 30 microseconds, avg: 828
08-24 17:42:18.639  2364  2378 W System  : A resource failed to call close. 
08-24 17:42:18.639  2364  2378 W System  : A resource failed to call close. 
08-24 17:42:18.647  5143  5180 W CameraMetadataJV: Expect face scores and rectangles to be non-null
08-24 17:42:18.647   779  6786 D MiAILab : forwardnet:21.224121
08-24 17:42:18.647   779  6786 I MiAILab : classify: mType:0, mLastScene:0, mSceneCounts:6
08-24 17:42:18.647  5143  5180 W CameraMetadataJV: Expect face scores and rectangles to be non-null
08-24 17:42:18.647   779  1609 I         : AIScene:ForwardAISceneNet: orientation:1, flag:=0
08-24 17:42:18.648   779  1609 D CamX    : [DEBUG][CORE   ] camxsession.cpp:2369 ProcessRequest() pipeline[0] OpenRequest called for request id = 100
08-24 17:42:18.648   779  1608 E CHIMIAIDIRTYCHECKER:  orientation=0
08-24 17:42:18.648   779  1608 D DirtyCamera: [D][a/dirty_classify.cpp(051)]:DirtyClassify::doClassify Busy:0, proc:0xd9e7cc88, mProc:0xd9e7cc88, mComRelease:0
08-24 17:42:18.649   779  6787 I DirtyCamera: [I][a/dirty_classify.cpp(179)]:DirtyClassify: processThread process release:0, cmd.proc:0xd9e7cc88, mProc:0xd9e7cc88, mClassifier:0xca0d49d8, busy:1
08-24 17:42:18.653  2364  2364 D NavStubView: current window mode:2 (1:home, 2:app, 3:recent-task, 4:keyguard)
08-24 17:42:18.653  2364  2364 D EventBus: [2364, u0] send(FsGestureMoveEvent)
08-24 17:42:18.653  2364  2364 D EventBus: [2364, u0]  -> RecentsActivity [0x597d7f4, P2] onBusEvent(FsGestureMoveEvent)
08-24 17:42:18.653  2364  2364 D EventBus: [2364, u0] onBusEvent(FsGestureMoveEvent) duration: 27 microseconds, avg: 827
08-24 17:42:18.654   882   882 E libc    : Access denied finding property "ro.hardware.fp.fod"
08-24 17:42:18.654   882   882 E libc    : Access denied finding property "ro.hardware.fp.sideCap"
08-24 17:42:18.654   779  6787 D DirtyCamera: [D][/dirtycamera_api.cpp(103)]:yuv2bgr neon cost: 4.719000
08-24 17:42:18.654   779  6787 D DirtyCamera: [D][mera/dirtycamera.cpp(070)]:Resize cost: 0.198000
08-24 17:42:18.661   779  1609 E cp      : TONEMAPPROF-DRC gain compensated : gamma_factor 1.822129, gain_factor 2.221287
08-24 17:42:18.667   779  6787 D DirtyCamera: [D][mera/dirtycamera.cpp(074)]:DirtyNet forward cost: 12.152000
08-24 17:42:18.667   882   882 E libc    : Access denied finding property "ro.hardware.fp.fod"
08-24 17:42:18.667   779  6787 D DirtyCamera: [D][mera/dirtycamera.cpp(082)]:MeanStdDev cost: 0.054000
08-24 17:42:18.667   882   882 E libc    : Access denied finding property "ro.hardware.fp.sideCap"
08-24 17:42:18.667   779  1609 E CHISKINBEAUTIER: ChiSkinBeautifierNode: beautyPrams i:0
08-24 17:42:18.667  2364  2364 D NavStubView: current window mode:2 (1:home, 2:app, 3:recent-task, 4:keyguard)
08-24 17:42:18.667  2364  2364 D EventBus: [2364, u0] send(FsGestureMoveEvent)
08-24 17:42:18.667  2364  2364 D EventBus: [2364, u0]  -> RecentsActivity [0x597d7f4, P2] onBusEvent(FsGestureMoveEvent)
08-24 17:42:18.667  2364  2364 D EventBus: [2364, u0] onBusEvent(FsGestureMoveEvent) duration: 26 microseconds, avg: 826
08-24 17:42:18.667   779  6787 I DirtyCamera: [I][a/dirty_classify.cpp(134)]:DirtyClassify: DirtyCameraTM: prob: 0.0000, mean:70.0462, std:62.6731, blur:0.0000, label:0, cost: 18
08-24 17:42:18.668   779  1608 I         : AIDirty:ForwardAIDirtyNet: orientation:1, flag:=0
08-24 17:42:18.673  5143  5180 W CameraMetadataJV: Expect face scores and rectangles to be non-null
08-24 17:42:18.673   779  1609 D CamX    : [DEBUG][CORE   ] camxsession.cpp:2369 ProcessRequest() pipeline[0] OpenRequest called for request id = 101
08-24 17:42:18.673  5143  5180 W CameraMetadataJV: Expect face scores and rectangles to be non-null
08-24 17:42:18.680  2364  2364 D NavStubView: current window mode:2 (1:home, 2:app, 3:recent-task, 4:keyguard)
08-24 17:42:18.680  2364  2364 D EventBus: [2364, u0] send(FsGestureMoveEvent)
08-24 17:42:18.680  2364  2364 D EventBus: [2364, u0]  -> RecentsActivity [0x597d7f4, P2] onBusEvent(FsGestureMoveEvent)
08-24 17:42:18.680  2364  2364 D EventBus: [2364, u0] onBusEvent(FsGestureMoveEvent) duration: 27 microseconds, avg: 825
08-24 17:42:18.682   882   882 E libc    : Access denied finding property "ro.hardware.fp.fod"
08-24 17:42:18.682   882   882 E libc    : Access denied finding property "ro.hardware.fp.sideCap"
08-24 17:42:18.694   779  1611 E cp      : TONEMAPPROF-DRC gain compensated : gamma_factor 1.822129, gain_factor 2.221287
08-24 17:42:18.697  2364  2364 D NavStubView: current window mode:2 (1:home, 2:app, 3:recent-task, 4:keyguard)
08-24 17:42:18.697  2364  2364 D EventBus: [2364, u0] send(FsGestureMoveEvent)
08-24 17:42:18.697  2364  2364 D EventBus: [2364, u0]  -> RecentsActivity [0x597d7f4, P2] onBusEvent(FsGestureMoveEvent)
08-24 17:42:18.697  2364  2364 D EventBus: [2364, u0] onBusEvent(FsGestureMoveEvent) duration: 25 microseconds, avg: 824
08-24 17:42:18.699   882   882 E libc    : Access denied finding property "ro.hardware.fp.fod"
08-24 17:42:18.699   882   882 E libc    : Access denied finding property "ro.hardware.fp.sideCap"
08-24 17:42:18.700   779  1611 E CHISKINBEAUTIER: ChiSkinBeautifierNode: beautyPrams i:0
08-24 17:42:18.705  5143  5180 W CameraMetadataJV: Expect face scores and rectangles to be non-null
08-24 17:42:18.705   779  1609 D CamX    : [DEBUG][CORE   ] camxsession.cpp:2369 ProcessRequest() pipeline[0] OpenRequest called for request id = 102
08-24 17:42:18.705  5143  5180 W CameraMetadataJV: Expect face scores and rectangles to be non-null
08-24 17:42:18.713  2364  2364 D NavStubView: current window mode:2 (1:home, 2:app, 3:recent-task, 4:keyguard)
08-24 17:42:18.713  2364  2364 D EventBus: [2364, u0] send(FsGestureMoveEvent)
08-24 17:42:18.713  2364  2364 D EventBus: [2364, u0]  -> RecentsActivity [0x597d7f4, P2] onBusEvent(FsGestureMoveEvent)
08-24 17:42:18.713  2364  2364 D EventBus: [2364, u0] onBusEvent(FsGestureMoveEvent) duration: 25 microseconds, avg: 823
08-24 17:42:18.716   882   882 E libc    : Access denied finding property "ro.hardware.fp.fod"
08-24 17:42:18.716   882   882 E libc    : Access denied finding property "ro.hardware.fp.sideCap"
08-24 17:42:18.727   779  1609 E cp      : TONEMAPPROF-DRC gain compensated : gamma_factor 1.822129, gain_factor 2.221287
08-24 17:42:18.731  2364  2364 D NavStubView: current window mode:2 (1:home, 2:app, 3:recent-task, 4:keyguard)
08-24 17:42:18.731  2364  2364 D EventBus: [2364, u0] send(FsGestureMoveEvent)
08-24 17:42:18.731  2364  2364 D EventBus: [2364, u0]  -> RecentsActivity [0x597d7f4, P2] onBusEvent(FsGestureMoveEvent)
08-24 17:42:18.731  2364  2364 D EventBus: [2364, u0] onBusEvent(FsGestureMoveEvent) duration: 29 microseconds, avg: 822
08-24 17:42:18.732   882   882 E libc    : Access denied finding property "ro.hardware.fp.fod"
08-24 17:42:18.732   882   882 E libc    : Access denied finding property "ro.hardware.fp.sideCap"
08-24 17:42:18.733   779  1608 E CHISKINBEAUTIER: ChiSkinBeautifierNode: beautyPrams i:0
08-24 17:42:18.739  5143  5181 D CAM_MiCamera2: processAfResult: afState changed from 0 to 2
08-24 17:42:18.739  5143  5180 W CameraMetadataJV: Expect face scores and rectangles to be non-null
08-24 17:42:18.739  5143  5180 W CameraMetadataJV: Expect face scores and rectangles to be non-null
08-24 17:42:18.739   779  1609 D CamX    : [DEBUG][CORE   ] camxsession.cpp:2369 ProcessRequest() pipeline[0] OpenRequest called for request id = 103
08-24 17:42:18.747  2364  2364 D NavStubView: current window mode:2 (1:home, 2:app, 3:recent-task, 4:keyguard)
08-24 17:42:18.747  2364  2364 D EventBus: [2364, u0] send(FsGestureMoveEvent)
08-24 17:42:18.747  2364  2364 D EventBus: [2364, u0]  -> RecentsActivity [0x597d7f4, P2] onBusEvent(FsGestureMoveEvent)
08-24 17:42:18.747  2364  2364 D EventBus: [2364, u0] onBusEvent(FsGestureMoveEvent) duration: 23 microseconds, avg: 821
08-24 17:42:18.749   882   882 E libc    : Access denied finding property "ro.hardware.fp.fod"
08-24 17:42:18.749   882   882 E libc    : Access denied finding property "ro.hardware.fp.sideCap"
08-24 17:42:18.760  2364  2364 D EventBus: [2364, u0] send(EnterRecentsTaskStackAnimationCompletedEvent)
08-24 17:42:18.761   779  1610 E cp      : TONEMAPPROF-DRC gain compensated : gamma_factor 1.822129, gain_factor 2.221287
08-24 17:42:18.761  2364  2364 D NavStubView: current window mode:2 (1:home, 2:app, 3:recent-task, 4:keyguard)
08-24 17:42:18.761  2364  2364 D EventBus: [2364, u0] send(FsGestureMoveEvent)
08-24 17:42:18.761  2364  2364 D EventBus: [2364, u0]  -> RecentsActivity [0x597d7f4, P2] onBusEvent(FsGestureMoveEvent)
08-24 17:42:18.761  2364  2364 D EventBus: [2364, u0] onBusEvent(FsGestureMoveEvent) duration: 31 microseconds, avg: 820
08-24 17:42:18.767   779  1609 E CHISKINBEAUTIER: ChiSkinBeautifierNode: beautyPrams i:0
08-24 17:42:18.767   882   882 E libc    : Access denied finding property "ro.hardware.fp.fod"
08-24 17:42:18.767   882   882 E libc    : Access denied finding property "ro.hardware.fp.sideCap"
08-24 17:42:18.772   779  1609 D CamX    : [DEBUG][CORE   ] camxsession.cpp:2369 ProcessRequest() pipeline[0] OpenRequest called for request id = 104
08-24 17:42:18.772  5143  5180 W CameraMetadataJV: Expect face scores and rectangles to be non-null
08-24 17:42:18.773  5143  5180 W CameraMetadataJV: Expect face scores and rectangles to be non-null
08-24 17:42:18.778  2364  2364 D NavStubView: current window mode:2 (1:home, 2:app, 3:recent-task, 4:keyguard)
08-24 17:42:18.778  2364  2364 D EventBus: [2364, u0] send(FsGestureMoveEvent)
08-24 17:42:18.778  2364  2364 D EventBus: [2364, u0]  -> RecentsActivity [0x597d7f4, P2] onBusEvent(FsGestureMoveEvent)
08-24 17:42:18.778  2364  2364 D EventBus: [2364, u0] onBusEvent(FsGestureMoveEvent) duration: 49 microseconds, avg: 819
08-24 17:42:18.782   882   882 E libc    : Access denied finding property "ro.hardware.fp.fod"
08-24 17:42:18.782   882   882 E libc    : Access denied finding property "ro.hardware.fp.sideCap"
08-24 17:42:18.795  2364  2364 D NavStubView: current window mode:2 (1:home, 2:app, 3:recent-task, 4:keyguard)
08-24 17:42:18.795  2364  2364 D EventBus: [2364, u0] send(FsGestureMoveEvent)
08-24 17:42:18.795  2364  2364 D EventBus: [2364, u0]  -> RecentsActivity [0x597d7f4, P2] onBusEvent(FsGestureMoveEvent)
08-24 17:42:18.795  2364  2364 D EventBus: [2364, u0] onBusEvent(FsGestureMoveEvent) duration: 26 microseconds, avg: 818
08-24 17:42:18.796   779  1608 E cp      : TONEMAPPROF-DRC gain compensated : gamma_factor 1.822129, gain_factor 2.221287
08-24 17:42:18.791   882   882 W surfaceflinger: type=1400 audit(0.0:49628): avc: denied { read } for name="u:object_r:vendor_fp_prop:s0" dev="tmpfs" ino=22761 scontext=u:r:surfaceflinger:s0 tcontext=u:object_r:vendor_fp_prop:s0 tclass=file permissive=0
08-24 17:42:18.797   882   882 E libc    : Access denied finding property "ro.hardware.fp.fod"
08-24 17:42:18.797   882   882 E libc    : Access denied finding property "ro.hardware.fp.sideCap"
08-24 17:42:18.791   882   882 W surfaceflinger: type=1400 audit(0.0:49629): avc: denied { read } for name="u:object_r:vendor_fp_prop:s0" dev="tmpfs" ino=22761 scontext=u:r:surfaceflinger:s0 tcontext=u:object_r:vendor_fp_prop:s0 tclass=file permissive=0
08-24 17:42:18.802   779  1610 E CHISKINBEAUTIER: ChiSkinBeautifierNode: beautyPrams i:0
08-24 17:42:18.806  5143  5180 W CameraMetadataJV: Expect face scores and rectangles to be non-null
08-24 17:42:18.807  5143  5180 W CameraMetadataJV: Expect face scores and rectangles to be non-null
08-24 17:42:18.807   779  1611 D CamX    : [DEBUG][CORE   ] camxsession.cpp:2369 ProcessRequest() pipeline[0] OpenRequest called for request id = 105
08-24 17:42:18.811  2364  2364 D NavStubView: current window mode:2 (1:home, 2:app, 3:recent-task, 4:keyguard)
08-24 17:42:18.811  2364  2364 D EventBus: [2364, u0] send(FsGestureMoveEvent)
08-24 17:42:18.812  2364  2364 D EventBus: [2364, u0]  -> RecentsActivity [0x597d7f4, P2] onBusEvent(FsGestureMoveEvent)
08-24 17:42:18.812  2364  2364 D EventBus: [2364, u0] onBusEvent(FsGestureMoveEvent) duration: 46 microseconds, avg: 817
08-24 17:42:18.813   882   882 E libc    : Access denied finding property "ro.hardware.fp.fod"
08-24 17:42:18.801   882   882 W surfaceflinger: type=1400 audit(0.0:49630): avc: denied { read } for name="u:object_r:vendor_fp_prop:s0" dev="tmpfs" ino=22761 scontext=u:r:surfaceflinger:s0 tcontext=u:object_r:vendor_fp_prop:s0 tclass=file permissive=0
08-24 17:42:18.813   882   882 E libc    : Access denied finding property "ro.hardware.fp.sideCap"
08-24 17:42:18.801   882   882 W surfaceflinger: type=1400 audit(0.0:49631): avc: denied { read } for name="u:object_r:vendor_fp_prop:s0" dev="tmpfs" ino=22761 scontext=u:r:surfaceflinger:s0 tcontext=u:object_r:vendor_fp_prop:s0 tclass=file permissive=0
08-24 17:42:18.823  2364  2364 D GestureStubView: resetRenderProperty: setSize
08-24 17:42:18.823  2364  2364 D GestureStubView: resetRenderProperty: setSize
08-24 17:42:18.827   779  1610 E cp      : TONEMAPPROF-DRC gain compensated : gamma_factor 1.822129, gain_factor 2.221287
08-24 17:42:18.830   882   882 E libc    : Access denied finding property "ro.hardware.fp.fod"
08-24 17:42:18.830   882   882 E libc    : Access denied finding property "ro.hardware.fp.sideCap"
08-24 17:42:18.821   882   882 W surfaceflinger: type=1400 audit(0.0:49632): avc: denied { read } for name="u:object_r:vendor_fp_prop:s0" dev="tmpfs" ino=22761 scontext=u:r:surfaceflinger:s0 tcontext=u:object_r:vendor_fp_prop:s0 tclass=file permissive=0
08-24 17:42:18.831  2364  2364 D GestureStubView: gatherTransparentRegion: need render w:54  h:1347
08-24 17:42:18.833   779  1610 E CHISKINBEAUTIER: ChiSkinBeautifierNode: beautyPrams i:0
08-24 17:42:18.838   779  1611 D CamX    : [DEBUG][CORE   ] camxsession.cpp:2369 ProcessRequest() pipeline[0] OpenRequest called for request id = 106
08-24 17:42:18.839  5143  5180 W CameraMetadataJV: Expect face scores and rectangles to be non-null
08-24 17:42:18.839  5143  5180 W CameraMetadataJV: Expect face scores and rectangles to be non-null
08-24 17:42:18.843  2364  2364 D GestureStubView: gatherTransparentRegion: need render w:54  h:1347
08-24 17:42:18.848  2364  2364 D NavStubView: current window mode:2 (1:home, 2:app, 3:recent-task, 4:keyguard)
08-24 17:42:18.848  2364  2364 D EventBus: [2364, u0] send(FsGestureMoveEvent)
08-24 17:42:18.848  2364  2364 D EventBus: [2364, u0]  -> RecentsActivity [0x597d7f4, P2] onBusEvent(FsGestureMoveEvent)
08-24 17:42:18.848  2364  2364 D EventBus: [2364, u0] onBusEvent(FsGestureMoveEvent) duration: 24 microseconds, avg: 817
08-24 17:42:18.849  2364  2364 D GestureStubView: gatherTransparentRegion: need render w:54  h:1347
08-24 17:42:18.849   882   882 E libc    : Access denied finding property "ro.hardware.fp.fod"
08-24 17:42:18.849   882   882 E libc    : Access denied finding property "ro.hardware.fp.sideCap"
08-24 17:42:18.852  2364  2364 D NavStubView: current window mode:2 (1:home, 2:app, 3:recent-task, 4:keyguard)
08-24 17:42:18.852  2364  2364 D EventBus: [2364, u0] send(FsGestureMoveEvent)
08-24 17:42:18.852  2364  2364 D EventBus: [2364, u0]  -> RecentsActivity [0x597d7f4, P2] onBusEvent(FsGestureMoveEvent)
08-24 17:42:18.852  2364  2364 D EventBus: [2364, u0] onBusEvent(FsGestureMoveEvent) duration: 42 microseconds, avg: 816
08-24 17:42:18.861  2364  2364 D GestureStubView: gatherTransparentRegion: need render w:54  h:1347
08-24 17:42:18.861   779  1609 E cp      : TONEMAPPROF-DRC gain compensated : gamma_factor 1.822129, gain_factor 2.221287
08-24 17:42:18.862  2364  2364 D NavStubView: current window mode:2 (1:home, 2:app, 3:recent-task, 4:keyguard)
08-24 17:42:18.862  2364  2364 D EventBus: [2364, u0] send(FsGestureMoveEvent)
08-24 17:42:18.862  2364  2364 D EventBus: [2364, u0]  -> RecentsActivity [0x597d7f4, P2] onBusEvent(FsGestureMoveEvent)
08-24 17:42:18.862  2364  2364 D EventBus: [2364, u0] onBusEvent(FsGestureMoveEvent) duration: 32 microseconds, avg: 815
08-24 17:42:18.864   882   882 E libc    : Access denied finding property "ro.hardware.fp.fod"
08-24 17:42:18.864   882   882 E libc    : Access denied finding property "ro.hardware.fp.sideCap"
08-24 17:42:18.867   779  1611 E CHISKINBEAUTIER: ChiSkinBeautifierNode: beautyPrams i:0
08-24 17:42:18.872  5143  5180 W CameraMetadataJV: Expect face scores and rectangles to be non-null
08-24 17:42:18.872   779  1610 D CamX    : [DEBUG][CORE   ] camxsession.cpp:2369 ProcessRequest() pipeline[0] OpenRequest called for request id = 107
08-24 17:42:18.872  5143  5180 W CameraMetadataJV: Expect face scores and rectangles to be non-null
08-24 17:42:18.878  2364  2364 D NavStubView: current window mode:2 (1:home, 2:app, 3:recent-task, 4:keyguard)
08-24 17:42:18.878  2364  2364 D EventBus: [2364, u0] send(FsGestureMoveEvent)
08-24 17:42:18.878  2364  2364 D EventBus: [2364, u0]  -> RecentsActivity [0x597d7f4, P2] onBusEvent(FsGestureMoveEvent)
08-24 17:42:18.879  2364  2364 D EventBus: [2364, u0] onBusEvent(FsGestureMoveEvent) duration: 25 microseconds, avg: 814
08-24 17:42:18.880   882   882 E libc    : Access denied finding property "ro.hardware.fp.fod"
08-24 17:42:18.880   882   882 E libc    : Access denied finding property "ro.hardware.fp.sideCap"
08-24 17:42:18.895  2364  2364 D NavStubView: current window mode:2 (1:home, 2:app, 3:recent-task, 4:keyguard)
08-24 17:42:18.895   779  1611 E cp      : TONEMAPPROF-DRC gain compensated : gamma_factor 1.825436, gain_factor 2.254360
08-24 17:42:18.895  2364  2364 D EventBus: [2364, u0] send(FsGestureMoveEvent)
08-24 17:42:18.895  2364  2364 D EventBus: [2364, u0]  -> RecentsActivity [0x597d7f4, P2] onBusEvent(FsGestureMoveEvent)
08-24 17:42:18.895  2364  2364 D EventBus: [2364, u0] onBusEvent(FsGestureMoveEvent) duration: 51 microseconds, avg: 813
08-24 17:42:18.898   882   882 E libc    : Access denied finding property "ro.hardware.fp.fod"
08-24 17:42:18.898   882   882 E libc    : Access denied finding property "ro.hardware.fp.sideCap"
08-24 17:42:18.900   779  1611 E CHISKINBEAUTIER: ChiSkinBeautifierNode: beautyPrams i:0
08-24 17:42:18.905   779  1610 E CHIUSECASE: chxfeatureasd.cpp:927 AsdMemcpy() dts size:3133440, src size:3153920, dst buffer size not equal src buffer size
08-24 17:42:18.906  5143  5180 W CameraMetadataJV: Expect face scores and rectangles to be non-null
08-24 17:42:18.906  5143  5180 W CameraMetadataJV: Expect face scores and rectangles to be non-null
08-24 17:42:18.912  2364  2364 D NavStubView: current window mode:2 (1:home, 2:app, 3:recent-task, 4:keyguard)
08-24 17:42:18.912  2364  2364 D EventBus: [2364, u0] send(FsGestureMoveEvent)
08-24 17:42:18.912  2364  2364 D EventBus: [2364, u0]  -> RecentsActivity [0x597d7f4, P2] onBusEvent(FsGestureMoveEvent)
08-24 17:42:18.912  2364  2364 D EventBus: [2364, u0] onBusEvent(FsGestureMoveEvent) duration: 49 microseconds, avg: 812
08-24 17:42:18.914   882   882 E libc    : Access denied finding property "ro.hardware.fp.fod"
08-24 17:42:18.914   882   882 E libc    : Access denied finding property "ro.hardware.fp.sideCap"
08-24 17:42:18.918  2364  2364 D NavStubView: current window mode:2 (1:home, 2:app, 3:recent-task, 4:keyguard)
08-24 17:42:18.919  2364  2364 D EventBus: [2364, u0] send(FsGestureMoveEvent)
08-24 17:42:18.919  2364  2364 D EventBus: [2364, u0]  -> RecentsActivity [0x597d7f4, P2] onBusEvent(FsGestureMoveEvent)
08-24 17:42:18.919  2364  2364 D EventBus: [2364, u0] onBusEvent(FsGestureMoveEvent) duration: 21 microseconds, avg: 811
08-24 17:42:18.919  2364  2364 D NavStubView: current window mode:2 (1:home, 2:app, 3:recent-task, 4:keyguard)
08-24 17:42:18.919  2364  2364 D NavStubView: ===>>>finalization executed from: appTouchResolution2
08-24 17:42:18.919  2066  2323 W MiuiGesture: mHomeWindow is null
08-24 17:42:18.919  2364  2364 D NavStubView: current state mode: StateMode.STATE_INIT
08-24 17:42:18.919  2066  2323 W MiuiGesture: HOME:onCreateAnimation, curRect=Rect(190, 184 - 1032, 1935)
08-24 17:42:18.919  2066  2323 I MiuiGesture: status: follow -> Sliding
08-24 17:42:18.919  2066  2323 I MiuiGesture:  start HOME animation
08-24 17:42:18.919  2066  2323 I MiuiGesture: PointerEventEnd:0,0/76,0,0.0,(550.0,2245.0),(695.0,1693.0)
08-24 17:42:18.920   779  1611 D CamX    : [DEBUG][CORE   ] camxsession.cpp:2369 ProcessRequest() pipeline[0] OpenRequest called for request id = 11
08-24 17:42:18.921   779  1608 D CamX    : [DEBUG][CORE   ] camxsession.cpp:2369 ProcessRequest() pipeline[0] OpenRequest called for request id = 108
08-24 17:42:18.922   779  1611 E CHIARCSOFTHDRCHECKER: [MIALGO_HDR][ARCSOFT]: orientation=0
08-24 17:42:18.922   779  1611 E CHIARCSOFTHDRCHECKER: ljc [MIALGO_HDR][ARCSOFT]: exp_time for current frame 0
08-24 17:42:18.922   779  1611 E CHIARCSOFTHDRCHECKER: [MIALGO_HDR][ARCSOFT]: frameNum 11, inputNum 1
08-24 17:42:18.922   779  1611 E CHIARCSOFTHDRCHECKER: [MIALGO_HDR][ARCSOFT]: frameNum 11, i 0, format: 3
08-24 17:42:18.923   779  1609 E CHIMIAISCENECHECKER:  orientation=0
08-24 17:42:18.923   779  1609 I         : AIScene:ForwardAISceneNet: orientation:1, flag:=0
08-24 17:42:18.924   779  1609 E CHIMIAIDIRTYCHECKER:  orientation=0
08-24 17:42:18.924   779  1609 D DirtyCamera: [D][a/dirty_classify.cpp(051)]:DirtyClassify::doClassify Busy:0, proc:0xd9e7cc88, mProc:0xd9e7cc88, mComRelease:0
08-24 17:42:18.924  2066  2135 W XSpaceManagerService: checkXSpaceControl, from:android, to:com.mi.android.globallauncher, with act:android.intent.action.MAIN, callingUserId:0, toUserId:0
08-24 17:42:18.924   779  6787 I DirtyCamera: [I][a/dirty_classify.cpp(179)]:DirtyClassify: processThread process release:0, cmd.proc:0xd9e7cc88, mProc:0xd9e7cc88, mClassifier:0xca0d49d8, busy:1
08-24 17:42:18.926  2066  2135 I ActivityTaskManager: START u0 {act=android.intent.action.MAIN cat=[android.intent.category.HOME] flg=0x10010000 cmp=com.mi.android.globallauncher/com.miui.home.launcher.Launcher} from uid 1000
08-24 17:42:18.926  2066  2135 D MiuiMultiWindowAdapter: MiuiMultiWindowAdapter::getFreeformBlackList::sSmallWindowBlackList = [com.miui.securitycenter, com.miui.weather2, com.miui.miservice, com.android.calendar, com.xiaomi.calendar, com.android.contacts, com.miui.mishare.connectivity, com.android.settings, com.android.printspooler, com.miui.backup, com.miui.huanji, com.miui.calculator, com.android.deskclock, com.android.thememanager, com.mfashiongallery.emag, com.miui.virtualsim, com.miui.smarttravel, com.mi.health, com.android.camera, com.lbe.security.miui, com.miui.cleanmaster, com.miui.newhome, com.miui.voiceassist, com.android.phone, com.miui.yellowpage, com.android.updater, com.miui.tsmclient, com.miui.securitycore, com.xiaomi.account, com.xiaomi.shop, com.xiaomi.smarthome, com.mipay.wallet, com.xiaomi.youpin, com.xiaomi.hm.health, com.miui.bugreport, com.xiaomi.mibrain.speech, com.xiaomi.mimoji, com.xiaomi.scanner, com.duokan.phone.remotecontroller, com.miui.hybrid, com.android.incallui, com.miui.video, com.miui.videoplayer, com.miui.player, com.miui.fm, com.miui.packageinstaller, com.mi.android.globallauncher, com.mi.android.globallauncher-poco, com.google.android.dialer, com.google.android.apps.magazines, com.miui.compass, com.miui.greenguard, com.kiteguard, com.google.android.apps.prodcasts, com.google.ar.lens, com.xiangkan.android, com.android.bankabc, com.sohu.inputmethod.sogou, com.tencent.mtt, com.shyz.toutiao, com.netease.mc.mi, com.outfit7.talkingtomgoldrun.mi, com.doudz.mi, com.wepie.snake.new.mi, cn.jj, com.standddz002.mi, com.miHoYo.bh3.mi, com.qqgame.hlddz, com.happyelements.AndroidAnimal, com.minitech.miniworld.TMobile.mi, com.mfp.jelly.xiaomi, com.lilithgames.afk.mi, com.tencent.peng, com.teenpatti.hd.gold, blockpuzzle.jewelgames.jewelslegend, com.playgendary.tanks, com.chillingo.robberybobfree.android.row, com.episodeinteractive.android.catalog, com.playrix.township, com.ansangha.drdriving, com.google.android.youtube, com.gbits.atm.mi, com.tencent.tetris, com.sukhavati.gotoplaying.bubble.BubbleShooter.mint, com.block.puzzle.game.hippo.mi, com.youzu.bs.mi, com.appsomniacs.da2]
08-24 17:42:18.928   779  1608 E cp      : TONEMAPPROF-DRC gain compensated : gamma_factor 1.828793, gain_factor 2.287926
08-24 17:42:18.929   779  6787 D DirtyCamera: [D][/dirtycamera_api.cpp(103)]:yuv2bgr neon cost: 5.065000
08-24 17:42:18.930   779  6787 D DirtyCamera: [D][mera/dirtycamera.cpp(070)]:Resize cost: 0.331000
08-24 17:42:18.931  2066  2135 D ActivityTrigger: ActivityTrigger activityPauseTrigger 
08-24 17:42:18.932   882   882 E libc    : Access denied finding property "ro.hardware.fp.fod"
08-24 17:42:18.932   882   882 E libc    : Access denied finding property "ro.hardware.fp.sideCap"
08-24 17:42:18.934   779  1610 E CHISKINBEAUTIER: ChiSkinBeautifierNode: beautyPrams i:0
08-24 17:42:18.935  2066  2135 D CompatibilityInfo: mCompatibilityFlags - 0
08-24 17:42:18.935  2066  2135 D CompatibilityInfo: applicationDensity - 440
08-24 17:42:18.935  2066  2135 D CompatibilityInfo: applicationScale - 1.0
08-24 17:42:18.936  9149  9171 I GST     : forePkg: com.mi.android.globallauncher, preForePkg: com.android.camera
08-24 17:42:18.936  4094  4591 I ProcessMonitor: onForegroundInfoChanged: ForegroundInfo{mForegroundPackageName='com.mi.android.globallauncher', mForegroundUid=10053, mForegroundPid=2839, mLastForegroundPackageName='com.android.camera', mLastForegroundUid=10012, mLastForegroundPid=5143, mMultiWindowForegroundPackageName='null', mMultiWindowForegroundUid=-1, mFlags=0}
08-24 17:42:18.936  4094  4591 I GameBoosterService: onForegroundInfoChanged: Cur=com.mi.android.globallauncher	 last=com.android.camera
08-24 17:42:18.937  3344  3373 I octvm_power: power mode [normal] start 1629807138
08-24 17:42:18.938  3344  3373 I octvm_power: Action: set_lcd_mode(default) for [foreground_change]
08-24 17:42:18.938  4094  4591 D GameBoosterService: onGameStatusChange foreground:ForegroundInfo{mForegroundPackageName='com.mi.android.globallauncher', mForegroundUid=10053, mForegroundPid=2839, mLastForegroundPackageName='com.android.camera', mLastForegroundUid=10012, mLastForegroundPid=5143, mMultiWindowForegroundPackageName='null', mMultiWindowForegroundUid=-1, mFlags=0}
08-24 17:42:18.938  3344  3373 I octvm_drv: common drv: platform_set_lcd_mode -> platform not support
08-24 17:42:18.938  3344  3373 I octvm_power: Action: set_thermal_config(restore) for [foreground_change]
08-24 17:42:18.938  4094  4591 I GameBoosterService: onForegroundInfoChanged: Exit
08-24 17:42:18.938  3344  3373 I octvm_drv: platform_set_thermal_mode cur_global_config:[0], target mode:[restore], profile=0, ret=0
08-24 17:42:18.938  3344  3373 I octvm_power: onPowerModeChanged[normal] called
08-24 17:42:18.938  1284  1512 E ThermalEngine: restore_boost_switch: timeout restore .
08-24 17:42:18.942   779  6787 D DirtyCamera: [D][mera/dirtycamera.cpp(074)]:DirtyNet forward cost: 12.010000
08-24 17:42:18.942   779  6787 D DirtyCamera: [D][mera/dirtycamera.cpp(082)]:MeanStdDev cost: 0.047000
08-24 17:42:18.943   779  6787 I DirtyCamera: [I][a/dirty_classify.cpp(134)]:DirtyClassify: DirtyCameraTM: prob: 0.0000, mean:68.7477, std:61.8979, blur:0.0000, label:0, cost: 19
08-24 17:42:18.943   779  1609 I         : AIDirty:ForwardAIDirtyNet: orientation:1, flag:=0
08-24 17:42:18.944  5143  5180 W CameraMetadataJV: Expect face scores and rectangles to be non-null
08-24 17:42:18.944  5143  5180 W CameraMetadataJV: Expect face scores and rectangles to be non-null
08-24 17:42:18.945   779  1610 D CamX    : [DEBUG][CORE   ] camxsession.cpp:2369 ProcessRequest() pipeline[0] OpenRequest called for request id = 109
08-24 17:42:18.948  1284  1512 I ThermalEngine: Loading configuration file /data/vendor/thermal/decrypt.txt
08-24 17:42:18.948  4094  4591 I VideoBoxUtils: isSupportVideoBox: false
08-24 17:42:18.948  1284  1512 I ThermalEngine: Parsing section global
08-24 17:42:18.948  1284  1512 I ThermalEngine: Created section 'SS-CPU4-SP0'
08-24 17:42:18.948  1284  1512 I ThermalEngine: Algo Type 'ss'
08-24 17:42:18.948  1284  1512 I ThermalEngine: Parsing section SS-CPU4-SP0
08-24 17:42:18.948  1284  1512 I ThermalEngine: Found field 'sampling'
08-24 17:42:18.948  1284  1512 I ThermalEngine: Found field 'sensor'
08-24 17:42:18.948  1284  1512 I ThermalEngine: Found field 'device'
08-24 17:42:18.948  1284  1512 I ThermalEngine: Found field 'set_point'
08-24 17:42:18.948  1284  1512 I ThermalEngine: Found field 'set_point_clr'
08-24 17:42:18.948  1284  1512 I ThermalEngine: Found field 'time_constant'
08-24 17:42:18.948  1284  1512 I ThermalEngine: Found field 'device_perf_floor'
08-24 17:42:1